Archive member included because of file (symbol)

c:/program files/gnu tools arm embedded/4.7 2013q3/bin/../lib/gcc/arm-none-eabi/4.7.4/armv6-m\libgcc.a(_udivsi3.o)
                              ..\obj\stm32f0xx_rcc.o (__aeabi_uidiv)
c:/program files/gnu tools arm embedded/4.7 2013q3/bin/../lib/gcc/arm-none-eabi/4.7.4/armv6-m\libgcc.a(_dvmd_tls.o)
                              c:/program files/gnu tools arm embedded/4.7 2013q3/bin/../lib/gcc/arm-none-eabi/4.7.4/armv6-m\libgcc.a(_udivsi3.o) (__aeabi_idiv0)

Allocating common symbols
Common symbol       size              file

lan                 0x4               ..\obj\main.o

Discarded input sections

 .text          0x00000000        0x0 ..\obj\stm32f0xx_rcc.o
 .bss           0x00000000        0x0 ..\obj\stm32f0xx_rcc.o
 .text.RCC_DeInit
                0x00000000       0x88 ..\obj\stm32f0xx_rcc.o
 .text.RCC_HSEConfig
                0x00000000       0x24 ..\obj\stm32f0xx_rcc.o
 .text.RCC_WaitForHSEStartUp
                0x00000000       0x60 ..\obj\stm32f0xx_rcc.o
 .text.RCC_AdjustHSICalibrationValue
                0x00000000       0x3c ..\obj\stm32f0xx_rcc.o
 .text.RCC_HSICmd
                0x00000000       0x38 ..\obj\stm32f0xx_rcc.o
 .text.RCC_AdjustHSI14CalibrationValue
                0x00000000       0x3c ..\obj\stm32f0xx_rcc.o
 .text.RCC_HSI14Cmd
                0x00000000       0x38 ..\obj\stm32f0xx_rcc.o
 .text.RCC_HSI14ADCRequestCmd
                0x00000000       0x38 ..\obj\stm32f0xx_rcc.o
 .text.RCC_LSEConfig
                0x00000000       0x38 ..\obj\stm32f0xx_rcc.o
 .text.RCC_LSEDriveConfig
                0x00000000       0x2c ..\obj\stm32f0xx_rcc.o
 .text.RCC_LSICmd
                0x00000000       0x38 ..\obj\stm32f0xx_rcc.o
 .text.RCC_PLLConfig
                0x00000000       0x34 ..\obj\stm32f0xx_rcc.o
 .text.RCC_PLLCmd
                0x00000000       0x40 ..\obj\stm32f0xx_rcc.o
 .text.RCC_PREDIV1Config
                0x00000000       0x34 ..\obj\stm32f0xx_rcc.o
 .text.RCC_ClockSecuritySystemCmd
                0x00000000       0x40 ..\obj\stm32f0xx_rcc.o
 .text.RCC_MCOConfig
                0x00000000       0x20 ..\obj\stm32f0xx_rcc.o
 .text.RCC_SYSCLKConfig
                0x00000000       0x34 ..\obj\stm32f0xx_rcc.o
 .text.RCC_GetSYSCLKSource
                0x00000000       0x1c ..\obj\stm32f0xx_rcc.o
 .text.RCC_HCLKConfig
                0x00000000       0x34 ..\obj\stm32f0xx_rcc.o
 .text.RCC_PCLKConfig
                0x00000000       0x38 ..\obj\stm32f0xx_rcc.o
 .text.RCC_ADCCLKConfig
                0x00000000       0x50 ..\obj\stm32f0xx_rcc.o
 .text.RCC_CECCLKConfig
                0x00000000       0x2c ..\obj\stm32f0xx_rcc.o
 .text.RCC_I2CCLKConfig
                0x00000000       0x2c ..\obj\stm32f0xx_rcc.o
 .text.RCC_USARTCLKConfig
                0x00000000       0x2c ..\obj\stm32f0xx_rcc.o
 .text.RCC_RTCCLKConfig
                0x00000000       0x20 ..\obj\stm32f0xx_rcc.o
 .text.RCC_RTCCLKCmd
                0x00000000       0x40 ..\obj\stm32f0xx_rcc.o
 .text.RCC_BackupResetCmd
                0x00000000       0x40 ..\obj\stm32f0xx_rcc.o
 .text.RCC_APB2PeriphClockCmd
                0x00000000       0x3c ..\obj\stm32f0xx_rcc.o
 .text.RCC_AHBPeriphResetCmd
                0x00000000       0x3c ..\obj\stm32f0xx_rcc.o
 .text.RCC_APB2PeriphResetCmd
                0x00000000       0x3c ..\obj\stm32f0xx_rcc.o
 .text.RCC_APB1PeriphResetCmd
                0x00000000       0x3c ..\obj\stm32f0xx_rcc.o
 .text.RCC_ITConfig
                0x00000000       0x50 ..\obj\stm32f0xx_rcc.o
 .text.RCC_GetFlagStatus
                0x00000000       0x90 ..\obj\stm32f0xx_rcc.o
 .text.RCC_ClearFlag
                0x00000000       0x1c ..\obj\stm32f0xx_rcc.o
 .text.RCC_GetITStatus
                0x00000000       0x44 ..\obj\stm32f0xx_rcc.o
 .text.RCC_ClearITPendingBit
                0x00000000       0x20 ..\obj\stm32f0xx_rcc.o
 .text          0x00000000        0x0 ..\obj\main.o
 .bss           0x00000000        0x0 ..\obj\main.o
 .text          0x00000000       0x14 ..\obj\startup_stm32f0xx.o
 .data          0x00000000        0x0 ..\obj\startup_stm32f0xx.o
 .bss           0x00000000        0x0 ..\obj\startup_stm32f0xx.o
 .text          0x00000000        0x0 ..\obj\system_stm32f0xx_temp.o
 .data          0x00000000       0x14 ..\obj\system_stm32f0xx_temp.o
 .bss           0x00000000        0x0 ..\obj\system_stm32f0xx_temp.o
 .text.SystemCoreClockUpdate1
                0x00000000       0xd0 ..\obj\system_stm32f0xx_temp.o
 .text          0x00000000        0x0 ..\obj\stm32f0xx_gpio.o
 .data          0x00000000        0x0 ..\obj\stm32f0xx_gpio.o
 .bss           0x00000000        0x0 ..\obj\stm32f0xx_gpio.o
 .text.GPIO_DeInit
                0x00000000       0xc8 ..\obj\stm32f0xx_gpio.o
 .text.GPIO_StructInit
                0x00000000       0x30 ..\obj\stm32f0xx_gpio.o
 .text.GPIO_PinLockConfig
                0x00000000       0x44 ..\obj\stm32f0xx_gpio.o
 .text.GPIO_ReadInputDataBit
                0x00000000       0x48 ..\obj\stm32f0xx_gpio.o
 .text.GPIO_ReadInputData
                0x00000000       0x18 ..\obj\stm32f0xx_gpio.o
 .text.GPIO_ReadOutputDataBit
                0x00000000       0x48 ..\obj\stm32f0xx_gpio.o
 .text.GPIO_ReadOutputData
                0x00000000       0x18 ..\obj\stm32f0xx_gpio.o
 .text.GPIO_WriteBit
                0x00000000       0x30 ..\obj\stm32f0xx_gpio.o
 .text.GPIO_Write
                0x00000000       0x1c ..\obj\stm32f0xx_gpio.o
 .text          0x00000000        0x0 ..\obj\stm32f0xx_usart.o
 .data          0x00000000        0x0 ..\obj\stm32f0xx_usart.o
 .bss           0x00000000        0x0 ..\obj\stm32f0xx_usart.o
 .text.USART_DeInit
                0x00000000       0x58 ..\obj\stm32f0xx_usart.o
 .text.USART_StructInit
                0x00000000       0x34 ..\obj\stm32f0xx_usart.o
 .text.USART_ClockInit
                0x00000000       0x48 ..\obj\stm32f0xx_usart.o
 .text.USART_ClockStructInit
                0x00000000       0x28 ..\obj\stm32f0xx_usart.o
 .text.USART_DirectionModeCmd
                0x00000000       0x38 ..\obj\stm32f0xx_usart.o
 .text.USART_OverSampling8Cmd
                0x00000000       0x3c ..\obj\stm32f0xx_usart.o
 .text.USART_OneBitMethodCmd
                0x00000000       0x3c ..\obj\stm32f0xx_usart.o
 .text.USART_MSBFirstCmd
                0x00000000       0x3c ..\obj\stm32f0xx_usart.o
 .text.USART_DataInvCmd
                0x00000000       0x3c ..\obj\stm32f0xx_usart.o
 .text.USART_InvPinCmd
                0x00000000       0x38 ..\obj\stm32f0xx_usart.o
 .text.USART_SWAPPinCmd
                0x00000000       0x3c ..\obj\stm32f0xx_usart.o
 .text.USART_ReceiverTimeOutCmd
                0x00000000       0x3c ..\obj\stm32f0xx_usart.o
 .text.USART_SetReceiverTimeOut
                0x00000000       0x28 ..\obj\stm32f0xx_usart.o
 .text.USART_SetPrescaler
                0x00000000       0x38 ..\obj\stm32f0xx_usart.o
 .text.USART_STOPModeCmd
                0x00000000       0x3c ..\obj\stm32f0xx_usart.o
 .text.USART_StopModeWakeUpSourceConfig
                0x00000000       0x2c ..\obj\stm32f0xx_usart.o
 .text.USART_AutoBaudRateCmd
                0x00000000       0x3c ..\obj\stm32f0xx_usart.o
 .text.USART_AutoBaudRateConfig
                0x00000000       0x2c ..\obj\stm32f0xx_usart.o
 .text.USART_ReceiveData
                0x00000000       0x1c ..\obj\stm32f0xx_usart.o
 .text.USART_SetAddress
                0x00000000       0x30 ..\obj\stm32f0xx_usart.o
 .text.USART_MuteModeCmd
                0x00000000       0x3c ..\obj\stm32f0xx_usart.o
 .text.USART_MuteModeWakeUpConfig
                0x00000000       0x2c ..\obj\stm32f0xx_usart.o
 .text.USART_AddressDetectionConfig
                0x00000000       0x2c ..\obj\stm32f0xx_usart.o
 .text.USART_LINBreakDetectLengthConfig
                0x00000000       0x2c ..\obj\stm32f0xx_usart.o
 .text.USART_LINCmd
                0x00000000       0x3c ..\obj\stm32f0xx_usart.o
 .text.USART_HalfDuplexCmd
                0x00000000       0x3c ..\obj\stm32f0xx_usart.o
 .text.USART_SetGuardTime
                0x00000000       0x3c ..\obj\stm32f0xx_usart.o
 .text.USART_SmartCardCmd
                0x00000000       0x3c ..\obj\stm32f0xx_usart.o
 .text.USART_SmartCardNACKCmd
                0x00000000       0x3c ..\obj\stm32f0xx_usart.o
 .text.USART_SetAutoRetryCount
                0x00000000       0x34 ..\obj\stm32f0xx_usart.o
 .text.USART_SetBlockLength
                0x00000000       0x30 ..\obj\stm32f0xx_usart.o
 .text.USART_IrDAConfig
                0x00000000       0x2c ..\obj\stm32f0xx_usart.o
 .text.USART_IrDACmd
                0x00000000       0x3c ..\obj\stm32f0xx_usart.o
 .text.USART_DECmd
                0x00000000       0x3c ..\obj\stm32f0xx_usart.o
 .text.USART_DEPolarityConfig
                0x00000000       0x2c ..\obj\stm32f0xx_usart.o
 .text.USART_SetDEAssertionTime
                0x00000000       0x30 ..\obj\stm32f0xx_usart.o
 .text.USART_SetDEDeassertionTime
                0x00000000       0x30 ..\obj\stm32f0xx_usart.o
 .text.USART_DMACmd
                0x00000000       0x38 ..\obj\stm32f0xx_usart.o
 .text.USART_DMAReceptionErrorConfig
                0x00000000       0x2c ..\obj\stm32f0xx_usart.o
 .text.USART_ITConfig
                0x00000000       0x84 ..\obj\stm32f0xx_usart.o
 .text.USART_RequestCmd
                0x00000000       0x48 ..\obj\stm32f0xx_usart.o
 .text.USART_OverrunDetectionConfig
                0x00000000       0x2c ..\obj\stm32f0xx_usart.o
 .text.USART_ClearFlag
                0x00000000       0x18 ..\obj\stm32f0xx_usart.o
 .text.USART_GetITStatus
                0x00000000       0xb4 ..\obj\stm32f0xx_usart.o
 .text.USART_ClearITPendingBit
                0x00000000       0x30 ..\obj\stm32f0xx_usart.o
 .data          0x00000000        0x0 c:/program files/gnu tools arm embedded/4.7 2013q3/bin/../lib/gcc/arm-none-eabi/4.7.4/armv6-m\libgcc.a(_udivsi3.o)
 .bss           0x00000000        0x0 c:/program files/gnu tools arm embedded/4.7 2013q3/bin/../lib/gcc/arm-none-eabi/4.7.4/armv6-m\libgcc.a(_udivsi3.o)
 .data          0x00000000        0x0 c:/program files/gnu tools arm embedded/4.7 2013q3/bin/../lib/gcc/arm-none-eabi/4.7.4/armv6-m\libgcc.a(_dvmd_tls.o)
 .bss           0x00000000        0x0 c:/program files/gnu tools arm embedded/4.7 2013q3/bin/../lib/gcc/arm-none-eabi/4.7.4/armv6-m\libgcc.a(_dvmd_tls.o)

Memory Configuration

Name             Origin             Length             Attributes
rom              0x08000000         0x00010000         xr
ram              0x20000000         0x00002000         xrw
*default*        0x00000000         0xffffffff

Linker script and memory map

                0x20002000                _eram = 0x20002000

.text           0x08000000      0xb5c
 *(.isr_vector .isr_vector.*)
 .isr_vector    0x08000000       0xc4 ..\obj\startup_stm32f0xx.o
                0x08000000                g_pfnVectors
 *(.text .text.* .gnu.linkonce.t.*)
 .text.RCC_GetClocksFreq
                0x080000c4      0x1cc ..\obj\stm32f0xx_rcc.o
                0x080000c4                RCC_GetClocksFreq
 .text.RCC_AHBPeriphClockCmd
                0x08000290       0x3c ..\obj\stm32f0xx_rcc.o
                0x08000290                RCC_AHBPeriphClockCmd
 .text.RCC_APB1PeriphClockCmd
                0x080002cc       0x3c ..\obj\stm32f0xx_rcc.o
                0x080002cc                RCC_APB1PeriphClockCmd
 .text.delay    0x08000308       0x24 ..\obj\main.o
                0x08000308                delay
 .text.usart_setup
                0x0800032c       0xf8 ..\obj\main.o
                0x0800032c                usart_setup
 .text.truyen   0x08000424       0x38 ..\obj\main.o
                0x08000424                truyen
 .text.ghi      0x0800045c       0x30 ..\obj\main.o
                0x0800045c                ghi
 .text.main     0x0800048c       0x6c ..\obj\main.o
                0x0800048c                main
 .text.Reset_Handler
                0x080004f8       0x4c ..\obj\startup_stm32f0xx.o
                0x080004f8                Reset_Handler
 .text.Default_Handler
                0x08000544        0x2 ..\obj\startup_stm32f0xx.o
                0x08000544                TIM1_CC_IRQHandler
                0x08000544                HardFault_Handler
                0x08000544                ADC1_COMP_IRQHandler
                0x08000544                SysTick_Handler
                0x08000544                PVD_IRQHandler
                0x08000544                PendSV_Handler
                0x08000544                NMI_Handler
                0x08000544                I2C1_IRQHandler
                0x08000544                SPI1_IRQHandler
                0x08000544                TIM6_DAC_IRQHandler
                0x08000544                EXTI2_3_IRQHandler
                0x08000544                I2C2_IRQHandler
                0x08000544                TIM17_IRQHandler
                0x08000544                RTC_IRQHandler
                0x08000544                TIM16_IRQHandler
                0x08000544                TIM3_IRQHandler
                0x08000544                EXTI4_15_IRQHandler
                0x08000544                RCC_IRQHandler
                0x08000544                DMA1_Channel1_IRQHandler
                0x08000544                Default_Handler
                0x08000544                CEC_IRQHandler
                0x08000544                TIM14_IRQHandler
                0x08000544                DMA1_Channel4_5_IRQHandler
                0x08000544                TIM15_IRQHandler
                0x08000544                EXTI0_1_IRQHandler
                0x08000544                SPI2_IRQHandler
                0x08000544                SVC_Handler
                0x08000544                TS_IRQHandler
                0x08000544                WWDG_IRQHandler
                0x08000544                TIM2_IRQHandler
                0x08000544                DMA1_Channel2_3_IRQHandler
                0x08000544                USART2_IRQHandler
                0x08000544                FLASH_IRQHandler
                0x08000544                USART1_IRQHandler
                0x08000544                TIM1_BRK_UP_TRG_COM_IRQHandler
 *fill*         0x08000546        0x2 00
 .text.SystemInit1
                0x08000548       0x8c ..\obj\system_stm32f0xx_temp.o
                0x08000548                SystemInit
                0x08000548                SystemInit1
 .text.SetSysClock1
                0x080005d4       0xe0 ..\obj\system_stm32f0xx_temp.o
                0x080005d4                SetSysClock
 .text.GPIO_Init
                0x080006b4      0x138 ..\obj\stm32f0xx_gpio.o
                0x080006b4                GPIO_Init
 .text.GPIO_SetBits
                0x080007ec       0x1c ..\obj\stm32f0xx_gpio.o
                0x080007ec                GPIO_SetBits
 .text.GPIO_ResetBits
                0x08000808       0x1c ..\obj\stm32f0xx_gpio.o
                0x08000808                GPIO_ResetBits
 .text.GPIO_PinAFConfig
                0x08000824       0x9c ..\obj\stm32f0xx_gpio.o
                0x08000824                GPIO_PinAFConfig
 .text.USART_Init
                0x080008c0      0x160 ..\obj\stm32f0xx_usart.o
                0x080008c0                USART_Init
 .text.USART_Cmd
                0x08000a20       0x3c ..\obj\stm32f0xx_usart.o
                0x08000a20                USART_Cmd
 .text.USART_SendData
                0x08000a5c       0x24 ..\obj\stm32f0xx_usart.o
                0x08000a5c                USART_SendData
 .text.USART_GetFlagStatus
                0x08000a80       0x3c ..\obj\stm32f0xx_usart.o
                0x08000a80                USART_GetFlagStatus
 .text          0x08000abc       0x9c c:/program files/gnu tools arm embedded/4.7 2013q3/bin/../lib/gcc/arm-none-eabi/4.7.4/armv6-m\libgcc.a(_udivsi3.o)
                0x08000abc                __aeabi_uidiv
                0x08000abc                __udivsi3
                0x08000b44                __aeabi_uidivmod
 .text          0x08000b58        0x4 c:/program files/gnu tools arm embedded/4.7 2013q3/bin/../lib/gcc/arm-none-eabi/4.7.4/armv6-m\libgcc.a(_dvmd_tls.o)
                0x08000b58                __aeabi_idiv0
                0x08000b58                __aeabi_ldiv0
 *(.glue_7t)
 .glue_7t       0x00000000        0x0 linker stubs
 *(.glue_7)
 .glue_7        0x00000000        0x0 linker stubs
 *(.rodata .rodata* .gnu.linkonce.r.*)

.vfp11_veneer   0x08000b5c        0x0
 .vfp11_veneer  0x00000000        0x0 linker stubs

.v4_bx          0x08000b5c        0x0
 .v4_bx         0x00000000        0x0 linker stubs

.iplt           0x08000b5c        0x0
 .iplt          0x00000000        0x0 ..\obj\stm32f0xx_rcc.o

.rel.dyn        0x08000b5c        0x0
 .rel.iplt      0x00000000        0x0 ..\obj\stm32f0xx_rcc.o

.ARM.extab
 *(.ARM.extab* .gnu.linkonce.armextab.*)
                0x08000b5c                __exidx_start = .

.ARM.exidx
 *(.ARM.exidx* .gnu.linkonce.armexidx.*)
                0x08000b5c                __exidx_end = .
                0x08000b5c                . = ALIGN (0x4)
                0x08000b5c                _etext = .
                0x08000b5c                _sidata = .

.data           0x20000000       0x34 load address 0x08000b5c
                0x20000000                _sdata = .
 *(.data .data.*)
 .data          0x20000000       0x10 ..\obj\stm32f0xx_rcc.o
 .data          0x20000010       0x24 ..\obj\main.o
                0x20000010                dulieu
                0x20000034                . = ALIGN (0x4)
                0x20000034                _edata = .

.igot.plt       0x20000034        0x0 load address 0x08000b90
 .igot.plt      0x00000000        0x0 ..\obj\stm32f0xx_rcc.o

.bss            0x20000034        0x4 load address 0x08000b90
                0x20000034                _sbss = .
 *(.bss .bss.*)
 *(COMMON)
 COMMON         0x20000034        0x4 ..\obj\main.o
                0x20000034                lan
                0x20000038                . = ALIGN (0x4)
                0x20000038                _ebss = .

.co_stack       0x20000038        0x0
                0x20000038                . = ALIGN (0x8)
 *(.co_stack .co_stack.*)
                0x20000038                . = ALIGN (0x4)
                0x20000038                _end = .
LOAD ..\obj\stm32f0xx_rcc.o
LOAD ..\obj\main.o
LOAD ..\obj\startup_stm32f0xx.o
LOAD ..\obj\system_stm32f0xx_temp.o
LOAD ..\obj\stm32f0xx_gpio.o
LOAD ..\obj\stm32f0xx_usart.o
START GROUP
LOAD c:/program files/gnu tools arm embedded/4.7 2013q3/bin/../lib/gcc/arm-none-eabi/4.7.4/armv6-m\libgcc.a
LOAD c:/program files/gnu tools arm embedded/4.7 2013q3/bin/../lib/gcc/arm-none-eabi/4.7.4/../../../../arm-none-eabi/lib/armv6-m\libg.a
LOAD c:/program files/gnu tools arm embedded/4.7 2013q3/bin/../lib/gcc/arm-none-eabi/4.7.4/../../../../arm-none-eabi/lib/armv6-m\libc.a
END GROUP
OUTPUT(vd.elf elf32-littlearm)

.debug_info     0x00000000     0x28cd
 .debug_info    0x00000000      0xa6a ..\obj\stm32f0xx_rcc.o
 .debug_info    0x00000a6a      0x52a ..\obj\main.o
 .debug_info    0x00000f94       0xc8 ..\obj\startup_stm32f0xx.o
 .debug_info    0x0000105c      0x310 ..\obj\system_stm32f0xx_temp.o
 .debug_info    0x0000136c      0x619 ..\obj\stm32f0xx_gpio.o
 .debug_info    0x00001985      0xf48 ..\obj\stm32f0xx_usart.o

.debug_abbrev   0x00000000      0x7b4
 .debug_abbrev  0x00000000      0x1ee ..\obj\stm32f0xx_rcc.o
 .debug_abbrev  0x000001ee      0x183 ..\obj\main.o
 .debug_abbrev  0x00000371       0x12 ..\obj\startup_stm32f0xx.o
 .debug_abbrev  0x00000383      0x136 ..\obj\system_stm32f0xx_temp.o
 .debug_abbrev  0x000004b9      0x19d ..\obj\stm32f0xx_gpio.o
 .debug_abbrev  0x00000656      0x15e ..\obj\stm32f0xx_usart.o

.debug_loc      0x00000000     0x179c
 .debug_loc     0x00000000      0x864 ..\obj\stm32f0xx_rcc.o
 .debug_loc     0x00000864      0x10c ..\obj\main.o
 .debug_loc     0x00000970       0x9c ..\obj\system_stm32f0xx_temp.o
 .debug_loc     0x00000a0c      0x2d8 ..\obj\stm32f0xx_gpio.o
 .debug_loc     0x00000ce4      0xab8 ..\obj\stm32f0xx_usart.o

.debug_aranges  0x00000000      0x408
 .debug_aranges
                0x00000000      0x150 ..\obj\stm32f0xx_rcc.o
 .debug_aranges
                0x00000150       0x40 ..\obj\main.o
 .debug_aranges
                0x00000190       0x28 ..\obj\startup_stm32f0xx.o
 .debug_aranges
                0x000001b8       0x30 ..\obj\system_stm32f0xx_temp.o
 .debug_aranges
                0x000001e8       0x80 ..\obj\stm32f0xx_gpio.o
 .debug_aranges
                0x00000268      0x1a0 ..\obj\stm32f0xx_usart.o

.debug_ranges   0x00000000      0x3b0
 .debug_ranges  0x00000000      0x140 ..\obj\stm32f0xx_rcc.o
 .debug_ranges  0x00000140       0x30 ..\obj\main.o
 .debug_ranges  0x00000170       0x20 ..\obj\startup_stm32f0xx.o
 .debug_ranges  0x00000190       0x20 ..\obj\system_stm32f0xx_temp.o
 .debug_ranges  0x000001b0       0x70 ..\obj\stm32f0xx_gpio.o
 .debug_ranges  0x00000220      0x190 ..\obj\stm32f0xx_usart.o

.debug_line     0x00000000     0x123e
 .debug_line    0x00000000      0x500 ..\obj\stm32f0xx_rcc.o
 .debug_line    0x00000500      0x251 ..\obj\main.o
 .debug_line    0x00000751       0xc0 ..\obj\startup_stm32f0xx.o
 .debug_line    0x00000811      0x18c ..\obj\system_stm32f0xx_temp.o
 .debug_line    0x0000099d      0x2db ..\obj\stm32f0xx_gpio.o
 .debug_line    0x00000c78      0x5c6 ..\obj\stm32f0xx_usart.o

.debug_str      0x00000000     0x1204
 .debug_str     0x00000000      0x65e ..\obj\stm32f0xx_rcc.o
                                0x6dd (size before relaxing)
 .debug_str     0x0000065e      0x2d0 ..\obj\main.o
                                0x3da (size before relaxing)
 .debug_str     0x0000092e       0xbf ..\obj\system_stm32f0xx_temp.o
                                0x254 (size before relaxing)
 .debug_str     0x000009ed      0x1a0 ..\obj\stm32f0xx_gpio.o
                                0x444 (size before relaxing)
 .debug_str     0x00000b8d      0x677 ..\obj\stm32f0xx_usart.o
                                0x90b (size before relaxing)

.comment        0x00000000       0x70
 .comment       0x00000000       0x70 ..\obj\stm32f0xx_rcc.o
                                 0x71 (size before relaxing)
 .comment       0x00000000       0x71 ..\obj\main.o
 .comment       0x00000000       0x71 ..\obj\system_stm32f0xx_temp.o
 .comment       0x00000000       0x71 ..\obj\stm32f0xx_gpio.o
 .comment       0x00000000       0x71 ..\obj\stm32f0xx_usart.o

.ARM.attributes
                0x00000000       0x2f
 .ARM.attributes
                0x00000000       0x31 ..\obj\stm32f0xx_rcc.o
 .ARM.attributes
                0x00000031       0x31 ..\obj\main.o
 .ARM.attributes
                0x00000062       0x21 ..\obj\startup_stm32f0xx.o
 .ARM.attributes
                0x00000083       0x31 ..\obj\system_stm32f0xx_temp.o
 .ARM.attributes
                0x000000b4       0x31 ..\obj\stm32f0xx_gpio.o
 .ARM.attributes
                0x000000e5       0x31 ..\obj\stm32f0xx_usart.o
 .ARM.attributes
                0x00000116       0x1e c:/program files/gnu tools arm embedded/4.7 2013q3/bin/../lib/gcc/arm-none-eabi/4.7.4/armv6-m\libgcc.a(_udivsi3.o)
 .ARM.attributes
                0x00000134       0x1e c:/program files/gnu tools arm embedded/4.7 2013q3/bin/../lib/gcc/arm-none-eabi/4.7.4/armv6-m\libgcc.a(_dvmd_tls.o)

.debug_frame    0x00000000      0xdfc
 .debug_frame   0x00000000      0x4e4 ..\obj\stm32f0xx_rcc.o
 .debug_frame   0x000004e4       0xac ..\obj\main.o
 .debug_frame   0x00000590       0x6c ..\obj\system_stm32f0xx_temp.o
 .debug_frame   0x000005fc      0x1b0 ..\obj\stm32f0xx_gpio.o
 .debug_frame   0x000007ac      0x630 ..\obj\stm32f0xx_usart.o
 .debug_frame   0x00000ddc       0x20 c:/program files/gnu tools arm embedded/4.7 2013q3/bin/../lib/gcc/arm-none-eabi/4.7.4/armv6-m\libgcc.a(_udivsi3.o)
