
Allocating common symbols
Common symbol       size              file

SPI_data_get_master
                    0x1               ..\obj\main.o
GPIO_InitStructure  0x8               ..\obj\main.o
SPI_InitStructure   0x12              ..\obj\main.o
NVIC_InitStructure  0x4               ..\obj\main.o

Discarded input sections

 .text          0x00000000        0x0 ..\obj\startup_stm32f4xx.o
 .data          0x00000000        0x0 ..\obj\startup_stm32f4xx.o
 .bss           0x00000000        0x0 ..\obj\startup_stm32f4xx.o
 .text          0x00000000        0x0 ..\obj\main.o
 .data          0x00000000        0x0 ..\obj\main.o
 .bss           0x00000000        0x0 ..\obj\main.o
 .text          0x00000000        0x0 ..\obj\stm32f4xx_rcc.o
 .data          0x00000000       0x10 ..\obj\stm32f4xx_rcc.o
 .bss           0x00000000        0x0 ..\obj\stm32f4xx_rcc.o
 .text.RCC_DeInit
                0x00000000       0x84 ..\obj\stm32f4xx_rcc.o
 .text.RCC_HSEConfig
                0x00000000       0x30 ..\obj\stm32f4xx_rcc.o
 .text.RCC_WaitForHSEStartUp
                0x00000000       0x64 ..\obj\stm32f4xx_rcc.o
 .text.RCC_AdjustHSICalibrationValue
                0x00000000       0x48 ..\obj\stm32f4xx_rcc.o
 .text.RCC_HSICmd
                0x00000000       0x20 ..\obj\stm32f4xx_rcc.o
 .text.RCC_LSEConfig
                0x00000000       0x60 ..\obj\stm32f4xx_rcc.o
 .text.RCC_LSICmd
                0x00000000       0x20 ..\obj\stm32f4xx_rcc.o
 .text.RCC_PLLConfig
                0x00000000       0x48 ..\obj\stm32f4xx_rcc.o
 .text.RCC_PLLCmd
                0x00000000       0x20 ..\obj\stm32f4xx_rcc.o
 .text.RCC_PLLI2SConfig
                0x00000000       0x30 ..\obj\stm32f4xx_rcc.o
 .text.RCC_PLLI2SCmd
                0x00000000       0x20 ..\obj\stm32f4xx_rcc.o
 .text.RCC_ClockSecuritySystemCmd
                0x00000000       0x20 ..\obj\stm32f4xx_rcc.o
 .text.RCC_MCO1Config
                0x00000000       0x48 ..\obj\stm32f4xx_rcc.o
 .text.RCC_MCO2Config
                0x00000000       0x48 ..\obj\stm32f4xx_rcc.o
 .text.RCC_SYSCLKConfig
                0x00000000       0x40 ..\obj\stm32f4xx_rcc.o
 .text.RCC_GetSYSCLKSource
                0x00000000       0x20 ..\obj\stm32f4xx_rcc.o
 .text.RCC_HCLKConfig
                0x00000000       0x40 ..\obj\stm32f4xx_rcc.o
 .text.RCC_PCLK1Config
                0x00000000       0x40 ..\obj\stm32f4xx_rcc.o
 .text.RCC_PCLK2Config
                0x00000000       0x44 ..\obj\stm32f4xx_rcc.o
 .text.RCC_GetClocksFreq
                0x00000000      0x1cc ..\obj\stm32f4xx_rcc.o
 .text.RCC_RTCCLKConfig
                0x00000000       0x74 ..\obj\stm32f4xx_rcc.o
 .text.RCC_RTCCLKCmd
                0x00000000       0x20 ..\obj\stm32f4xx_rcc.o
 .text.RCC_BackupResetCmd
                0x00000000       0x20 ..\obj\stm32f4xx_rcc.o
 .text.RCC_I2SCLKConfig
                0x00000000       0x20 ..\obj\stm32f4xx_rcc.o
 .text.RCC_AHB2PeriphClockCmd
                0x00000000       0x54 ..\obj\stm32f4xx_rcc.o
 .text.RCC_AHB3PeriphClockCmd
                0x00000000       0x54 ..\obj\stm32f4xx_rcc.o
 .text.RCC_APB2PeriphClockCmd
                0x00000000       0x54 ..\obj\stm32f4xx_rcc.o
 .text.RCC_AHB1PeriphResetCmd
                0x00000000       0x54 ..\obj\stm32f4xx_rcc.o
 .text.RCC_AHB2PeriphResetCmd
                0x00000000       0x54 ..\obj\stm32f4xx_rcc.o
 .text.RCC_AHB3PeriphResetCmd
                0x00000000       0x54 ..\obj\stm32f4xx_rcc.o
 .text.RCC_APB1PeriphResetCmd
                0x00000000       0x54 ..\obj\stm32f4xx_rcc.o
 .text.RCC_APB2PeriphResetCmd
                0x00000000       0x54 ..\obj\stm32f4xx_rcc.o
 .text.RCC_AHB1PeriphClockLPModeCmd
                0x00000000       0x54 ..\obj\stm32f4xx_rcc.o
 .text.RCC_AHB2PeriphClockLPModeCmd
                0x00000000       0x54 ..\obj\stm32f4xx_rcc.o
 .text.RCC_AHB3PeriphClockLPModeCmd
                0x00000000       0x54 ..\obj\stm32f4xx_rcc.o
 .text.RCC_APB1PeriphClockLPModeCmd
                0x00000000       0x54 ..\obj\stm32f4xx_rcc.o
 .text.RCC_APB2PeriphClockLPModeCmd
                0x00000000       0x54 ..\obj\stm32f4xx_rcc.o
 .text.RCC_ITConfig
                0x00000000       0x60 ..\obj\stm32f4xx_rcc.o
 .text.RCC_GetFlagStatus
                0x00000000       0x90 ..\obj\stm32f4xx_rcc.o
 .text.RCC_ClearFlag
                0x00000000       0x24 ..\obj\stm32f4xx_rcc.o
 .text.RCC_GetITStatus
                0x00000000       0x40 ..\obj\stm32f4xx_rcc.o
 .text.RCC_ClearITPendingBit
                0x00000000       0x20 ..\obj\stm32f4xx_rcc.o
 .text          0x00000000        0x0 ..\obj\stm32f4xx_gpio.o
 .data          0x00000000        0x0 ..\obj\stm32f4xx_gpio.o
 .bss           0x00000000        0x0 ..\obj\stm32f4xx_gpio.o
 .text.GPIO_DeInit
                0x00000000      0x178 ..\obj\stm32f4xx_gpio.o
 .text.GPIO_StructInit
                0x00000000       0x3c ..\obj\stm32f4xx_gpio.o
 .text.GPIO_PinLockConfig
                0x00000000       0x44 ..\obj\stm32f4xx_gpio.o
 .text.GPIO_ReadInputDataBit
                0x00000000       0x3c ..\obj\stm32f4xx_gpio.o
 .text.GPIO_ReadInputData
                0x00000000       0x1c ..\obj\stm32f4xx_gpio.o
 .text.GPIO_ReadOutputDataBit
                0x00000000       0x3c ..\obj\stm32f4xx_gpio.o
 .text.GPIO_ReadOutputData
                0x00000000       0x1c ..\obj\stm32f4xx_gpio.o
 .text.GPIO_SetBits
                0x00000000       0x1c ..\obj\stm32f4xx_gpio.o
 .text.GPIO_ResetBits
                0x00000000       0x1c ..\obj\stm32f4xx_gpio.o
 .text.GPIO_Write
                0x00000000       0x1c ..\obj\stm32f4xx_gpio.o
 .text.GPIO_ToggleBits
                0x00000000       0x24 ..\obj\stm32f4xx_gpio.o
 .text          0x00000000        0x0 ..\obj\system_stm32f4xx.o
 .data          0x00000000       0x14 ..\obj\system_stm32f4xx.o
 .bss           0x00000000        0x0 ..\obj\system_stm32f4xx.o
 .text.SystemCoreClockUpdate
                0x00000000      0x170 ..\obj\system_stm32f4xx.o
 .text          0x00000000        0x0 ..\obj\stm32f4xx_spi.o
 .data          0x00000000        0x0 ..\obj\stm32f4xx_spi.o
 .bss           0x00000000        0x0 ..\obj\stm32f4xx_spi.o
 .text.SPI_I2S_DeInit
                0x00000000       0x88 ..\obj\stm32f4xx_spi.o
 .text.I2S_Init
                0x00000000      0x214 ..\obj\stm32f4xx_spi.o
 .text.SPI_StructInit
                0x00000000       0x5c ..\obj\stm32f4xx_spi.o
 .text.I2S_StructInit
                0x00000000       0x44 ..\obj\stm32f4xx_spi.o
 .text.I2S_Cmd  0x00000000       0x40 ..\obj\stm32f4xx_spi.o
 .text.SPI_DataSizeConfig
                0x00000000       0x38 ..\obj\stm32f4xx_spi.o
 .text.SPI_BiDirectionalLineConfig
                0x00000000       0x40 ..\obj\stm32f4xx_spi.o
 .text.SPI_NSSInternalSoftwareConfig
                0x00000000       0x44 ..\obj\stm32f4xx_spi.o
 .text.SPI_SSOutputCmd
                0x00000000       0x40 ..\obj\stm32f4xx_spi.o
 .text.SPI_TIModeCmd
                0x00000000       0x40 ..\obj\stm32f4xx_spi.o
 .text.I2S_FullDuplexConfig
                0x00000000       0xa4 ..\obj\stm32f4xx_spi.o
 .text.SPI_CalculateCRC
                0x00000000       0x40 ..\obj\stm32f4xx_spi.o
 .text.SPI_TransmitCRC
                0x00000000       0x24 ..\obj\stm32f4xx_spi.o
 .text.SPI_GetCRC
                0x00000000       0x34 ..\obj\stm32f4xx_spi.o
 .text.SPI_GetCRCPolynomial
                0x00000000       0x1c ..\obj\stm32f4xx_spi.o
 .text.SPI_I2S_DMACmd
                0x00000000       0x48 ..\obj\stm32f4xx_spi.o
 .text.SPI_I2S_GetFlagStatus
                0x00000000       0x40 ..\obj\stm32f4xx_spi.o
 .text.SPI_I2S_ClearITPendingBit
                0x00000000       0x38 ..\obj\stm32f4xx_spi.o
 .text          0x00000000        0x0 ..\obj\misc.o
 .data          0x00000000        0x0 ..\obj\misc.o
 .bss           0x00000000        0x0 ..\obj\misc.o
 .text.NVIC_PriorityGroupConfig
                0x00000000       0x28 ..\obj\misc.o
 .text.NVIC_SetVectorTable
                0x00000000       0x2c ..\obj\misc.o
 .text.NVIC_SystemLPConfig
                0x00000000       0x54 ..\obj\misc.o
 .text.SysTick_CLKSourceConfig
                0x00000000       0x4c ..\obj\misc.o

Memory Configuration

Name             Origin             Length             Attributes
rom              0x08000000         0x00100000         xr
ram              0x20000000         0x00020000         xrw
ram1             0x10000000         0x00010000         xrw
*default*        0x00000000         0xffffffff

Linker script and memory map

                0x20020000                _eram = 0x20020000

.text           0x08000000      0xda8
 *(.isr_vector)
 .isr_vector    0x08000000      0x188 ..\obj\startup_stm32f4xx.o
                0x08000000                g_pfnVectors
 *(.text*)
 .text.Default_Reset_Handler
                0x08000188       0x6c ..\obj\startup_stm32f4xx.o
                0x08000188                Default_Reset_Handler
                0x08000188                Reset_Handler
 .text.Default_Handler
                0x080001f4        0x8 ..\obj\startup_stm32f4xx.o
                0x080001f4                RTC_Alarm_IRQHandler
                0x080001f4                HASH_RNG_IRQHandler
                0x080001f4                EXTI2_IRQHandler
                0x080001f4                TIM8_CC_IRQHandler
                0x080001f4                DebugMon_Handler
                0x080001f4                TIM1_CC_IRQHandler
                0x080001f4                DMA2_Stream5_IRQHandler
                0x080001f4                HardFault_Handler
                0x080001f4                DMA1_Stream5_IRQHandler
                0x080001f4                SysTick_Handler
                0x080001f4                PVD_IRQHandler
                0x080001f4                SDIO_IRQHandler
                0x080001f4                TAMP_STAMP_IRQHandler
                0x080001f4                PendSV_Handler
                0x080001f4                NMI_Handler
                0x080001f4                CAN2_RX1_IRQHandler
                0x080001f4                EXTI3_IRQHandler
                0x080001f4                TIM8_TRG_COM_TIM14_IRQHandler
                0x080001f4                TIM1_UP_TIM10_IRQHandler
                0x080001f4                TIM8_UP_TIM13_IRQHandler
                0x080001f4                I2C3_ER_IRQHandler
                0x080001f4                EXTI0_IRQHandler
                0x080001f4                I2C2_EV_IRQHandler
                0x080001f4                DMA1_Stream2_IRQHandler
                0x080001f4                CAN1_RX0_IRQHandler
                0x080001f4                FPU_IRQHandler
                0x080001f4                OTG_HS_WKUP_IRQHandler
                0x080001f4                UsageFault_Handler
                0x080001f4                CAN2_SCE_IRQHandler
                0x080001f4                DMA2_Stream2_IRQHandler
                0x080001f4                SPI1_IRQHandler
                0x080001f4                TIM6_DAC_IRQHandler
                0x080001f4                TIM1_BRK_TIM9_IRQHandler
                0x080001f4                DCMI_IRQHandler
                0x080001f4                CAN2_RX0_IRQHandler
                0x080001f4                DMA2_Stream3_IRQHandler
                0x080001f4                USART6_IRQHandler
                0x080001f4                USART3_IRQHandler
                0x080001f4                CRYP_IRQHandler
                0x080001f4                CAN1_RX1_IRQHandler
                0x080001f4                UART5_IRQHandler
                0x080001f4                DMA2_Stream0_IRQHandler
                0x080001f4                TIM4_IRQHandler
                0x080001f4                I2C1_EV_IRQHandler
                0x080001f4                DMA1_Stream6_IRQHandler
                0x080001f4                DMA1_Stream1_IRQHandler
                0x080001f4                UART4_IRQHandler
                0x080001f4                TIM3_IRQHandler
                0x080001f4                RCC_IRQHandler
                0x080001f4                TIM8_BRK_TIM12_IRQHandler
                0x080001f4                EXTI15_10_IRQHandler
                0x080001f4                ADC_IRQHandler
                0x080001f4                DMA1_Stream7_IRQHandler
                0x080001f4                TIM7_IRQHandler
                0x080001f4                CAN2_TX_IRQHandler
                0x080001f4                TIM5_IRQHandler
                0x080001f4                DMA2_Stream7_IRQHandler
                0x080001f4                I2C3_EV_IRQHandler
                0x080001f4                EXTI9_5_IRQHandler
                0x080001f4                RTC_WKUP_IRQHandler
                0x080001f4                ETH_WKUP_IRQHandler
                0x080001f4                OTG_HS_EP1_IN_IRQHandler
                0x080001f4                MemManage_Handler
                0x080001f4                DMA1_Stream0_IRQHandler
                0x080001f4                CAN1_TX_IRQHandler
                0x080001f4                SVC_Handler
                0x080001f4                EXTI4_IRQHandler
                0x080001f4                FSMC_IRQHandler
                0x080001f4                ETH_IRQHandler
                0x080001f4                OTG_HS_EP1_OUT_IRQHandler
                0x080001f4                WWDG_IRQHandler
                0x080001f4                TIM2_IRQHandler
                0x080001f4                OTG_FS_WKUP_IRQHandler
                0x080001f4                TIM1_TRG_COM_TIM11_IRQHandler
                0x080001f4                OTG_HS_IRQHandler
                0x080001f4                EXTI1_IRQHandler
                0x080001f4                USART2_IRQHandler
                0x080001f4                I2C2_ER_IRQHandler
                0x080001f4                DMA2_Stream1_IRQHandler
                0x080001f4                CAN1_SCE_IRQHandler
                0x080001f4                FLASH_IRQHandler
                0x080001f4                DMA2_Stream4_IRQHandler
                0x080001f4                BusFault_Handler
                0x080001f4                USART1_IRQHandler
                0x080001f4                OTG_FS_IRQHandler
                0x080001f4                SPI3_IRQHandler
                0x080001f4                DMA1_Stream4_IRQHandler
                0x080001f4                I2C1_ER_IRQHandler
                0x080001f4                DMA2_Stream6_IRQHandler
                0x080001f4                DMA1_Stream3_IRQHandler
 .text.Delay    0x080001fc       0x2c ..\obj\main.o
                0x080001fc                Delay
 .text.initLED  0x08000228       0xd8 ..\obj\main.o
                0x08000228                initLED
 .text.init_SPI2
                0x08000300      0x1b0 ..\obj\main.o
                0x08000300                init_SPI2
 .text.main     0x080004b0       0x78 ..\obj\main.o
                0x080004b0                main
 .text.SPI2_IRQHandler
                0x08000528       0xa4 ..\obj\main.o
                0x08000528                SPI2_IRQHandler
 .text.RCC_AHB1PeriphClockCmd
                0x080005cc       0x54 ..\obj\stm32f4xx_rcc.o
                0x080005cc                RCC_AHB1PeriphClockCmd
 .text.RCC_APB1PeriphClockCmd
                0x08000620       0x54 ..\obj\stm32f4xx_rcc.o
                0x08000620                RCC_APB1PeriphClockCmd
 .text.GPIO_Init
                0x08000674      0x144 ..\obj\stm32f4xx_gpio.o
                0x08000674                GPIO_Init
 .text.GPIO_WriteBit
                0x080007b8       0x30 ..\obj\stm32f4xx_gpio.o
                0x080007b8                GPIO_WriteBit
 .text.GPIO_PinAFConfig
                0x080007e8       0xa8 ..\obj\stm32f4xx_gpio.o
                0x080007e8                GPIO_PinAFConfig
 .text.SystemInit
                0x08000890       0x94 ..\obj\system_stm32f4xx.o
                0x08000890                SystemInit
 .text.SetSysClock
                0x08000924      0x188 ..\obj\system_stm32f4xx.o
 .text.SPI_Init
                0x08000aac       0x88 ..\obj\stm32f4xx_spi.o
                0x08000aac                SPI_Init
 .text.SPI_Cmd  0x08000b34       0x40 ..\obj\stm32f4xx_spi.o
                0x08000b34                SPI_Cmd
 .text.SPI_I2S_ReceiveData
                0x08000b74       0x1c ..\obj\stm32f4xx_spi.o
                0x08000b74                SPI_I2S_ReceiveData
 .text.SPI_I2S_SendData
                0x08000b90       0x1c ..\obj\stm32f4xx_spi.o
                0x08000b90                SPI_I2S_SendData
 .text.SPI_I2S_ITConfig
                0x08000bac       0x6c ..\obj\stm32f4xx_spi.o
                0x08000bac                SPI_I2S_ITConfig
 .text.SPI_I2S_ClearFlag
                0x08000c18       0x24 ..\obj\stm32f4xx_spi.o
                0x08000c18                SPI_I2S_ClearFlag
 .text.SPI_I2S_GetITStatus
                0x08000c3c       0x88 ..\obj\stm32f4xx_spi.o
                0x08000c3c                SPI_I2S_GetITStatus
 .text.NVIC_Init
                0x08000cc4       0xe4 ..\obj\misc.o
                0x08000cc4                NVIC_Init
 *(.init)
 *(.fini)
 *crtbegin.o(.ctors)
 *crtbegin?.o(.ctors)
 *(EXCLUDE_FILE(*crtend.o *crtend?.o) .ctors)
 *(SORT(.ctors.*))
 *(.ctors)
 *crtbegin.o(.dtors)
 *crtbegin?.o(.dtors)
 *(EXCLUDE_FILE(*crtend.o *crtend?.o) .dtors)
 *(SORT(.dtors.*))
 *(.dtors)
 *(.rodata*)
 *(.eh_fram e*)

.glue_7         0x08000da8        0x0
 .glue_7        0x00000000        0x0 linker stubs

.glue_7t        0x08000da8        0x0
 .glue_7t       0x00000000        0x0 linker stubs

.vfp11_veneer   0x08000da8        0x0
 .vfp11_veneer  0x00000000        0x0 linker stubs

.v4_bx          0x08000da8        0x0
 .v4_bx         0x00000000        0x0 linker stubs

.iplt           0x08000da8        0x0
 .iplt          0x00000000        0x0 ..\obj\startup_stm32f4xx.o

.rel.dyn        0x08000da8        0x0
 .rel.iplt      0x00000000        0x0 ..\obj\startup_stm32f4xx.o

.ARM.extab
 *(.ARM.extab* .gnu.linkonce.armextab.*)
                0x08000da8                __exidx_start = .

.ARM.exidx
 *(.ARM.exidx* .gnu.linkonce.armexidx.*)
                0x08000da8                __exidx_end = .
                0x08000da8                __etext = .
                0x08000da8                _sidata = __etext

.data           0x20000000        0x0 load address 0x08000da8
                0x20000000                __data_start__ = .
                0x20000000                _sdata = __data_start__
 *(vtable)
 *(.data*)
                0x20000000                . = ALIGN (0x4)
                0x20000000                PROVIDE (__preinit_array_start, .)
 *(.preinit_array)
                0x20000000                PROVIDE (__preinit_array_end, .)
                0x20000000                . = ALIGN (0x4)
                0x20000000                PROVIDE (__init_array_start, .)
 *(SORT(.init_array.*))
 *(.init_array)
                0x20000000                PROVIDE (__init_array_end, .)
                0x20000000                . = ALIGN (0x4)
                0x20000000                PROVIDE (__fini_array_start, .)
 *(SORT(.fini_array.*))
 *(.fini_array)
                0x20000000                PROVIDE (__fini_array_end, .)
 *(.jcr*)
                0x20000000                . = ALIGN (0x4)
                0x20000000                __data_end__ = .
                0x20000000                _edata = __data_end__

.igot.plt       0x20000000        0x0
 .igot.plt      0x00000000        0x0 ..\obj\startup_stm32f4xx.o

.bss            0x20000000       0x24
                0x20000000                . = ALIGN (0x4)
                0x20000000                __bss_start__ = .
                0x20000000                _sbss = __bss_start__
 *(.bss*)
 *(COMMON)
 COMMON         0x20000000       0x24 ..\obj\main.o
                0x20000000                SPI_data_get_master
                0x20000004                GPIO_InitStructure
                0x2000000c                SPI_InitStructure
                0x20000020                NVIC_InitStructure
                0x20000024                . = ALIGN (0x4)
                0x20000024                __bss_end__ = .
                0x20000024                _ebss = __bss_end__

.heap           0x20000024        0x0
                0x20000024                __end__ = .
                0x20000024                _end = __end__
                0x20000024                end = __end__
 *(.heap*)
                0x20000024                __HeapLimit = .

.co_stack       0x20000024      0x804
                0x20000028                . = ALIGN (0x8)
 *fill*         0x20000024        0x4 00
 *(.co_stack .co_stack.*)
 .co_stack      0x20000028      0x800 ..\obj\startup_stm32f4xx.o
                0x20000028                pulStack
                0x20020000                __StackTop = (ORIGIN (ram) + 0x20000)
                0x2001f7fc                __StackLimit = (__StackTop - SIZEOF (.co_stack))
                0x20020000                PROVIDE (__stack, __StackTop)
                0x00000001                ASSERT ((__StackLimit >= __HeapLimit), region ram  overflowed with stack)
LOAD ..\obj\startup_stm32f4xx.o
LOAD ..\obj\main.o
LOAD ..\obj\stm32f4xx_rcc.o
LOAD ..\obj\stm32f4xx_gpio.o
LOAD ..\obj\system_stm32f4xx.o
LOAD ..\obj\stm32f4xx_spi.o
LOAD ..\obj\misc.o
START GROUP
LOAD c:/program files (x86)/gnu tools arm embedded/4.7 2013q3/bin/../lib/gcc/arm-none-eabi/4.7.4/armv7e-m\libgcc.a
LOAD c:/program files (x86)/gnu tools arm embedded/4.7 2013q3/bin/../lib/gcc/arm-none-eabi/4.7.4/../../../../arm-none-eabi/lib/armv7e-m\libg.a
LOAD c:/program files (x86)/gnu tools arm embedded/4.7 2013q3/bin/../lib/gcc/arm-none-eabi/4.7.4/../../../../arm-none-eabi/lib/armv7e-m\libc.a
END GROUP
OUTPUT(SPI.elf elf32-littlearm)

.debug_info     0x00000000     0x33db
 .debug_info    0x00000000      0x103 ..\obj\startup_stm32f4xx.o
 .debug_info    0x00000103      0x7ea ..\obj\main.o
 .debug_info    0x000008ed      0xd49 ..\obj\stm32f4xx_rcc.o
 .debug_info    0x00001636      0x640 ..\obj\stm32f4xx_gpio.o
 .debug_info    0x00001c76      0x5f5 ..\obj\system_stm32f4xx.o
 .debug_info    0x0000226b      0xbde ..\obj\stm32f4xx_spi.o
 .debug_info    0x00002e49      0x592 ..\obj\misc.o

.debug_abbrev   0x00000000      0x9a1
 .debug_abbrev  0x00000000       0xb2 ..\obj\startup_stm32f4xx.o
 .debug_abbrev  0x000000b2      0x19b ..\obj\main.o
 .debug_abbrev  0x0000024d      0x1e5 ..\obj\stm32f4xx_rcc.o
 .debug_abbrev  0x00000432      0x1a5 ..\obj\stm32f4xx_gpio.o
 .debug_abbrev  0x000005d7      0x138 ..\obj\system_stm32f4xx.o
 .debug_abbrev  0x0000070f      0x169 ..\obj\stm32f4xx_spi.o
 .debug_abbrev  0x00000878      0x129 ..\obj\misc.o

.debug_loc      0x00000000     0x1510
 .debug_loc     0x00000000       0x64 ..\obj\startup_stm32f4xx.o
 .debug_loc     0x00000064       0xf4 ..\obj\main.o
 .debug_loc     0x00000158      0x97c ..\obj\stm32f4xx_rcc.o
 .debug_loc     0x00000ad4      0x310 ..\obj\stm32f4xx_gpio.o
 .debug_loc     0x00000de4       0x9c ..\obj\system_stm32f4xx.o
 .debug_loc     0x00000e80      0x578 ..\obj\stm32f4xx_spi.o
 .debug_loc     0x000013f8      0x118 ..\obj\misc.o

.debug_aranges  0x00000000      0x3b8
 .debug_aranges
                0x00000000       0x28 ..\obj\startup_stm32f4xx.o
 .debug_aranges
                0x00000028       0x40 ..\obj\main.o
 .debug_aranges
                0x00000068      0x178 ..\obj\stm32f4xx_rcc.o
 .debug_aranges
                0x000001e0       0x88 ..\obj\stm32f4xx_gpio.o
 .debug_aranges
                0x00000268       0x30 ..\obj\system_stm32f4xx.o
 .debug_aranges
                0x00000298       0xe0 ..\obj\stm32f4xx_spi.o
 .debug_aranges
                0x00000378       0x40 ..\obj\misc.o

.debug_ranges   0x00000000      0x348
 .debug_ranges  0x00000000       0x18 ..\obj\startup_stm32f4xx.o
 .debug_ranges  0x00000018       0x30 ..\obj\main.o
 .debug_ranges  0x00000048      0x168 ..\obj\stm32f4xx_rcc.o
 .debug_ranges  0x000001b0       0x78 ..\obj\stm32f4xx_gpio.o
 .debug_ranges  0x00000228       0x20 ..\obj\system_stm32f4xx.o
 .debug_ranges  0x00000248       0xd0 ..\obj\stm32f4xx_spi.o
 .debug_ranges  0x00000318       0x30 ..\obj\misc.o

.debug_line     0x00000000     0x13ec
 .debug_line    0x00000000       0xa6 ..\obj\startup_stm32f4xx.o
 .debug_line    0x000000a6      0x272 ..\obj\main.o
 .debug_line    0x00000318      0x582 ..\obj\stm32f4xx_rcc.o
 .debug_line    0x0000089a      0x326 ..\obj\stm32f4xx_gpio.o
 .debug_line    0x00000bc0      0x1c6 ..\obj\system_stm32f4xx.o
 .debug_line    0x00000d86      0x43a ..\obj\stm32f4xx_spi.o
 .debug_line    0x000011c0      0x22c ..\obj\misc.o

.debug_str      0x00000000     0x17d5
 .debug_str     0x00000000      0x107 ..\obj\startup_stm32f4xx.o
                                0x119 (size before relaxing)
 .debug_str     0x00000107      0x971 ..\obj\main.o
                                0xa12 (size before relaxing)
 .debug_str     0x00000a78      0x654 ..\obj\stm32f4xx_rcc.o
                                0x7f8 (size before relaxing)
 .debug_str     0x000010cc      0x186 ..\obj\stm32f4xx_gpio.o
                                0x44b (size before relaxing)
 .debug_str     0x00001252      0x11d ..\obj\system_stm32f4xx.o
                                0x352 (size before relaxing)
 .debug_str     0x0000136f      0x300 ..\obj\stm32f4xx_spi.o
                                0x632 (size before relaxing)
 .debug_str     0x0000166f      0x166 ..\obj\misc.o
                                0x381 (size before relaxing)

.comment        0x00000000       0x70
 .comment       0x00000000       0x70 ..\obj\startup_stm32f4xx.o
                                 0x71 (size before relaxing)
 .comment       0x00000000       0x71 ..\obj\main.o
 .comment       0x00000000       0x71 ..\obj\stm32f4xx_rcc.o
 .comment       0x00000000       0x71 ..\obj\stm32f4xx_gpio.o
 .comment       0x00000000       0x71 ..\obj\system_stm32f4xx.o
 .comment       0x00000000       0x71 ..\obj\stm32f4xx_spi.o
 .comment       0x00000000       0x71 ..\obj\misc.o

.ARM.attributes
                0x00000000       0x33
 .ARM.attributes
                0x00000000       0x33 ..\obj\startup_stm32f4xx.o
 .ARM.attributes
                0x00000033       0x33 ..\obj\main.o
 .ARM.attributes
                0x00000066       0x33 ..\obj\stm32f4xx_rcc.o
 .ARM.attributes
                0x00000099       0x33 ..\obj\stm32f4xx_gpio.o
 .ARM.attributes
                0x000000cc       0x33 ..\obj\system_stm32f4xx.o
 .ARM.attributes
                0x000000ff       0x33 ..\obj\stm32f4xx_spi.o
 .ARM.attributes
                0x00000132       0x33 ..\obj\misc.o

.debug_frame    0x00000000      0xb2c
 .debug_frame   0x00000000       0x48 ..\obj\startup_stm32f4xx.o
 .debug_frame   0x00000048       0xa0 ..\obj\main.o
 .debug_frame   0x000000e8      0x4d8 ..\obj\stm32f4xx_rcc.o
 .debug_frame   0x000005c0      0x19c ..\obj\stm32f4xx_gpio.o
 .debug_frame   0x0000075c       0x64 ..\obj\system_stm32f4xx.o
 .debug_frame   0x000007c0      0x2d0 ..\obj\stm32f4xx_spi.o
 .debug_frame   0x00000a90       0x9c ..\obj\misc.o
