<!doctype html public "-//w3c//dtd html 4.0 transitional//en">
<html><head>
<title>Static Call Graph - [.\output\ADCF0.axf]</title></head>
<body><HR>
<H1>Static Call Graph for image .\output\ADCF0.axf</H1><HR>
<BR><P>#&#060CALLGRAPH&#062# ARM Linker, 5040049: Last Updated: Tue Dec 08 12:09:30 2015
<BR><P>
<H3>Maximum Stack Usage =        368 bytes + Unknown(Functions without stacksize, Cycles, Untraceable Function Pointers)</H3><H3>
Call chain for Maximum Stack Depth:</H3>
_printf_fp_dec_real &rArr; _fp_digits &rArr; _btod_etento &rArr; _btod_emul &rArr; btod_internal_mul &rArr; __ARM_common_ll_muluu
<P>
<H3>
Functions with no stack information
</H3><UL>
 <LI><a href="#[8f]">__user_initial_stackheap</a>
</UL>
</UL>
<P>
<H3>
Mutually Recursive functions
</H3> <LI><a href="#[18]">ADC1_COMP_IRQHandler</a>&nbsp;&nbsp;&nbsp;&rArr;&nbsp;&nbsp;&nbsp;<a href="#[18]">ADC1_COMP_IRQHandler</a><BR>
</UL>
<P>
<H3>
Function Pointers
</H3><UL>
 <LI><a href="#[18]">ADC1_COMP_IRQHandler</a> from startup_stm32f0xx.o(.text) referenced from startup_stm32f0xx.o(RESET)
 <LI><a href="#[28]">CEC_IRQHandler</a> from startup_stm32f0xx.o(.text) referenced from startup_stm32f0xx.o(RESET)
 <LI><a href="#[15]">DMA1_Channel1_IRQHandler</a> from startup_stm32f0xx.o(.text) referenced from startup_stm32f0xx.o(RESET)
 <LI><a href="#[16]">DMA1_Channel2_3_IRQHandler</a> from startup_stm32f0xx.o(.text) referenced from startup_stm32f0xx.o(RESET)
 <LI><a href="#[17]">DMA1_Channel4_5_IRQHandler</a> from startup_stm32f0xx.o(.text) referenced from startup_stm32f0xx.o(RESET)
 <LI><a href="#[11]">EXTI0_1_IRQHandler</a> from startup_stm32f0xx.o(.text) referenced from startup_stm32f0xx.o(RESET)
 <LI><a href="#[12]">EXTI2_3_IRQHandler</a> from startup_stm32f0xx.o(.text) referenced from startup_stm32f0xx.o(RESET)
 <LI><a href="#[13]">EXTI4_15_IRQHandler</a> from startup_stm32f0xx.o(.text) referenced from startup_stm32f0xx.o(RESET)
 <LI><a href="#[f]">FLASH_IRQHandler</a> from startup_stm32f0xx.o(.text) referenced from startup_stm32f0xx.o(RESET)
 <LI><a href="#[8]">HardFault_Handler</a> from stm32f0xx_it.o(.text) referenced from startup_stm32f0xx.o(RESET)
 <LI><a href="#[22]">I2C1_IRQHandler</a> from startup_stm32f0xx.o(.text) referenced from startup_stm32f0xx.o(RESET)
 <LI><a href="#[23]">I2C2_IRQHandler</a> from startup_stm32f0xx.o(.text) referenced from startup_stm32f0xx.o(RESET)
 <LI><a href="#[7]">NMI_Handler</a> from stm32f0xx_it.o(.text) referenced from startup_stm32f0xx.o(RESET)
 <LI><a href="#[d]">PVD_IRQHandler</a> from startup_stm32f0xx.o(.text) referenced from startup_stm32f0xx.o(RESET)
 <LI><a href="#[a]">PendSV_Handler</a> from stm32f0xx_it.o(.text) referenced from startup_stm32f0xx.o(RESET)
 <LI><a href="#[10]">RCC_IRQHandler</a> from startup_stm32f0xx.o(.text) referenced from startup_stm32f0xx.o(RESET)
 <LI><a href="#[e]">RTC_IRQHandler</a> from startup_stm32f0xx.o(.text) referenced from startup_stm32f0xx.o(RESET)
 <LI><a href="#[6]">Reset_Handler</a> from startup_stm32f0xx.o(.text) referenced from startup_stm32f0xx.o(RESET)
 <LI><a href="#[24]">SPI1_IRQHandler</a> from startup_stm32f0xx.o(.text) referenced from startup_stm32f0xx.o(RESET)
 <LI><a href="#[25]">SPI2_IRQHandler</a> from startup_stm32f0xx.o(.text) referenced from startup_stm32f0xx.o(RESET)
 <LI><a href="#[9]">SVC_Handler</a> from stm32f0xx_it.o(.text) referenced from startup_stm32f0xx.o(RESET)
 <LI><a href="#[b]">SysTick_Handler</a> from stm32f0xx_it.o(.text) referenced from startup_stm32f0xx.o(RESET)
 <LI><a href="#[29]">SystemInit</a> from system_stm32f0xx.o(.text) referenced from startup_stm32f0xx.o(.text)
 <LI><a href="#[1e]">TIM14_IRQHandler</a> from startup_stm32f0xx.o(.text) referenced from startup_stm32f0xx.o(RESET)
 <LI><a href="#[1f]">TIM15_IRQHandler</a> from startup_stm32f0xx.o(.text) referenced from startup_stm32f0xx.o(RESET)
 <LI><a href="#[20]">TIM16_IRQHandler</a> from startup_stm32f0xx.o(.text) referenced from startup_stm32f0xx.o(RESET)
 <LI><a href="#[21]">TIM17_IRQHandler</a> from startup_stm32f0xx.o(.text) referenced from startup_stm32f0xx.o(RESET)
 <LI><a href="#[19]">TIM1_BRK_UP_TRG_COM_IRQHandler</a> from startup_stm32f0xx.o(.text) referenced from startup_stm32f0xx.o(RESET)
 <LI><a href="#[1a]">TIM1_CC_IRQHandler</a> from startup_stm32f0xx.o(.text) referenced from startup_stm32f0xx.o(RESET)
 <LI><a href="#[1b]">TIM2_IRQHandler</a> from startup_stm32f0xx.o(.text) referenced from startup_stm32f0xx.o(RESET)
 <LI><a href="#[1c]">TIM3_IRQHandler</a> from startup_stm32f0xx.o(.text) referenced from startup_stm32f0xx.o(RESET)
 <LI><a href="#[1d]">TIM6_DAC_IRQHandler</a> from startup_stm32f0xx.o(.text) referenced from startup_stm32f0xx.o(RESET)
 <LI><a href="#[14]">TS_IRQHandler</a> from startup_stm32f0xx.o(.text) referenced from startup_stm32f0xx.o(RESET)
 <LI><a href="#[26]">USART1_IRQHandler</a> from startup_stm32f0xx.o(.text) referenced from startup_stm32f0xx.o(RESET)
 <LI><a href="#[27]">USART2_IRQHandler</a> from startup_stm32f0xx.o(.text) referenced from startup_stm32f0xx.o(RESET)
 <LI><a href="#[c]">WWDG_IRQHandler</a> from startup_stm32f0xx.o(.text) referenced from startup_stm32f0xx.o(RESET)
 <LI><a href="#[2e]">__main</a> from __main.o(!!!main) referenced from startup_stm32f0xx.o(.text)
 <LI><a href="#[2d]">_printf_fp_dec_real</a> from _printf_fp_dec.o(.text) referenced from printf1.o(x$fpl$printf1)
 <LI><a href="#[2c]">_printf_input_char</a> from _printf_char_common.o(.text) referenced from _printf_char_common.o(.text)
 <LI><a href="#[2b]">_sputc</a> from _sputc.o(.text) referenced from noretval__2sprintf.o(.text)
</UL>
<P>
<H3>
Global Symbols
</H3>
<P><STRONG><a name="[2e]"></a>__main</STRONG> (Thumb, 8 bytes, Stack size 0 bytes, __main.o(!!!main))
<BR><BR>[Calls]<UL><LI><a href="#[30]">&gt;&gt;</a>&nbsp;&nbsp;&nbsp;__rt_entry
<LI><a href="#[2f]">&gt;&gt;</a>&nbsp;&nbsp;&nbsp;__scatterload
</UL>

<P><STRONG><a name="[2f]"></a>__scatterload</STRONG> (Thumb, 0 bytes, Stack size unknown bytes, __scatter.o(!!!scatter))
<BR><BR>[Called By]<UL><LI><a href="#[2e]">&gt;&gt;</a>&nbsp;&nbsp;&nbsp;__main
</UL>

<P><STRONG><a name="[31]"></a>__scatterload_rt2</STRONG> (Thumb, 52 bytes, Stack size unknown bytes, __scatter.o(!!!scatter), UNUSED)
<BR><BR>[Calls]<UL><LI><a href="#[30]">&gt;&gt;</a>&nbsp;&nbsp;&nbsp;__rt_entry
</UL>

<P><STRONG><a name="[95]"></a>__scatterload_rt2_thumb_only</STRONG> (Thumb, 0 bytes, Stack size unknown bytes, __scatter.o(!!!scatter), UNUSED)

<P><STRONG><a name="[96]"></a>__scatterload_null</STRONG> (Thumb, 0 bytes, Stack size unknown bytes, __scatter.o(!!!scatter), UNUSED)

<P><STRONG><a name="[32]"></a>__scatterload_copy</STRONG> (Thumb, 26 bytes, Stack size unknown bytes, __scatter_copy.o(!!handler_copy), UNUSED)
<BR><BR>[Calls]<UL><LI><a href="#[32]">&gt;&gt;</a>&nbsp;&nbsp;&nbsp;__scatterload_copy
</UL>
<BR>[Called By]<UL><LI><a href="#[32]">&gt;&gt;</a>&nbsp;&nbsp;&nbsp;__scatterload_copy
</UL>

<P><STRONG><a name="[97]"></a>__scatterload_zeroinit</STRONG> (Thumb, 28 bytes, Stack size unknown bytes, __scatter_zi.o(!!handler_zi), UNUSED)

<P><STRONG><a name="[74]"></a>_printf_percent</STRONG> (Thumb, 0 bytes, Stack size unknown bytes, _printf_percent.o(.ARM.Collect$$_printf_percent$$00000000))
<BR><BR>[Called By]<UL><LI><a href="#[72]">&gt;&gt;</a>&nbsp;&nbsp;&nbsp;__printf
</UL>

<P><STRONG><a name="[33]"></a>_printf_f</STRONG> (Thumb, 0 bytes, Stack size unknown bytes, _printf_f.o(.ARM.Collect$$_printf_percent$$00000003))
<BR><BR>[Stack]<UL><LI>Max Depth = 8 + Unknown Stack Size
<LI>Call Chain = _printf_f &rArr; _printf_fp_dec
</UL>
<BR>[Calls]<UL><LI><a href="#[34]">&gt;&gt;</a>&nbsp;&nbsp;&nbsp;_printf_percent_end
<LI><a href="#[35]">&gt;&gt;</a>&nbsp;&nbsp;&nbsp;_printf_fp_dec
</UL>

<P><STRONG><a name="[34]"></a>_printf_percent_end</STRONG> (Thumb, 0 bytes, Stack size unknown bytes, _printf_percent_end.o(.ARM.Collect$$_printf_percent$$00000017))
<BR><BR>[Called By]<UL><LI><a href="#[33]">&gt;&gt;</a>&nbsp;&nbsp;&nbsp;_printf_f
</UL>

<P><STRONG><a name="[3d]"></a>__rt_lib_init</STRONG> (Thumb, 0 bytes, Stack size unknown bytes, libinit.o(.ARM.Collect$$libinit$$00000000))
<BR><BR>[Called By]<UL><LI><a href="#[3c]">&gt;&gt;</a>&nbsp;&nbsp;&nbsp;__rt_entry_li
</UL>

<P><STRONG><a name="[98]"></a>__rt_lib_init_fp_1</STRONG> (Thumb, 0 bytes, Stack size unknown bytes, libinit2.o(.ARM.Collect$$libinit$$00000001))

<P><STRONG><a name="[99]"></a>__rt_lib_init_heap_1</STRONG> (Thumb, 0 bytes, Stack size unknown bytes, libinit2.o(.ARM.Collect$$libinit$$00000008))

<P><STRONG><a name="[36]"></a>__rt_lib_init_lc_common</STRONG> (Thumb, 0 bytes, Stack size unknown bytes, libinit2.o(.ARM.Collect$$libinit$$0000000D))
<BR><BR>[Calls]<UL><LI><a href="#[37]">&gt;&gt;</a>&nbsp;&nbsp;&nbsp;__rt_locale
</UL>

<P><STRONG><a name="[9a]"></a>__rt_lib_init_rand_1</STRONG> (Thumb, 0 bytes, Stack size unknown bytes, libinit2.o(.ARM.Collect$$libinit$$0000000C))

<P><STRONG><a name="[9b]"></a>__rt_lib_init_user_alloc_1</STRONG> (Thumb, 0 bytes, Stack size unknown bytes, libinit2.o(.ARM.Collect$$libinit$$0000000A))

<P><STRONG><a name="[9c]"></a>__rt_lib_init_lc_collate_1</STRONG> (Thumb, 0 bytes, Stack size unknown bytes, libinit2.o(.ARM.Collect$$libinit$$0000000F))

<P><STRONG><a name="[9d]"></a>__rt_lib_init_lc_ctype_1</STRONG> (Thumb, 0 bytes, Stack size unknown bytes, libinit2.o(.ARM.Collect$$libinit$$00000011))

<P><STRONG><a name="[9e]"></a>__rt_lib_init_lc_monetary_1</STRONG> (Thumb, 0 bytes, Stack size unknown bytes, libinit2.o(.ARM.Collect$$libinit$$00000013))

<P><STRONG><a name="[38]"></a>__rt_lib_init_lc_numeric_2</STRONG> (Thumb, 0 bytes, Stack size unknown bytes, libinit2.o(.ARM.Collect$$libinit$$00000014))
<BR><BR>[Stack]<UL><LI>Max Depth = 24 + Unknown Stack Size
<LI>Call Chain = __rt_lib_init_lc_numeric_2 &rArr; _get_lc_numeric &rArr; strcmp
</UL>
<BR>[Calls]<UL><LI><a href="#[39]">&gt;&gt;</a>&nbsp;&nbsp;&nbsp;_get_lc_numeric
</UL>

<P><STRONG><a name="[9f]"></a>__rt_lib_init_alloca_1</STRONG> (Thumb, 0 bytes, Stack size unknown bytes, libinit2.o(.ARM.Collect$$libinit$$0000002C))

<P><STRONG><a name="[a0]"></a>__rt_lib_init_argv_1</STRONG> (Thumb, 0 bytes, Stack size unknown bytes, libinit2.o(.ARM.Collect$$libinit$$0000002A))

<P><STRONG><a name="[a1]"></a>__rt_lib_init_atexit_1</STRONG> (Thumb, 0 bytes, Stack size unknown bytes, libinit2.o(.ARM.Collect$$libinit$$00000019))

<P><STRONG><a name="[a2]"></a>__rt_lib_init_clock_1</STRONG> (Thumb, 0 bytes, Stack size unknown bytes, libinit2.o(.ARM.Collect$$libinit$$0000001F))

<P><STRONG><a name="[a3]"></a>__rt_lib_init_cpp_1</STRONG> (Thumb, 0 bytes, Stack size unknown bytes, libinit2.o(.ARM.Collect$$libinit$$00000030))

<P><STRONG><a name="[a4]"></a>__rt_lib_init_exceptions_1</STRONG> (Thumb, 0 bytes, Stack size unknown bytes, libinit2.o(.ARM.Collect$$libinit$$0000002E))

<P><STRONG><a name="[a5]"></a>__rt_lib_init_fp_trap_1</STRONG> (Thumb, 0 bytes, Stack size unknown bytes, libinit2.o(.ARM.Collect$$libinit$$0000001D))

<P><STRONG><a name="[a6]"></a>__rt_lib_init_getenv_1</STRONG> (Thumb, 0 bytes, Stack size unknown bytes, libinit2.o(.ARM.Collect$$libinit$$00000021))

<P><STRONG><a name="[a7]"></a>__rt_lib_init_lc_numeric_1</STRONG> (Thumb, 0 bytes, Stack size unknown bytes, libinit2.o(.ARM.Collect$$libinit$$00000015))

<P><STRONG><a name="[a8]"></a>__rt_lib_init_lc_time_1</STRONG> (Thumb, 0 bytes, Stack size unknown bytes, libinit2.o(.ARM.Collect$$libinit$$00000017))

<P><STRONG><a name="[a9]"></a>__rt_lib_init_return</STRONG> (Thumb, 0 bytes, Stack size unknown bytes, libinit2.o(.ARM.Collect$$libinit$$00000031))

<P><STRONG><a name="[aa]"></a>__rt_lib_init_signal_1</STRONG> (Thumb, 0 bytes, Stack size unknown bytes, libinit2.o(.ARM.Collect$$libinit$$0000001B))

<P><STRONG><a name="[ab]"></a>__rt_lib_init_stdio_1</STRONG> (Thumb, 0 bytes, Stack size unknown bytes, libinit2.o(.ARM.Collect$$libinit$$00000023))

<P><STRONG><a name="[42]"></a>__rt_lib_shutdown</STRONG> (Thumb, 0 bytes, Stack size unknown bytes, libshutdown.o(.ARM.Collect$$libshutdown$$00000000))
<BR><BR>[Called By]<UL><LI><a href="#[41]">&gt;&gt;</a>&nbsp;&nbsp;&nbsp;__rt_exit_ls
</UL>

<P><STRONG><a name="[ac]"></a>__rt_lib_shutdown_fp_trap_1</STRONG> (Thumb, 0 bytes, Stack size unknown bytes, libshutdown2.o(.ARM.Collect$$libshutdown$$00000006))

<P><STRONG><a name="[ad]"></a>__rt_lib_shutdown_heap_1</STRONG> (Thumb, 0 bytes, Stack size unknown bytes, libshutdown2.o(.ARM.Collect$$libshutdown$$0000000E))

<P><STRONG><a name="[ae]"></a>__rt_lib_shutdown_return</STRONG> (Thumb, 0 bytes, Stack size unknown bytes, libshutdown2.o(.ARM.Collect$$libshutdown$$0000000F))

<P><STRONG><a name="[af]"></a>__rt_lib_shutdown_signal_1</STRONG> (Thumb, 0 bytes, Stack size unknown bytes, libshutdown2.o(.ARM.Collect$$libshutdown$$00000009))

<P><STRONG><a name="[b0]"></a>__rt_lib_shutdown_stdio_1</STRONG> (Thumb, 0 bytes, Stack size unknown bytes, libshutdown2.o(.ARM.Collect$$libshutdown$$00000003))

<P><STRONG><a name="[b1]"></a>__rt_lib_shutdown_user_alloc_1</STRONG> (Thumb, 0 bytes, Stack size unknown bytes, libshutdown2.o(.ARM.Collect$$libshutdown$$0000000B))

<P><STRONG><a name="[30]"></a>__rt_entry</STRONG> (Thumb, 0 bytes, Stack size unknown bytes, rtentry.o(.ARM.Collect$$rtentry$$00000000))
<BR><BR>[Called By]<UL><LI><a href="#[2e]">&gt;&gt;</a>&nbsp;&nbsp;&nbsp;__main
<LI><a href="#[31]">&gt;&gt;</a>&nbsp;&nbsp;&nbsp;__scatterload_rt2
</UL>

<P><STRONG><a name="[b2]"></a>__rt_entry_presh_1</STRONG> (Thumb, 0 bytes, Stack size unknown bytes, rtentry2.o(.ARM.Collect$$rtentry$$00000002))

<P><STRONG><a name="[3a]"></a>__rt_entry_sh</STRONG> (Thumb, 0 bytes, Stack size unknown bytes, rtentry4.o(.ARM.Collect$$rtentry$$00000004))
<BR><BR>[Stack]<UL><LI>Max Depth = 8 + Unknown Stack Size
<LI>Call Chain = __rt_entry_sh &rArr; __user_setup_stackheap
</UL>
<BR>[Calls]<UL><LI><a href="#[3b]">&gt;&gt;</a>&nbsp;&nbsp;&nbsp;__user_setup_stackheap
</UL>

<P><STRONG><a name="[3c]"></a>__rt_entry_li</STRONG> (Thumb, 0 bytes, Stack size unknown bytes, rtentry2.o(.ARM.Collect$$rtentry$$0000000A))
<BR><BR>[Calls]<UL><LI><a href="#[3d]">&gt;&gt;</a>&nbsp;&nbsp;&nbsp;__rt_lib_init
</UL>

<P><STRONG><a name="[b3]"></a>__rt_entry_postsh_1</STRONG> (Thumb, 0 bytes, Stack size unknown bytes, rtentry2.o(.ARM.Collect$$rtentry$$00000009))

<P><STRONG><a name="[3e]"></a>__rt_entry_main</STRONG> (Thumb, 0 bytes, Stack size unknown bytes, rtentry2.o(.ARM.Collect$$rtentry$$0000000D))
<BR><BR>[Stack]<UL><LI>Max Depth = 136 + Unknown Stack Size
<LI>Call Chain = __rt_entry_main &rArr; main &rArr; __2sprintf &rArr; _printf_char_common &rArr; __printf
</UL>
<BR>[Calls]<UL><LI><a href="#[40]">&gt;&gt;</a>&nbsp;&nbsp;&nbsp;exit
<LI><a href="#[3f]">&gt;&gt;</a>&nbsp;&nbsp;&nbsp;main
</UL>

<P><STRONG><a name="[b4]"></a>__rt_entry_postli_1</STRONG> (Thumb, 0 bytes, Stack size unknown bytes, rtentry2.o(.ARM.Collect$$rtentry$$0000000C))

<P><STRONG><a name="[91]"></a>__rt_exit</STRONG> (Thumb, 0 bytes, Stack size unknown bytes, rtexit.o(.ARM.Collect$$rtexit$$00000000))
<BR><BR>[Called By]<UL><LI><a href="#[40]">&gt;&gt;</a>&nbsp;&nbsp;&nbsp;exit
</UL>

<P><STRONG><a name="[41]"></a>__rt_exit_ls</STRONG> (Thumb, 0 bytes, Stack size unknown bytes, rtexit2.o(.ARM.Collect$$rtexit$$00000003))
<BR><BR>[Calls]<UL><LI><a href="#[42]">&gt;&gt;</a>&nbsp;&nbsp;&nbsp;__rt_lib_shutdown
</UL>

<P><STRONG><a name="[b5]"></a>__rt_exit_prels_1</STRONG> (Thumb, 0 bytes, Stack size unknown bytes, rtexit2.o(.ARM.Collect$$rtexit$$00000002))

<P><STRONG><a name="[43]"></a>__rt_exit_exit</STRONG> (Thumb, 0 bytes, Stack size unknown bytes, rtexit2.o(.ARM.Collect$$rtexit$$00000004))
<BR><BR>[Calls]<UL><LI><a href="#[44]">&gt;&gt;</a>&nbsp;&nbsp;&nbsp;_sys_exit
</UL>

<P><STRONG><a name="[56]"></a>delay</STRONG> (Thumb, 14 bytes, Stack size 0 bytes, main.o(.text))
<BR><BR>[Called By]<UL><LI><a href="#[3f]">&gt;&gt;</a>&nbsp;&nbsp;&nbsp;main
</UL>

<P><STRONG><a name="[45]"></a>GPIO_setup</STRONG> (Thumb, 74 bytes, Stack size 16 bytes, main.o(.text))
<BR><BR>[Stack]<UL><LI>Max Depth = 36<LI>Call Chain = GPIO_setup &rArr; GPIO_Init
</UL>
<BR>[Calls]<UL><LI><a href="#[46]">&gt;&gt;</a>&nbsp;&nbsp;&nbsp;RCC_AHBPeriphClockCmd
<LI><a href="#[47]">&gt;&gt;</a>&nbsp;&nbsp;&nbsp;GPIO_Init
</UL>
<BR>[Called By]<UL><LI><a href="#[3f]">&gt;&gt;</a>&nbsp;&nbsp;&nbsp;main
</UL>

<P><STRONG><a name="[48]"></a>adc_setup</STRONG> (Thumb, 130 bytes, Stack size 40 bytes, main.o(.text))
<BR><BR>[Stack]<UL><LI>Max Depth = 60<LI>Call Chain = adc_setup &rArr; GPIO_Init
</UL>
<BR>[Calls]<UL><LI><a href="#[49]">&gt;&gt;</a>&nbsp;&nbsp;&nbsp;RCC_APB2PeriphClockCmd
<LI><a href="#[46]">&gt;&gt;</a>&nbsp;&nbsp;&nbsp;RCC_AHBPeriphClockCmd
<LI><a href="#[47]">&gt;&gt;</a>&nbsp;&nbsp;&nbsp;GPIO_Init
<LI><a href="#[4b]">&gt;&gt;</a>&nbsp;&nbsp;&nbsp;ADC_StructInit
<LI><a href="#[51]">&gt;&gt;</a>&nbsp;&nbsp;&nbsp;ADC_StartOfConversion
<LI><a href="#[4c]">&gt;&gt;</a>&nbsp;&nbsp;&nbsp;ADC_Init
<LI><a href="#[50]">&gt;&gt;</a>&nbsp;&nbsp;&nbsp;ADC_GetFlagStatus
<LI><a href="#[4e]">&gt;&gt;</a>&nbsp;&nbsp;&nbsp;ADC_GetCalibrationFactor
<LI><a href="#[4a]">&gt;&gt;</a>&nbsp;&nbsp;&nbsp;ADC_DeInit
<LI><a href="#[4f]">&gt;&gt;</a>&nbsp;&nbsp;&nbsp;ADC_Cmd
<LI><a href="#[4d]">&gt;&gt;</a>&nbsp;&nbsp;&nbsp;ADC_ChannelConfig
</UL>
<BR>[Called By]<UL><LI><a href="#[3f]">&gt;&gt;</a>&nbsp;&nbsp;&nbsp;main
</UL>

<P><STRONG><a name="[52]"></a>read_adc</STRONG> (Thumb, 28 bytes, Stack size 8 bytes, main.o(.text))
<BR><BR>[Stack]<UL><LI>Max Depth = 20<LI>Call Chain = read_adc &rArr; ADC_GetFlagStatus
</UL>
<BR>[Calls]<UL><LI><a href="#[50]">&gt;&gt;</a>&nbsp;&nbsp;&nbsp;ADC_GetFlagStatus
<LI><a href="#[53]">&gt;&gt;</a>&nbsp;&nbsp;&nbsp;ADC_GetConversionValue
</UL>
<BR>[Called By]<UL><LI><a href="#[3f]">&gt;&gt;</a>&nbsp;&nbsp;&nbsp;main
</UL>

<P><STRONG><a name="[3f]"></a>main</STRONG> (Thumb, 168 bytes, Stack size 8 bytes, main.o(.text))
<BR><BR>[Stack]<UL><LI>Max Depth = 136 + Unknown Stack Size
<LI>Call Chain = main &rArr; __2sprintf &rArr; _printf_char_common &rArr; __printf
</UL>
<BR>[Calls]<UL><LI><a href="#[5d]">&gt;&gt;</a>&nbsp;&nbsp;&nbsp;__aeabi_cfrcmple
<LI><a href="#[5e]">&gt;&gt;</a>&nbsp;&nbsp;&nbsp;__aeabi_cfcmple
<LI><a href="#[58]">&gt;&gt;</a>&nbsp;&nbsp;&nbsp;__aeabi_ui2f
<LI><a href="#[59]">&gt;&gt;</a>&nbsp;&nbsp;&nbsp;__aeabi_f2d
<LI><a href="#[5a]">&gt;&gt;</a>&nbsp;&nbsp;&nbsp;__aeabi_ddiv
<LI><a href="#[5b]">&gt;&gt;</a>&nbsp;&nbsp;&nbsp;__aeabi_d2f
<LI><a href="#[5c]">&gt;&gt;</a>&nbsp;&nbsp;&nbsp;__2sprintf
<LI><a href="#[55]">&gt;&gt;</a>&nbsp;&nbsp;&nbsp;LCD16X2_PutString
<LI><a href="#[54]">&gt;&gt;</a>&nbsp;&nbsp;&nbsp;LCD16X2_Init
<LI><a href="#[57]">&gt;&gt;</a>&nbsp;&nbsp;&nbsp;LCD16X2_Gotoxy
<LI><a href="#[52]">&gt;&gt;</a>&nbsp;&nbsp;&nbsp;read_adc
<LI><a href="#[48]">&gt;&gt;</a>&nbsp;&nbsp;&nbsp;adc_setup
<LI><a href="#[45]">&gt;&gt;</a>&nbsp;&nbsp;&nbsp;GPIO_setup
<LI><a href="#[56]">&gt;&gt;</a>&nbsp;&nbsp;&nbsp;delay
</UL>
<BR>[Called By]<UL><LI><a href="#[3e]">&gt;&gt;</a>&nbsp;&nbsp;&nbsp;__rt_entry_main
</UL>

<P><STRONG><a name="[5f]"></a>GPIO_DeInit</STRONG> (Thumb, 132 bytes, Stack size 8 bytes, stm32f0xx_gpio.o(.text), UNUSED)
<BR><BR>[Calls]<UL><LI><a href="#[60]">&gt;&gt;</a>&nbsp;&nbsp;&nbsp;RCC_AHBPeriphResetCmd
</UL>

<P><STRONG><a name="[47]"></a>GPIO_Init</STRONG> (Thumb, 144 bytes, Stack size 20 bytes, stm32f0xx_gpio.o(.text))
<BR><BR>[Stack]<UL><LI>Max Depth = 20<LI>Call Chain = GPIO_Init
</UL>
<BR>[Called By]<UL><LI><a href="#[48]">&gt;&gt;</a>&nbsp;&nbsp;&nbsp;adc_setup
<LI><a href="#[45]">&gt;&gt;</a>&nbsp;&nbsp;&nbsp;GPIO_setup
</UL>

<P><STRONG><a name="[b6]"></a>GPIO_StructInit</STRONG> (Thumb, 20 bytes, Stack size 0 bytes, stm32f0xx_gpio.o(.text), UNUSED)

<P><STRONG><a name="[b7]"></a>GPIO_PinLockConfig</STRONG> (Thumb, 34 bytes, Stack size 8 bytes, stm32f0xx_gpio.o(.text), UNUSED)

<P><STRONG><a name="[b8]"></a>GPIO_ReadInputDataBit</STRONG> (Thumb, 20 bytes, Stack size 0 bytes, stm32f0xx_gpio.o(.text), UNUSED)

<P><STRONG><a name="[b9]"></a>GPIO_ReadInputData</STRONG> (Thumb, 6 bytes, Stack size 0 bytes, stm32f0xx_gpio.o(.text), UNUSED)

<P><STRONG><a name="[ba]"></a>GPIO_ReadOutputDataBit</STRONG> (Thumb, 20 bytes, Stack size 0 bytes, stm32f0xx_gpio.o(.text), UNUSED)

<P><STRONG><a name="[bb]"></a>GPIO_ReadOutputData</STRONG> (Thumb, 6 bytes, Stack size 0 bytes, stm32f0xx_gpio.o(.text), UNUSED)

<P><STRONG><a name="[6b]"></a>GPIO_SetBits</STRONG> (Thumb, 4 bytes, Stack size 0 bytes, stm32f0xx_gpio.o(.text))
<BR><BR>[Called By]<UL><LI><a href="#[70]">&gt;&gt;</a>&nbsp;&nbsp;&nbsp;LCD16X2_PutChar
<LI><a href="#[6a]">&gt;&gt;</a>&nbsp;&nbsp;&nbsp;LCD16X2_Enable
</UL>

<P><STRONG><a name="[6c]"></a>GPIO_ResetBits</STRONG> (Thumb, 4 bytes, Stack size 0 bytes, stm32f0xx_gpio.o(.text))
<BR><BR>[Called By]<UL><LI><a href="#[70]">&gt;&gt;</a>&nbsp;&nbsp;&nbsp;LCD16X2_PutChar
<LI><a href="#[6a]">&gt;&gt;</a>&nbsp;&nbsp;&nbsp;LCD16X2_Enable
<LI><a href="#[54]">&gt;&gt;</a>&nbsp;&nbsp;&nbsp;LCD16X2_Init
</UL>

<P><STRONG><a name="[bc]"></a>GPIO_WriteBit</STRONG> (Thumb, 12 bytes, Stack size 0 bytes, stm32f0xx_gpio.o(.text), UNUSED)

<P><STRONG><a name="[bd]"></a>GPIO_Write</STRONG> (Thumb, 4 bytes, Stack size 0 bytes, stm32f0xx_gpio.o(.text), UNUSED)

<P><STRONG><a name="[be]"></a>GPIO_PinAFConfig</STRONG> (Thumb, 68 bytes, Stack size 20 bytes, stm32f0xx_gpio.o(.text), UNUSED)

<P><STRONG><a name="[bf]"></a>RCC_DeInit</STRONG> (Thumb, 104 bytes, Stack size 0 bytes, stm32f0xx_rcc.o(.text), UNUSED)

<P><STRONG><a name="[c0]"></a>RCC_HSEConfig</STRONG> (Thumb, 12 bytes, Stack size 0 bytes, stm32f0xx_rcc.o(.text), UNUSED)

<P><STRONG><a name="[62]"></a>RCC_GetFlagStatus</STRONG> (Thumb, 68 bytes, Stack size 8 bytes, stm32f0xx_rcc.o(.text), UNUSED)
<BR><BR>[Called By]<UL><LI><a href="#[61]">&gt;&gt;</a>&nbsp;&nbsp;&nbsp;RCC_WaitForHSEStartUp
</UL>

<P><STRONG><a name="[61]"></a>RCC_WaitForHSEStartUp</STRONG> (Thumb, 60 bytes, Stack size 16 bytes, stm32f0xx_rcc.o(.text), UNUSED)
<BR><BR>[Calls]<UL><LI><a href="#[62]">&gt;&gt;</a>&nbsp;&nbsp;&nbsp;RCC_GetFlagStatus
</UL>

<P><STRONG><a name="[c1]"></a>RCC_AdjustHSICalibrationValue</STRONG> (Thumb, 26 bytes, Stack size 0 bytes, stm32f0xx_rcc.o(.text), UNUSED)

<P><STRONG><a name="[c2]"></a>RCC_HSICmd</STRONG> (Thumb, 32 bytes, Stack size 0 bytes, stm32f0xx_rcc.o(.text), UNUSED)

<P><STRONG><a name="[c3]"></a>RCC_AdjustHSI14CalibrationValue</STRONG> (Thumb, 26 bytes, Stack size 0 bytes, stm32f0xx_rcc.o(.text), UNUSED)

<P><STRONG><a name="[c4]"></a>RCC_HSI14Cmd</STRONG> (Thumb, 32 bytes, Stack size 0 bytes, stm32f0xx_rcc.o(.text), UNUSED)

<P><STRONG><a name="[c5]"></a>RCC_HSI14ADCRequestCmd</STRONG> (Thumb, 32 bytes, Stack size 0 bytes, stm32f0xx_rcc.o(.text), UNUSED)

<P><STRONG><a name="[c6]"></a>RCC_LSEConfig</STRONG> (Thumb, 34 bytes, Stack size 0 bytes, stm32f0xx_rcc.o(.text), UNUSED)

<P><STRONG><a name="[c7]"></a>RCC_LSEDriveConfig</STRONG> (Thumb, 22 bytes, Stack size 0 bytes, stm32f0xx_rcc.o(.text), UNUSED)

<P><STRONG><a name="[c8]"></a>RCC_LSICmd</STRONG> (Thumb, 32 bytes, Stack size 0 bytes, stm32f0xx_rcc.o(.text), UNUSED)

<P><STRONG><a name="[c9]"></a>RCC_PLLConfig</STRONG> (Thumb, 30 bytes, Stack size 0 bytes, stm32f0xx_rcc.o(.text), UNUSED)

<P><STRONG><a name="[ca]"></a>RCC_PLLCmd</STRONG> (Thumb, 36 bytes, Stack size 0 bytes, stm32f0xx_rcc.o(.text), UNUSED)

<P><STRONG><a name="[cb]"></a>RCC_PREDIV1Config</STRONG> (Thumb, 24 bytes, Stack size 0 bytes, stm32f0xx_rcc.o(.text), UNUSED)

<P><STRONG><a name="[cc]"></a>RCC_ClockSecuritySystemCmd</STRONG> (Thumb, 36 bytes, Stack size 0 bytes, stm32f0xx_rcc.o(.text), UNUSED)

<P><STRONG><a name="[cd]"></a>RCC_MCOConfig</STRONG> (Thumb, 6 bytes, Stack size 0 bytes, stm32f0xx_rcc.o(.text), UNUSED)

<P><STRONG><a name="[ce]"></a>RCC_SYSCLKConfig</STRONG> (Thumb, 24 bytes, Stack size 0 bytes, stm32f0xx_rcc.o(.text), UNUSED)

<P><STRONG><a name="[cf]"></a>RCC_GetSYSCLKSource</STRONG> (Thumb, 10 bytes, Stack size 0 bytes, stm32f0xx_rcc.o(.text), UNUSED)

<P><STRONG><a name="[d0]"></a>RCC_HCLKConfig</STRONG> (Thumb, 28 bytes, Stack size 0 bytes, stm32f0xx_rcc.o(.text), UNUSED)

<P><STRONG><a name="[d1]"></a>RCC_PCLKConfig</STRONG> (Thumb, 30 bytes, Stack size 0 bytes, stm32f0xx_rcc.o(.text), UNUSED)

<P><STRONG><a name="[d2]"></a>RCC_ADCCLKConfig</STRONG> (Thumb, 52 bytes, Stack size 0 bytes, stm32f0xx_rcc.o(.text), UNUSED)

<P><STRONG><a name="[d3]"></a>RCC_CECCLKConfig</STRONG> (Thumb, 22 bytes, Stack size 0 bytes, stm32f0xx_rcc.o(.text), UNUSED)

<P><STRONG><a name="[d4]"></a>RCC_I2CCLKConfig</STRONG> (Thumb, 22 bytes, Stack size 0 bytes, stm32f0xx_rcc.o(.text), UNUSED)

<P><STRONG><a name="[d5]"></a>RCC_USARTCLKConfig</STRONG> (Thumb, 22 bytes, Stack size 0 bytes, stm32f0xx_rcc.o(.text), UNUSED)

<P><STRONG><a name="[63]"></a>RCC_GetClocksFreq</STRONG> (Thumb, 368 bytes, Stack size 32 bytes, stm32f0xx_rcc.o(.text), UNUSED)
<BR><BR>[Calls]<UL><LI><a href="#[64]">&gt;&gt;</a>&nbsp;&nbsp;&nbsp;__aeabi_uidivmod
</UL>

<P><STRONG><a name="[d6]"></a>RCC_RTCCLKConfig</STRONG> (Thumb, 12 bytes, Stack size 0 bytes, stm32f0xx_rcc.o(.text), UNUSED)

<P><STRONG><a name="[d7]"></a>RCC_RTCCLKCmd</STRONG> (Thumb, 36 bytes, Stack size 0 bytes, stm32f0xx_rcc.o(.text), UNUSED)

<P><STRONG><a name="[d8]"></a>RCC_BackupResetCmd</STRONG> (Thumb, 36 bytes, Stack size 0 bytes, stm32f0xx_rcc.o(.text), UNUSED)

<P><STRONG><a name="[46]"></a>RCC_AHBPeriphClockCmd</STRONG> (Thumb, 28 bytes, Stack size 0 bytes, stm32f0xx_rcc.o(.text))
<BR><BR>[Called By]<UL><LI><a href="#[48]">&gt;&gt;</a>&nbsp;&nbsp;&nbsp;adc_setup
<LI><a href="#[45]">&gt;&gt;</a>&nbsp;&nbsp;&nbsp;GPIO_setup
</UL>

<P><STRONG><a name="[49]"></a>RCC_APB2PeriphClockCmd</STRONG> (Thumb, 28 bytes, Stack size 0 bytes, stm32f0xx_rcc.o(.text))
<BR><BR>[Called By]<UL><LI><a href="#[48]">&gt;&gt;</a>&nbsp;&nbsp;&nbsp;adc_setup
</UL>

<P><STRONG><a name="[d9]"></a>RCC_APB1PeriphClockCmd</STRONG> (Thumb, 28 bytes, Stack size 0 bytes, stm32f0xx_rcc.o(.text), UNUSED)

<P><STRONG><a name="[60]"></a>RCC_AHBPeriphResetCmd</STRONG> (Thumb, 28 bytes, Stack size 0 bytes, stm32f0xx_rcc.o(.text), UNUSED)
<BR><BR>[Called By]<UL><LI><a href="#[5f]">&gt;&gt;</a>&nbsp;&nbsp;&nbsp;GPIO_DeInit
</UL>

<P><STRONG><a name="[65]"></a>RCC_APB2PeriphResetCmd</STRONG> (Thumb, 28 bytes, Stack size 0 bytes, stm32f0xx_rcc.o(.text))
<BR><BR>[Called By]<UL><LI><a href="#[4a]">&gt;&gt;</a>&nbsp;&nbsp;&nbsp;ADC_DeInit
</UL>

<P><STRONG><a name="[da]"></a>RCC_APB1PeriphResetCmd</STRONG> (Thumb, 28 bytes, Stack size 0 bytes, stm32f0xx_rcc.o(.text), UNUSED)

<P><STRONG><a name="[db]"></a>RCC_ITConfig</STRONG> (Thumb, 28 bytes, Stack size 0 bytes, stm32f0xx_rcc.o(.text), UNUSED)

<P><STRONG><a name="[dc]"></a>RCC_ClearFlag</STRONG> (Thumb, 16 bytes, Stack size 0 bytes, stm32f0xx_rcc.o(.text), UNUSED)

<P><STRONG><a name="[dd]"></a>RCC_GetITStatus</STRONG> (Thumb, 22 bytes, Stack size 0 bytes, stm32f0xx_rcc.o(.text), UNUSED)

<P><STRONG><a name="[de]"></a>RCC_ClearITPendingBit</STRONG> (Thumb, 6 bytes, Stack size 0 bytes, stm32f0xx_rcc.o(.text), UNUSED)

<P><STRONG><a name="[4a]"></a>ADC_DeInit</STRONG> (Thumb, 28 bytes, Stack size 8 bytes, stm32f0xx_adc.o(.text))
<BR><BR>[Stack]<UL><LI>Max Depth = 8<LI>Call Chain = ADC_DeInit
</UL>
<BR>[Calls]<UL><LI><a href="#[65]">&gt;&gt;</a>&nbsp;&nbsp;&nbsp;RCC_APB2PeriphResetCmd
</UL>
<BR>[Called By]<UL><LI><a href="#[48]">&gt;&gt;</a>&nbsp;&nbsp;&nbsp;adc_setup
</UL>

<P><STRONG><a name="[4c]"></a>ADC_Init</STRONG> (Thumb, 40 bytes, Stack size 8 bytes, stm32f0xx_adc.o(.text))
<BR><BR>[Stack]<UL><LI>Max Depth = 8<LI>Call Chain = ADC_Init
</UL>
<BR>[Called By]<UL><LI><a href="#[48]">&gt;&gt;</a>&nbsp;&nbsp;&nbsp;adc_setup
</UL>

<P><STRONG><a name="[4b]"></a>ADC_StructInit</STRONG> (Thumb, 16 bytes, Stack size 0 bytes, stm32f0xx_adc.o(.text))
<BR><BR>[Called By]<UL><LI><a href="#[48]">&gt;&gt;</a>&nbsp;&nbsp;&nbsp;adc_setup
</UL>

<P><STRONG><a name="[4f]"></a>ADC_Cmd</STRONG> (Thumb, 24 bytes, Stack size 0 bytes, stm32f0xx_adc.o(.text))
<BR><BR>[Called By]<UL><LI><a href="#[48]">&gt;&gt;</a>&nbsp;&nbsp;&nbsp;adc_setup
</UL>

<P><STRONG><a name="[df]"></a>ADC_JitterCmd</STRONG> (Thumb, 20 bytes, Stack size 0 bytes, stm32f0xx_adc.o(.text), UNUSED)

<P><STRONG><a name="[e0]"></a>ADC_AutoPowerOffCmd</STRONG> (Thumb, 28 bytes, Stack size 0 bytes, stm32f0xx_adc.o(.text), UNUSED)

<P><STRONG><a name="[e1]"></a>ADC_WaitModeCmd</STRONG> (Thumb, 28 bytes, Stack size 0 bytes, stm32f0xx_adc.o(.text), UNUSED)

<P><STRONG><a name="[e2]"></a>ADC_AnalogWatchdogCmd</STRONG> (Thumb, 28 bytes, Stack size 0 bytes, stm32f0xx_adc.o(.text), UNUSED)

<P><STRONG><a name="[e3]"></a>ADC_AnalogWatchdogThresholdsConfig</STRONG> (Thumb, 8 bytes, Stack size 0 bytes, stm32f0xx_adc.o(.text), UNUSED)

<P><STRONG><a name="[e4]"></a>ADC_AnalogWatchdogSingleChannelConfig</STRONG> (Thumb, 28 bytes, Stack size 8 bytes, stm32f0xx_adc.o(.text), UNUSED)

<P><STRONG><a name="[e5]"></a>ADC_AnalogWatchdogSingleChannelCmd</STRONG> (Thumb, 28 bytes, Stack size 0 bytes, stm32f0xx_adc.o(.text), UNUSED)

<P><STRONG><a name="[e6]"></a>ADC_TempSensorCmd</STRONG> (Thumb, 36 bytes, Stack size 0 bytes, stm32f0xx_adc.o(.text), UNUSED)

<P><STRONG><a name="[e7]"></a>ADC_VrefintCmd</STRONG> (Thumb, 36 bytes, Stack size 0 bytes, stm32f0xx_adc.o(.text), UNUSED)

<P><STRONG><a name="[e8]"></a>ADC_VbatCmd</STRONG> (Thumb, 36 bytes, Stack size 0 bytes, stm32f0xx_adc.o(.text), UNUSED)

<P><STRONG><a name="[4d]"></a>ADC_ChannelConfig</STRONG> (Thumb, 24 bytes, Stack size 8 bytes, stm32f0xx_adc.o(.text))
<BR><BR>[Stack]<UL><LI>Max Depth = 8<LI>Call Chain = ADC_ChannelConfig
</UL>
<BR>[Called By]<UL><LI><a href="#[48]">&gt;&gt;</a>&nbsp;&nbsp;&nbsp;adc_setup
</UL>

<P><STRONG><a name="[e9]"></a>ADC_ContinuousModeCmd</STRONG> (Thumb, 28 bytes, Stack size 0 bytes, stm32f0xx_adc.o(.text), UNUSED)

<P><STRONG><a name="[ea]"></a>ADC_DiscModeCmd</STRONG> (Thumb, 28 bytes, Stack size 0 bytes, stm32f0xx_adc.o(.text), UNUSED)

<P><STRONG><a name="[eb]"></a>ADC_OverrunModeCmd</STRONG> (Thumb, 28 bytes, Stack size 0 bytes, stm32f0xx_adc.o(.text), UNUSED)

<P><STRONG><a name="[4e]"></a>ADC_GetCalibrationFactor</STRONG> (Thumb, 60 bytes, Stack size 12 bytes, stm32f0xx_adc.o(.text))
<BR><BR>[Stack]<UL><LI>Max Depth = 12<LI>Call Chain = ADC_GetCalibrationFactor
</UL>
<BR>[Called By]<UL><LI><a href="#[48]">&gt;&gt;</a>&nbsp;&nbsp;&nbsp;adc_setup
</UL>

<P><STRONG><a name="[ec]"></a>ADC_StopOfConversion</STRONG> (Thumb, 10 bytes, Stack size 0 bytes, stm32f0xx_adc.o(.text), UNUSED)

<P><STRONG><a name="[51]"></a>ADC_StartOfConversion</STRONG> (Thumb, 10 bytes, Stack size 0 bytes, stm32f0xx_adc.o(.text))
<BR><BR>[Called By]<UL><LI><a href="#[48]">&gt;&gt;</a>&nbsp;&nbsp;&nbsp;adc_setup
</UL>

<P><STRONG><a name="[53]"></a>ADC_GetConversionValue</STRONG> (Thumb, 8 bytes, Stack size 0 bytes, stm32f0xx_adc.o(.text))
<BR><BR>[Called By]<UL><LI><a href="#[52]">&gt;&gt;</a>&nbsp;&nbsp;&nbsp;read_adc
</UL>

<P><STRONG><a name="[ed]"></a>ADC_DMACmd</STRONG> (Thumb, 24 bytes, Stack size 0 bytes, stm32f0xx_adc.o(.text), UNUSED)

<P><STRONG><a name="[ee]"></a>ADC_DMARequestModeConfig</STRONG> (Thumb, 16 bytes, Stack size 0 bytes, stm32f0xx_adc.o(.text), UNUSED)

<P><STRONG><a name="[ef]"></a>ADC_ITConfig</STRONG> (Thumb, 20 bytes, Stack size 0 bytes, stm32f0xx_adc.o(.text), UNUSED)

<P><STRONG><a name="[50]"></a>ADC_GetFlagStatus</STRONG> (Thumb, 48 bytes, Stack size 12 bytes, stm32f0xx_adc.o(.text))
<BR><BR>[Stack]<UL><LI>Max Depth = 12<LI>Call Chain = ADC_GetFlagStatus
</UL>
<BR>[Called By]<UL><LI><a href="#[52]">&gt;&gt;</a>&nbsp;&nbsp;&nbsp;read_adc
<LI><a href="#[48]">&gt;&gt;</a>&nbsp;&nbsp;&nbsp;adc_setup
</UL>

<P><STRONG><a name="[f0]"></a>ADC_ClearFlag</STRONG> (Thumb, 4 bytes, Stack size 0 bytes, stm32f0xx_adc.o(.text), UNUSED)

<P><STRONG><a name="[f1]"></a>ADC_GetITStatus</STRONG> (Thumb, 34 bytes, Stack size 8 bytes, stm32f0xx_adc.o(.text), UNUSED)

<P><STRONG><a name="[f2]"></a>ADC_ClearITPendingBit</STRONG> (Thumb, 4 bytes, Stack size 0 bytes, stm32f0xx_adc.o(.text), UNUSED)

<P><STRONG><a name="[6]"></a>Reset_Handler</STRONG> (Thumb, 8 bytes, Stack size 0 bytes, startup_stm32f0xx.o(.text))
<BR>[Address Reference Count : 1]<UL><LI> startup_stm32f0xx.o(RESET)
</UL>
<P><STRONG><a name="[18]"></a>ADC1_COMP_IRQHandler</STRONG> (Thumb, 0 bytes, Stack size 0 bytes, startup_stm32f0xx.o(.text))
<BR><BR>[Calls]<UL><LI><a href="#[18]">&gt;&gt;</a>&nbsp;&nbsp;&nbsp;ADC1_COMP_IRQHandler
</UL>
<BR>[Called By]<UL><LI><a href="#[18]">&gt;&gt;</a>&nbsp;&nbsp;&nbsp;ADC1_COMP_IRQHandler
</UL>
<BR>[Address Reference Count : 1]<UL><LI> startup_stm32f0xx.o(RESET)
</UL>
<P><STRONG><a name="[28]"></a>CEC_IRQHandler</STRONG> (Thumb, 0 bytes, Stack size 0 bytes, startup_stm32f0xx.o(.text))
<BR>[Address Reference Count : 1]<UL><LI> startup_stm32f0xx.o(RESET)
</UL>
<P><STRONG><a name="[15]"></a>DMA1_Channel1_IRQHandler</STRONG> (Thumb, 0 bytes, Stack size 0 bytes, startup_stm32f0xx.o(.text))
<BR>[Address Reference Count : 1]<UL><LI> startup_stm32f0xx.o(RESET)
</UL>
<P><STRONG><a name="[16]"></a>DMA1_Channel2_3_IRQHandler</STRONG> (Thumb, 0 bytes, Stack size 0 bytes, startup_stm32f0xx.o(.text))
<BR>[Address Reference Count : 1]<UL><LI> startup_stm32f0xx.o(RESET)
</UL>
<P><STRONG><a name="[17]"></a>DMA1_Channel4_5_IRQHandler</STRONG> (Thumb, 0 bytes, Stack size 0 bytes, startup_stm32f0xx.o(.text))
<BR>[Address Reference Count : 1]<UL><LI> startup_stm32f0xx.o(RESET)
</UL>
<P><STRONG><a name="[11]"></a>EXTI0_1_IRQHandler</STRONG> (Thumb, 0 bytes, Stack size 0 bytes, startup_stm32f0xx.o(.text))
<BR>[Address Reference Count : 1]<UL><LI> startup_stm32f0xx.o(RESET)
</UL>
<P><STRONG><a name="[12]"></a>EXTI2_3_IRQHandler</STRONG> (Thumb, 0 bytes, Stack size 0 bytes, startup_stm32f0xx.o(.text))
<BR>[Address Reference Count : 1]<UL><LI> startup_stm32f0xx.o(RESET)
</UL>
<P><STRONG><a name="[13]"></a>EXTI4_15_IRQHandler</STRONG> (Thumb, 0 bytes, Stack size 0 bytes, startup_stm32f0xx.o(.text))
<BR>[Address Reference Count : 1]<UL><LI> startup_stm32f0xx.o(RESET)
</UL>
<P><STRONG><a name="[f]"></a>FLASH_IRQHandler</STRONG> (Thumb, 0 bytes, Stack size 0 bytes, startup_stm32f0xx.o(.text))
<BR>[Address Reference Count : 1]<UL><LI> startup_stm32f0xx.o(RESET)
</UL>
<P><STRONG><a name="[22]"></a>I2C1_IRQHandler</STRONG> (Thumb, 0 bytes, Stack size 0 bytes, startup_stm32f0xx.o(.text))
<BR>[Address Reference Count : 1]<UL><LI> startup_stm32f0xx.o(RESET)
</UL>
<P><STRONG><a name="[23]"></a>I2C2_IRQHandler</STRONG> (Thumb, 0 bytes, Stack size 0 bytes, startup_stm32f0xx.o(.text))
<BR>[Address Reference Count : 1]<UL><LI> startup_stm32f0xx.o(RESET)
</UL>
<P><STRONG><a name="[d]"></a>PVD_IRQHandler</STRONG> (Thumb, 0 bytes, Stack size 0 bytes, startup_stm32f0xx.o(.text))
<BR>[Address Reference Count : 1]<UL><LI> startup_stm32f0xx.o(RESET)
</UL>
<P><STRONG><a name="[10]"></a>RCC_IRQHandler</STRONG> (Thumb, 0 bytes, Stack size 0 bytes, startup_stm32f0xx.o(.text))
<BR>[Address Reference Count : 1]<UL><LI> startup_stm32f0xx.o(RESET)
</UL>
<P><STRONG><a name="[e]"></a>RTC_IRQHandler</STRONG> (Thumb, 0 bytes, Stack size 0 bytes, startup_stm32f0xx.o(.text))
<BR>[Address Reference Count : 1]<UL><LI> startup_stm32f0xx.o(RESET)
</UL>
<P><STRONG><a name="[24]"></a>SPI1_IRQHandler</STRONG> (Thumb, 0 bytes, Stack size 0 bytes, startup_stm32f0xx.o(.text))
<BR>[Address Reference Count : 1]<UL><LI> startup_stm32f0xx.o(RESET)
</UL>
<P><STRONG><a name="[25]"></a>SPI2_IRQHandler</STRONG> (Thumb, 0 bytes, Stack size 0 bytes, startup_stm32f0xx.o(.text))
<BR>[Address Reference Count : 1]<UL><LI> startup_stm32f0xx.o(RESET)
</UL>
<P><STRONG><a name="[1e]"></a>TIM14_IRQHandler</STRONG> (Thumb, 0 bytes, Stack size 0 bytes, startup_stm32f0xx.o(.text))
<BR>[Address Reference Count : 1]<UL><LI> startup_stm32f0xx.o(RESET)
</UL>
<P><STRONG><a name="[1f]"></a>TIM15_IRQHandler</STRONG> (Thumb, 0 bytes, Stack size 0 bytes, startup_stm32f0xx.o(.text))
<BR>[Address Reference Count : 1]<UL><LI> startup_stm32f0xx.o(RESET)
</UL>
<P><STRONG><a name="[20]"></a>TIM16_IRQHandler</STRONG> (Thumb, 0 bytes, Stack size 0 bytes, startup_stm32f0xx.o(.text))
<BR>[Address Reference Count : 1]<UL><LI> startup_stm32f0xx.o(RESET)
</UL>
<P><STRONG><a name="[21]"></a>TIM17_IRQHandler</STRONG> (Thumb, 0 bytes, Stack size 0 bytes, startup_stm32f0xx.o(.text))
<BR>[Address Reference Count : 1]<UL><LI> startup_stm32f0xx.o(RESET)
</UL>
<P><STRONG><a name="[19]"></a>TIM1_BRK_UP_TRG_COM_IRQHandler</STRONG> (Thumb, 0 bytes, Stack size 0 bytes, startup_stm32f0xx.o(.text))
<BR>[Address Reference Count : 1]<UL><LI> startup_stm32f0xx.o(RESET)
</UL>
<P><STRONG><a name="[1a]"></a>TIM1_CC_IRQHandler</STRONG> (Thumb, 0 bytes, Stack size 0 bytes, startup_stm32f0xx.o(.text))
<BR>[Address Reference Count : 1]<UL><LI> startup_stm32f0xx.o(RESET)
</UL>
<P><STRONG><a name="[1b]"></a>TIM2_IRQHandler</STRONG> (Thumb, 0 bytes, Stack size 0 bytes, startup_stm32f0xx.o(.text))
<BR>[Address Reference Count : 1]<UL><LI> startup_stm32f0xx.o(RESET)
</UL>
<P><STRONG><a name="[1c]"></a>TIM3_IRQHandler</STRONG> (Thumb, 0 bytes, Stack size 0 bytes, startup_stm32f0xx.o(.text))
<BR>[Address Reference Count : 1]<UL><LI> startup_stm32f0xx.o(RESET)
</UL>
<P><STRONG><a name="[1d]"></a>TIM6_DAC_IRQHandler</STRONG> (Thumb, 0 bytes, Stack size 0 bytes, startup_stm32f0xx.o(.text))
<BR>[Address Reference Count : 1]<UL><LI> startup_stm32f0xx.o(RESET)
</UL>
<P><STRONG><a name="[14]"></a>TS_IRQHandler</STRONG> (Thumb, 0 bytes, Stack size 0 bytes, startup_stm32f0xx.o(.text))
<BR>[Address Reference Count : 1]<UL><LI> startup_stm32f0xx.o(RESET)
</UL>
<P><STRONG><a name="[26]"></a>USART1_IRQHandler</STRONG> (Thumb, 0 bytes, Stack size 0 bytes, startup_stm32f0xx.o(.text))
<BR>[Address Reference Count : 1]<UL><LI> startup_stm32f0xx.o(RESET)
</UL>
<P><STRONG><a name="[27]"></a>USART2_IRQHandler</STRONG> (Thumb, 0 bytes, Stack size 0 bytes, startup_stm32f0xx.o(.text))
<BR>[Address Reference Count : 1]<UL><LI> startup_stm32f0xx.o(RESET)
</UL>
<P><STRONG><a name="[c]"></a>WWDG_IRQHandler</STRONG> (Thumb, 0 bytes, Stack size 0 bytes, startup_stm32f0xx.o(.text))
<BR>[Address Reference Count : 1]<UL><LI> startup_stm32f0xx.o(RESET)
</UL>
<P><STRONG><a name="[8f]"></a>__user_initial_stackheap</STRONG> (Thumb, 0 bytes, Stack size unknown bytes, startup_stm32f0xx.o(.text))
<BR><BR>[Called By]<UL><LI><a href="#[3b]">&gt;&gt;</a>&nbsp;&nbsp;&nbsp;__user_setup_stackheap
</UL>

<P><STRONG><a name="[29]"></a>SystemInit</STRONG> (Thumb, 110 bytes, Stack size 8 bytes, system_stm32f0xx.o(.text))
<BR><BR>[Stack]<UL><LI>Max Depth = 20<LI>Call Chain = SystemInit &rArr; SetSysClock
</UL>
<BR>[Calls]<UL><LI><a href="#[66]">&gt;&gt;</a>&nbsp;&nbsp;&nbsp;SetSysClock
</UL>
<BR>[Address Reference Count : 1]<UL><LI> startup_stm32f0xx.o(.text)
</UL>
<P><STRONG><a name="[67]"></a>SystemCoreClockUpdate</STRONG> (Thumb, 154 bytes, Stack size 24 bytes, system_stm32f0xx.o(.text), UNUSED)
<BR><BR>[Calls]<UL><LI><a href="#[64]">&gt;&gt;</a>&nbsp;&nbsp;&nbsp;__aeabi_uidivmod
</UL>

<P><STRONG><a name="[7]"></a>NMI_Handler</STRONG> (Thumb, 2 bytes, Stack size 0 bytes, stm32f0xx_it.o(.text))
<BR>[Address Reference Count : 1]<UL><LI> startup_stm32f0xx.o(RESET)
</UL>
<P><STRONG><a name="[8]"></a>HardFault_Handler</STRONG> (Thumb, 4 bytes, Stack size 0 bytes, stm32f0xx_it.o(.text))
<BR>[Address Reference Count : 1]<UL><LI> startup_stm32f0xx.o(RESET)
</UL>
<P><STRONG><a name="[9]"></a>SVC_Handler</STRONG> (Thumb, 2 bytes, Stack size 0 bytes, stm32f0xx_it.o(.text))
<BR>[Address Reference Count : 1]<UL><LI> startup_stm32f0xx.o(RESET)
</UL>
<P><STRONG><a name="[a]"></a>PendSV_Handler</STRONG> (Thumb, 2 bytes, Stack size 0 bytes, stm32f0xx_it.o(.text))
<BR>[Address Reference Count : 1]<UL><LI> startup_stm32f0xx.o(RESET)
</UL>
<P><STRONG><a name="[b]"></a>SysTick_Handler</STRONG> (Thumb, 2 bytes, Stack size 0 bytes, stm32f0xx_it.o(.text))
<BR>[Address Reference Count : 1]<UL><LI> startup_stm32f0xx.o(RESET)
</UL>
<P><STRONG><a name="[69]"></a>delay_us</STRONG> (Thumb, 24 bytes, Stack size 0 bytes, lcd16x2.o(.text))
<BR><BR>[Called By]<UL><LI><a href="#[6a]">&gt;&gt;</a>&nbsp;&nbsp;&nbsp;LCD16X2_Enable
<LI><a href="#[68]">&gt;&gt;</a>&nbsp;&nbsp;&nbsp;delay_ms
<LI><a href="#[54]">&gt;&gt;</a>&nbsp;&nbsp;&nbsp;LCD16X2_Init
</UL>

<P><STRONG><a name="[68]"></a>delay_ms</STRONG> (Thumb, 24 bytes, Stack size 8 bytes, lcd16x2.o(.text))
<BR><BR>[Stack]<UL><LI>Max Depth = 8<LI>Call Chain = delay_ms
</UL>
<BR>[Calls]<UL><LI><a href="#[69]">&gt;&gt;</a>&nbsp;&nbsp;&nbsp;delay_us
</UL>
<BR>[Called By]<UL><LI><a href="#[6f]">&gt;&gt;</a>&nbsp;&nbsp;&nbsp;LCD16X2_Clear
<LI><a href="#[54]">&gt;&gt;</a>&nbsp;&nbsp;&nbsp;LCD16X2_Init
<LI><a href="#[57]">&gt;&gt;</a>&nbsp;&nbsp;&nbsp;LCD16X2_Gotoxy
</UL>

<P><STRONG><a name="[6a]"></a>LCD16X2_Enable</STRONG> (Thumb, 36 bytes, Stack size 8 bytes, lcd16x2.o(.text))
<BR><BR>[Stack]<UL><LI>Max Depth = 8<LI>Call Chain = LCD16X2_Enable
</UL>
<BR>[Calls]<UL><LI><a href="#[69]">&gt;&gt;</a>&nbsp;&nbsp;&nbsp;delay_us
<LI><a href="#[6c]">&gt;&gt;</a>&nbsp;&nbsp;&nbsp;GPIO_ResetBits
<LI><a href="#[6b]">&gt;&gt;</a>&nbsp;&nbsp;&nbsp;GPIO_SetBits
</UL>
<BR>[Called By]<UL><LI><a href="#[6d]">&gt;&gt;</a>&nbsp;&nbsp;&nbsp;LCD16X2_SendCommand
<LI><a href="#[54]">&gt;&gt;</a>&nbsp;&nbsp;&nbsp;LCD16X2_Init
</UL>

<P><STRONG><a name="[6e]"></a>LCD16X2_Send4Bit</STRONG> (Thumb, 18 bytes, Stack size 0 bytes, lcd16x2.o(.text))
<BR><BR>[Called By]<UL><LI><a href="#[6d]">&gt;&gt;</a>&nbsp;&nbsp;&nbsp;LCD16X2_SendCommand
<LI><a href="#[54]">&gt;&gt;</a>&nbsp;&nbsp;&nbsp;LCD16X2_Init
</UL>

<P><STRONG><a name="[6d]"></a>LCD16X2_SendCommand</STRONG> (Thumb, 26 bytes, Stack size 8 bytes, lcd16x2.o(.text))
<BR><BR>[Stack]<UL><LI>Max Depth = 16<LI>Call Chain = LCD16X2_SendCommand &rArr; LCD16X2_Enable
</UL>
<BR>[Calls]<UL><LI><a href="#[6e]">&gt;&gt;</a>&nbsp;&nbsp;&nbsp;LCD16X2_Send4Bit
<LI><a href="#[6a]">&gt;&gt;</a>&nbsp;&nbsp;&nbsp;LCD16X2_Enable
</UL>
<BR>[Called By]<UL><LI><a href="#[70]">&gt;&gt;</a>&nbsp;&nbsp;&nbsp;LCD16X2_PutChar
<LI><a href="#[6f]">&gt;&gt;</a>&nbsp;&nbsp;&nbsp;LCD16X2_Clear
<LI><a href="#[54]">&gt;&gt;</a>&nbsp;&nbsp;&nbsp;LCD16X2_Init
<LI><a href="#[57]">&gt;&gt;</a>&nbsp;&nbsp;&nbsp;LCD16X2_Gotoxy
</UL>

<P><STRONG><a name="[6f]"></a>LCD16X2_Clear</STRONG> (Thumb, 16 bytes, Stack size 8 bytes, lcd16x2.o(.text))
<BR><BR>[Stack]<UL><LI>Max Depth = 24<LI>Call Chain = LCD16X2_Clear &rArr; LCD16X2_SendCommand &rArr; LCD16X2_Enable
</UL>
<BR>[Calls]<UL><LI><a href="#[6d]">&gt;&gt;</a>&nbsp;&nbsp;&nbsp;LCD16X2_SendCommand
<LI><a href="#[68]">&gt;&gt;</a>&nbsp;&nbsp;&nbsp;delay_ms
</UL>
<BR>[Called By]<UL><LI><a href="#[54]">&gt;&gt;</a>&nbsp;&nbsp;&nbsp;LCD16X2_Init
</UL>

<P><STRONG><a name="[54]"></a>LCD16X2_Init</STRONG> (Thumb, 98 bytes, Stack size 8 bytes, lcd16x2.o(.text))
<BR><BR>[Stack]<UL><LI>Max Depth = 32<LI>Call Chain = LCD16X2_Init &rArr; LCD16X2_Clear &rArr; LCD16X2_SendCommand &rArr; LCD16X2_Enable
</UL>
<BR>[Calls]<UL><LI><a href="#[6f]">&gt;&gt;</a>&nbsp;&nbsp;&nbsp;LCD16X2_Clear
<LI><a href="#[6d]">&gt;&gt;</a>&nbsp;&nbsp;&nbsp;LCD16X2_SendCommand
<LI><a href="#[6e]">&gt;&gt;</a>&nbsp;&nbsp;&nbsp;LCD16X2_Send4Bit
<LI><a href="#[6a]">&gt;&gt;</a>&nbsp;&nbsp;&nbsp;LCD16X2_Enable
<LI><a href="#[68]">&gt;&gt;</a>&nbsp;&nbsp;&nbsp;delay_ms
<LI><a href="#[69]">&gt;&gt;</a>&nbsp;&nbsp;&nbsp;delay_us
<LI><a href="#[6c]">&gt;&gt;</a>&nbsp;&nbsp;&nbsp;GPIO_ResetBits
</UL>
<BR>[Called By]<UL><LI><a href="#[3f]">&gt;&gt;</a>&nbsp;&nbsp;&nbsp;main
</UL>

<P><STRONG><a name="[57]"></a>LCD16X2_Gotoxy</STRONG> (Thumb, 44 bytes, Stack size 16 bytes, lcd16x2.o(.text))
<BR><BR>[Stack]<UL><LI>Max Depth = 32<LI>Call Chain = LCD16X2_Gotoxy &rArr; LCD16X2_SendCommand &rArr; LCD16X2_Enable
</UL>
<BR>[Calls]<UL><LI><a href="#[6d]">&gt;&gt;</a>&nbsp;&nbsp;&nbsp;LCD16X2_SendCommand
<LI><a href="#[68]">&gt;&gt;</a>&nbsp;&nbsp;&nbsp;delay_ms
</UL>
<BR>[Called By]<UL><LI><a href="#[3f]">&gt;&gt;</a>&nbsp;&nbsp;&nbsp;main
</UL>

<P><STRONG><a name="[70]"></a>LCD16X2_PutChar</STRONG> (Thumb, 32 bytes, Stack size 8 bytes, lcd16x2.o(.text))
<BR><BR>[Stack]<UL><LI>Max Depth = 24<LI>Call Chain = LCD16X2_PutChar &rArr; LCD16X2_SendCommand &rArr; LCD16X2_Enable
</UL>
<BR>[Calls]<UL><LI><a href="#[6d]">&gt;&gt;</a>&nbsp;&nbsp;&nbsp;LCD16X2_SendCommand
<LI><a href="#[6c]">&gt;&gt;</a>&nbsp;&nbsp;&nbsp;GPIO_ResetBits
<LI><a href="#[6b]">&gt;&gt;</a>&nbsp;&nbsp;&nbsp;GPIO_SetBits
</UL>
<BR>[Called By]<UL><LI><a href="#[55]">&gt;&gt;</a>&nbsp;&nbsp;&nbsp;LCD16X2_PutString
</UL>

<P><STRONG><a name="[55]"></a>LCD16X2_PutString</STRONG> (Thumb, 22 bytes, Stack size 8 bytes, lcd16x2.o(.text))
<BR><BR>[Stack]<UL><LI>Max Depth = 32<LI>Call Chain = LCD16X2_PutString &rArr; LCD16X2_PutChar &rArr; LCD16X2_SendCommand &rArr; LCD16X2_Enable
</UL>
<BR>[Calls]<UL><LI><a href="#[70]">&gt;&gt;</a>&nbsp;&nbsp;&nbsp;LCD16X2_PutChar
</UL>
<BR>[Called By]<UL><LI><a href="#[3f]">&gt;&gt;</a>&nbsp;&nbsp;&nbsp;main
</UL>

<P><STRONG><a name="[5c]"></a>__2sprintf</STRONG> (Thumb, 36 bytes, Stack size 32 bytes, noretval__2sprintf.o(.text))
<BR><BR>[Stack]<UL><LI>Max Depth = 128 + Unknown Stack Size
<LI>Call Chain = __2sprintf &rArr; _printf_char_common &rArr; __printf
</UL>
<BR>[Calls]<UL><LI><a href="#[2b]">&gt;&gt;</a>&nbsp;&nbsp;&nbsp;_sputc
<LI><a href="#[71]">&gt;&gt;</a>&nbsp;&nbsp;&nbsp;_printf_char_common
</UL>
<BR>[Called By]<UL><LI><a href="#[3f]">&gt;&gt;</a>&nbsp;&nbsp;&nbsp;main
</UL>

<P><STRONG><a name="[82]"></a>_printf_pre_padding</STRONG> (Thumb, 44 bytes, Stack size 16 bytes, _printf_pad.o(.text))
<BR><BR>[Stack]<UL><LI>Max Depth = 16<LI>Call Chain = _printf_pre_padding
</UL>
<BR>[Called By]<UL><LI><a href="#[80]">&gt;&gt;</a>&nbsp;&nbsp;&nbsp;_printf_fp_infnan
<LI><a href="#[2d]">&gt;&gt;</a>&nbsp;&nbsp;&nbsp;_printf_fp_dec_real
</UL>

<P><STRONG><a name="[83]"></a>_printf_post_padding</STRONG> (Thumb, 34 bytes, Stack size 16 bytes, _printf_pad.o(.text))
<BR><BR>[Stack]<UL><LI>Max Depth = 16<LI>Call Chain = _printf_post_padding
</UL>
<BR>[Called By]<UL><LI><a href="#[80]">&gt;&gt;</a>&nbsp;&nbsp;&nbsp;_printf_fp_infnan
<LI><a href="#[2d]">&gt;&gt;</a>&nbsp;&nbsp;&nbsp;_printf_fp_dec_real
</UL>

<P><STRONG><a name="[72]"></a>__printf</STRONG> (Thumb, 270 bytes, Stack size 32 bytes, __printf_wp.o(.text))
<BR><BR>[Stack]<UL><LI>Max Depth = 32 + Unknown Stack Size
<LI>Call Chain = __printf
</UL>
<BR>[Calls]<UL><LI><a href="#[74]">&gt;&gt;</a>&nbsp;&nbsp;&nbsp;_printf_percent
<LI><a href="#[73]">&gt;&gt;</a>&nbsp;&nbsp;&nbsp;_is_digit
</UL>
<BR>[Called By]<UL><LI><a href="#[71]">&gt;&gt;</a>&nbsp;&nbsp;&nbsp;_printf_char_common
</UL>

<P><STRONG><a name="[f3]"></a>__aeabi_uidiv</STRONG> (Thumb, 0 bytes, Stack size 0 bytes, aeabi_sdiv.o(.text), UNUSED)

<P><STRONG><a name="[64]"></a>__aeabi_uidivmod</STRONG> (Thumb, 20 bytes, Stack size 0 bytes, aeabi_sdiv.o(.text), UNUSED)
<BR><BR>[Called By]<UL><LI><a href="#[67]">&gt;&gt;</a>&nbsp;&nbsp;&nbsp;SystemCoreClockUpdate
<LI><a href="#[63]">&gt;&gt;</a>&nbsp;&nbsp;&nbsp;RCC_GetClocksFreq
</UL>

<P><STRONG><a name="[f4]"></a>__aeabi_idiv</STRONG> (Thumb, 0 bytes, Stack size 8 bytes, aeabi_sdiv.o(.text), UNUSED)

<P><STRONG><a name="[87]"></a>__aeabi_idivmod</STRONG> (Thumb, 326 bytes, Stack size 8 bytes, aeabi_sdiv.o(.text))
<BR><BR>[Stack]<UL><LI>Max Depth = 8<LI>Call Chain = __aeabi_idivmod
</UL>
<BR>[Called By]<UL><LI><a href="#[7a]">&gt;&gt;</a>&nbsp;&nbsp;&nbsp;_btod_etento
</UL>

<P><STRONG><a name="[f5]"></a>__use_two_region_memory</STRONG> (Thumb, 2 bytes, Stack size 0 bytes, heapauxi.o(.text), UNUSED)

<P><STRONG><a name="[f6]"></a>__rt_heap_escrow$2region</STRONG> (Thumb, 2 bytes, Stack size 0 bytes, heapauxi.o(.text), UNUSED)

<P><STRONG><a name="[f7]"></a>__rt_heap_expand$2region</STRONG> (Thumb, 2 bytes, Stack size 0 bytes, heapauxi.o(.text), UNUSED)

<P><STRONG><a name="[5b]"></a>__aeabi_d2f</STRONG> (Thumb, 0 bytes, Stack size 12 bytes, d2f.o(.text))
<BR><BR>[Stack]<UL><LI>Max Depth = 12<LI>Call Chain = __aeabi_d2f
</UL>
<BR>[Called By]<UL><LI><a href="#[3f]">&gt;&gt;</a>&nbsp;&nbsp;&nbsp;main
</UL>

<P><STRONG><a name="[f8]"></a>_d2f</STRONG> (Thumb, 120 bytes, Stack size 12 bytes, d2f.o(.text), UNUSED)

<P><STRONG><a name="[5a]"></a>__aeabi_ddiv</STRONG> (Thumb, 0 bytes, Stack size 88 bytes, ddiv.o(.text))
<BR><BR>[Stack]<UL><LI>Max Depth = 88<LI>Call Chain = __aeabi_ddiv
</UL>
<BR>[Called By]<UL><LI><a href="#[3f]">&gt;&gt;</a>&nbsp;&nbsp;&nbsp;main
</UL>

<P><STRONG><a name="[76]"></a>_ddiv</STRONG> (Thumb, 1072 bytes, Stack size 88 bytes, ddiv.o(.text), UNUSED)
<BR><BR>[Called By]<UL><LI><a href="#[75]">&gt;&gt;</a>&nbsp;&nbsp;&nbsp;_drdiv
</UL>

<P><STRONG><a name="[75]"></a>_drdiv</STRONG> (Thumb, 20 bytes, Stack size 8 bytes, ddiv.o(.text), UNUSED)
<BR><BR>[Calls]<UL><LI><a href="#[76]">&gt;&gt;</a>&nbsp;&nbsp;&nbsp;_ddiv
</UL>

<P><STRONG><a name="[59]"></a>__aeabi_f2d</STRONG> (Thumb, 0 bytes, Stack size 0 bytes, f2d.o(.text))
<BR><BR>[Called By]<UL><LI><a href="#[3f]">&gt;&gt;</a>&nbsp;&nbsp;&nbsp;main
</UL>

<P><STRONG><a name="[f9]"></a>_f2d</STRONG> (Thumb, 80 bytes, Stack size 0 bytes, f2d.o(.text), UNUSED)

<P><STRONG><a name="[78]"></a>__aeabi_i2f_normalise</STRONG> (Thumb, 72 bytes, Stack size 0 bytes, fflti.o(.text))
<BR><BR>[Called By]<UL><LI><a href="#[58]">&gt;&gt;</a>&nbsp;&nbsp;&nbsp;__aeabi_ui2f
<LI><a href="#[77]">&gt;&gt;</a>&nbsp;&nbsp;&nbsp;__aeabi_i2f
</UL>

<P><STRONG><a name="[77]"></a>__aeabi_i2f</STRONG> (Thumb, 16 bytes, Stack size 0 bytes, fflti.o(.text), UNUSED)
<BR><BR>[Calls]<UL><LI><a href="#[78]">&gt;&gt;</a>&nbsp;&nbsp;&nbsp;__aeabi_i2f_normalise
</UL>

<P><STRONG><a name="[fa]"></a>_fflt</STRONG> (Thumb, 0 bytes, Stack size 0 bytes, fflti.o(.text), UNUSED)

<P><STRONG><a name="[58]"></a>__aeabi_ui2f</STRONG> (Thumb, 6 bytes, Stack size 0 bytes, fflti.o(.text))
<BR><BR>[Calls]<UL><LI><a href="#[78]">&gt;&gt;</a>&nbsp;&nbsp;&nbsp;__aeabi_i2f_normalise
</UL>
<BR>[Called By]<UL><LI><a href="#[3f]">&gt;&gt;</a>&nbsp;&nbsp;&nbsp;main
</UL>

<P><STRONG><a name="[fb]"></a>_ffltu</STRONG> (Thumb, 0 bytes, Stack size 0 bytes, fflti.o(.text), UNUSED)

<P><STRONG><a name="[fc]"></a>__lib_sel_fp_printf</STRONG> (Thumb, 2 bytes, Stack size 0 bytes, _printf_fp_dec.o(.text), UNUSED)

<P><STRONG><a name="[2d]"></a>_printf_fp_dec_real</STRONG> (Thumb, 620 bytes, Stack size 96 bytes, _printf_fp_dec.o(.text))
<BR><BR>[Stack]<UL><LI>Max Depth = 368<LI>Call Chain = _printf_fp_dec_real &rArr; _fp_digits &rArr; _btod_etento &rArr; _btod_emul &rArr; btod_internal_mul &rArr; __ARM_common_ll_muluu
</UL>
<BR>[Calls]<UL><LI><a href="#[7f]">&gt;&gt;</a>&nbsp;&nbsp;&nbsp;__ARM_fpclassify
<LI><a href="#[81]">&gt;&gt;</a>&nbsp;&nbsp;&nbsp;__rt_udiv10
<LI><a href="#[80]">&gt;&gt;</a>&nbsp;&nbsp;&nbsp;_printf_fp_infnan
<LI><a href="#[37]">&gt;&gt;</a>&nbsp;&nbsp;&nbsp;__rt_locale
<LI><a href="#[79]">&gt;&gt;</a>&nbsp;&nbsp;&nbsp;_fp_digits
<LI><a href="#[83]">&gt;&gt;</a>&nbsp;&nbsp;&nbsp;_printf_post_padding
<LI><a href="#[82]">&gt;&gt;</a>&nbsp;&nbsp;&nbsp;_printf_pre_padding
</UL>
<BR>[Address Reference Count : 1]<UL><LI> printf1.o(x$fpl$printf1)
</UL>
<P><STRONG><a name="[71]"></a>_printf_char_common</STRONG> (Thumb, 32 bytes, Stack size 64 bytes, _printf_char_common.o(.text))
<BR><BR>[Stack]<UL><LI>Max Depth = 96 + Unknown Stack Size
<LI>Call Chain = _printf_char_common &rArr; __printf
</UL>
<BR>[Calls]<UL><LI><a href="#[72]">&gt;&gt;</a>&nbsp;&nbsp;&nbsp;__printf
</UL>
<BR>[Called By]<UL><LI><a href="#[5c]">&gt;&gt;</a>&nbsp;&nbsp;&nbsp;__2sprintf
</UL>

<P><STRONG><a name="[2b]"></a>_sputc</STRONG> (Thumb, 10 bytes, Stack size 0 bytes, _sputc.o(.text))
<BR><BR>[Called By]<UL><LI><a href="#[5c]">&gt;&gt;</a>&nbsp;&nbsp;&nbsp;__2sprintf
</UL>
<BR>[Address Reference Count : 1]<UL><LI> noretval__2sprintf.o(.text)
</UL>
<P><STRONG><a name="[84]"></a>__fpl_fcmp_InfNaN</STRONG> (Thumb, 96 bytes, Stack size 8 bytes, fcmpin.o(.text), UNUSED)
<BR><BR>[Calls]<UL><LI><a href="#[86]">&gt;&gt;</a>&nbsp;&nbsp;&nbsp;__fpl_fcheck_NaN2
<LI><a href="#[85]">&gt;&gt;</a>&nbsp;&nbsp;&nbsp;__fpl_cmpreturn
</UL>
<BR>[Called By]<UL><LI><a href="#[94]">&gt;&gt;</a>&nbsp;&nbsp;&nbsp;_frcmple
<LI><a href="#[93]">&gt;&gt;</a>&nbsp;&nbsp;&nbsp;_fcmple
</UL>

<P><STRONG><a name="[37]"></a>__rt_locale</STRONG> (Thumb, 8 bytes, Stack size 0 bytes, rt_locale_intlibspace.o(.text))
<BR><BR>[Called By]<UL><LI><a href="#[2d]">&gt;&gt;</a>&nbsp;&nbsp;&nbsp;_printf_fp_dec_real
<LI><a href="#[36]">&gt;&gt;</a>&nbsp;&nbsp;&nbsp;__rt_lib_init_lc_common
</UL>

<P><STRONG><a name="[7e]"></a>_ll_udiv10</STRONG> (Thumb, 122 bytes, Stack size 16 bytes, lludiv10.o(.text))
<BR><BR>[Stack]<UL><LI>Max Depth = 16<LI>Call Chain = _ll_udiv10
</UL>
<BR>[Called By]<UL><LI><a href="#[79]">&gt;&gt;</a>&nbsp;&nbsp;&nbsp;_fp_digits
</UL>

<P><STRONG><a name="[80]"></a>_printf_fp_infnan</STRONG> (Thumb, 120 bytes, Stack size 24 bytes, _printf_fp_infnan.o(.text))
<BR><BR>[Stack]<UL><LI>Max Depth = 40<LI>Call Chain = _printf_fp_infnan &rArr; _printf_post_padding
</UL>
<BR>[Calls]<UL><LI><a href="#[83]">&gt;&gt;</a>&nbsp;&nbsp;&nbsp;_printf_post_padding
<LI><a href="#[82]">&gt;&gt;</a>&nbsp;&nbsp;&nbsp;_printf_pre_padding
</UL>
<BR>[Called By]<UL><LI><a href="#[2d]">&gt;&gt;</a>&nbsp;&nbsp;&nbsp;_printf_fp_dec_real
</UL>

<P><STRONG><a name="[7a]"></a>_btod_etento</STRONG> (Thumb, 196 bytes, Stack size 72 bytes, bigflt0.o(.text))
<BR><BR>[Stack]<UL><LI>Max Depth = 176<LI>Call Chain = _btod_etento &rArr; _btod_emul &rArr; btod_internal_mul &rArr; __ARM_common_ll_muluu
</UL>
<BR>[Calls]<UL><LI><a href="#[7c]">&gt;&gt;</a>&nbsp;&nbsp;&nbsp;_btod_ediv
<LI><a href="#[7d]">&gt;&gt;</a>&nbsp;&nbsp;&nbsp;_btod_emul
<LI><a href="#[87]">&gt;&gt;</a>&nbsp;&nbsp;&nbsp;__aeabi_idivmod
</UL>
<BR>[Called By]<UL><LI><a href="#[79]">&gt;&gt;</a>&nbsp;&nbsp;&nbsp;_fp_digits
</UL>

<P><STRONG><a name="[7b]"></a>_btod_d2e</STRONG> (Thumb, 64 bytes, Stack size 8 bytes, btod.o(.text))
<BR><BR>[Stack]<UL><LI>Max Depth = 8<LI>Call Chain = _btod_d2e
</UL>
<BR>[Called By]<UL><LI><a href="#[79]">&gt;&gt;</a>&nbsp;&nbsp;&nbsp;_fp_digits
</UL>

<P><STRONG><a name="[7d]"></a>_btod_emul</STRONG> (Thumb, 24 bytes, Stack size 24 bytes, btod.o(.text))
<BR><BR>[Stack]<UL><LI>Max Depth = 104<LI>Call Chain = _btod_emul &rArr; btod_internal_mul &rArr; __ARM_common_ll_muluu
</UL>
<BR>[Calls]<UL><LI><a href="#[88]">&gt;&gt;</a>&nbsp;&nbsp;&nbsp;btod_internal_mul
</UL>
<BR>[Called By]<UL><LI><a href="#[7a]">&gt;&gt;</a>&nbsp;&nbsp;&nbsp;_btod_etento
<LI><a href="#[79]">&gt;&gt;</a>&nbsp;&nbsp;&nbsp;_fp_digits
</UL>

<P><STRONG><a name="[8a]"></a>_btod_emuld</STRONG> (Thumb, 60 bytes, Stack size 24 bytes, btod.o(.text), UNUSED)
<BR><BR>[Calls]<UL><LI><a href="#[88]">&gt;&gt;</a>&nbsp;&nbsp;&nbsp;btod_internal_mul
</UL>

<P><STRONG><a name="[7c]"></a>_btod_ediv</STRONG> (Thumb, 22 bytes, Stack size 24 bytes, btod.o(.text))
<BR><BR>[Stack]<UL><LI>Max Depth = 88<LI>Call Chain = _btod_ediv &rArr; btod_internal_div
</UL>
<BR>[Calls]<UL><LI><a href="#[8b]">&gt;&gt;</a>&nbsp;&nbsp;&nbsp;btod_internal_div
</UL>
<BR>[Called By]<UL><LI><a href="#[7a]">&gt;&gt;</a>&nbsp;&nbsp;&nbsp;_btod_etento
<LI><a href="#[79]">&gt;&gt;</a>&nbsp;&nbsp;&nbsp;_fp_digits
</UL>

<P><STRONG><a name="[8c]"></a>_btod_edivd</STRONG> (Thumb, 60 bytes, Stack size 24 bytes, btod.o(.text), UNUSED)
<BR><BR>[Calls]<UL><LI><a href="#[8b]">&gt;&gt;</a>&nbsp;&nbsp;&nbsp;btod_internal_div
</UL>

<P><STRONG><a name="[81]"></a>__rt_udiv10</STRONG> (Thumb, 40 bytes, Stack size 0 bytes, rtudiv10.o(.text))
<BR><BR>[Called By]<UL><LI><a href="#[2d]">&gt;&gt;</a>&nbsp;&nbsp;&nbsp;_printf_fp_dec_real
</UL>

<P><STRONG><a name="[85]"></a>__fpl_cmpreturn</STRONG> (Thumb, 44 bytes, Stack size 0 bytes, cmpret.o(.text), UNUSED)
<BR><BR>[Called By]<UL><LI><a href="#[84]">&gt;&gt;</a>&nbsp;&nbsp;&nbsp;__fpl_fcmp_InfNaN
<LI><a href="#[8d]">&gt;&gt;</a>&nbsp;&nbsp;&nbsp;__fpl_return_NaN
</UL>

<P><STRONG><a name="[86]"></a>__fpl_fcheck_NaN2</STRONG> (Thumb, 10 bytes, Stack size 8 bytes, fnan2.o(.text), UNUSED)
<BR><BR>[Calls]<UL><LI><a href="#[8d]">&gt;&gt;</a>&nbsp;&nbsp;&nbsp;__fpl_return_NaN
</UL>
<BR>[Called By]<UL><LI><a href="#[84]">&gt;&gt;</a>&nbsp;&nbsp;&nbsp;__fpl_fcmp_InfNaN
</UL>

<P><STRONG><a name="[fd]"></a>__user_libspace</STRONG> (Thumb, 8 bytes, Stack size 0 bytes, libspace.o(.text), UNUSED)

<P><STRONG><a name="[8e]"></a>__user_perproc_libspace</STRONG> (Thumb, 0 bytes, Stack size 0 bytes, libspace.o(.text))
<BR><BR>[Called By]<UL><LI><a href="#[3b]">&gt;&gt;</a>&nbsp;&nbsp;&nbsp;__user_setup_stackheap
</UL>

<P><STRONG><a name="[fe]"></a>__user_perthread_libspace</STRONG> (Thumb, 0 bytes, Stack size 0 bytes, libspace.o(.text), UNUSED)

<P><STRONG><a name="[3b]"></a>__user_setup_stackheap</STRONG> (Thumb, 62 bytes, Stack size 8 bytes, sys_stackheap_outer.o(.text))
<BR><BR>[Stack]<UL><LI>Max Depth = 8 + Unknown Stack Size
<LI>Call Chain = __user_setup_stackheap
</UL>
<BR>[Calls]<UL><LI><a href="#[8e]">&gt;&gt;</a>&nbsp;&nbsp;&nbsp;__user_perproc_libspace
<LI><a href="#[8f]">&gt;&gt;</a>&nbsp;&nbsp;&nbsp;__user_initial_stackheap
</UL>
<BR>[Called By]<UL><LI><a href="#[3a]">&gt;&gt;</a>&nbsp;&nbsp;&nbsp;__rt_entry_sh
</UL>

<P><STRONG><a name="[40]"></a>exit</STRONG> (Thumb, 12 bytes, Stack size 0 bytes, exit.o(.text))
<BR><BR>[Calls]<UL><LI><a href="#[90]">&gt;&gt;</a>&nbsp;&nbsp;&nbsp;_call_atexit_fns (Weak Reference)
<LI><a href="#[91]">&gt;&gt;</a>&nbsp;&nbsp;&nbsp;__rt_exit
</UL>
<BR>[Called By]<UL><LI><a href="#[3e]">&gt;&gt;</a>&nbsp;&nbsp;&nbsp;__rt_entry_main
</UL>

<P><STRONG><a name="[92]"></a>strcmp</STRONG> (Thumb, 132 bytes, Stack size 16 bytes, strcmp.o(.text))
<BR><BR>[Stack]<UL><LI>Max Depth = 16<LI>Call Chain = strcmp
</UL>
<BR>[Called By]<UL><LI><a href="#[39]">&gt;&gt;</a>&nbsp;&nbsp;&nbsp;_get_lc_numeric
</UL>

<P><STRONG><a name="[8d]"></a>__fpl_return_NaN</STRONG> (Thumb, 94 bytes, Stack size 8 bytes, retnan.o(.text), UNUSED)
<BR><BR>[Calls]<UL><LI><a href="#[85]">&gt;&gt;</a>&nbsp;&nbsp;&nbsp;__fpl_cmpreturn
</UL>
<BR>[Called By]<UL><LI><a href="#[86]">&gt;&gt;</a>&nbsp;&nbsp;&nbsp;__fpl_fcheck_NaN2
</UL>

<P><STRONG><a name="[44]"></a>_sys_exit</STRONG> (Thumb, 8 bytes, Stack size 0 bytes, sys_exit.o(.text))
<BR><BR>[Called By]<UL><LI><a href="#[43]">&gt;&gt;</a>&nbsp;&nbsp;&nbsp;__rt_exit_exit
</UL>

<P><STRONG><a name="[ff]"></a>__I$use$semihosting</STRONG> (Thumb, 0 bytes, Stack size 0 bytes, use_no_semi.o(.text), UNUSED)

<P><STRONG><a name="[100]"></a>__use_no_semihosting_swi</STRONG> (Thumb, 2 bytes, Stack size 0 bytes, use_no_semi.o(.text), UNUSED)

<P><STRONG><a name="[89]"></a>__ARM_common_ll_muluu</STRONG> (Thumb, 48 bytes, Stack size 24 bytes, btod.o(i.__ARM_common_ll_muluu))
<BR><BR>[Stack]<UL><LI>Max Depth = 24<LI>Call Chain = __ARM_common_ll_muluu
</UL>
<BR>[Called By]<UL><LI><a href="#[88]">&gt;&gt;</a>&nbsp;&nbsp;&nbsp;btod_internal_mul
</UL>

<P><STRONG><a name="[101]"></a>__semihosting_library_function</STRONG> (Thumb, 0 bytes, Stack size 24 bytes, indicate_semi.o(.text), UNUSED)

<P><STRONG><a name="[7f]"></a>__ARM_fpclassify</STRONG> (Thumb, 40 bytes, Stack size 0 bytes, fpclassify.o(i.__ARM_fpclassify))
<BR><BR>[Called By]<UL><LI><a href="#[2d]">&gt;&gt;</a>&nbsp;&nbsp;&nbsp;_printf_fp_dec_real
</UL>

<P><STRONG><a name="[73]"></a>_is_digit</STRONG> (Thumb, 14 bytes, Stack size 0 bytes, __printf_wp.o(i._is_digit))
<BR><BR>[Called By]<UL><LI><a href="#[72]">&gt;&gt;</a>&nbsp;&nbsp;&nbsp;__printf
</UL>

<P><STRONG><a name="[39]"></a>_get_lc_numeric</STRONG> (Thumb, 44 bytes, Stack size 8 bytes, lc_numeric_c.o(locale$$code))
<BR><BR>[Stack]<UL><LI>Max Depth = 24<LI>Call Chain = _get_lc_numeric &rArr; strcmp
</UL>
<BR>[Calls]<UL><LI><a href="#[92]">&gt;&gt;</a>&nbsp;&nbsp;&nbsp;strcmp
</UL>
<BR>[Called By]<UL><LI><a href="#[38]">&gt;&gt;</a>&nbsp;&nbsp;&nbsp;__rt_lib_init_lc_numeric_2
</UL>

<P><STRONG><a name="[5e]"></a>__aeabi_cfcmple</STRONG> (Thumb, 0 bytes, Stack size 8 bytes, flef.o(x$fpl$fleqf))
<BR><BR>[Stack]<UL><LI>Max Depth = 8<LI>Call Chain = __aeabi_cfcmple
</UL>
<BR>[Called By]<UL><LI><a href="#[3f]">&gt;&gt;</a>&nbsp;&nbsp;&nbsp;main
</UL>

<P><STRONG><a name="[93]"></a>_fcmple</STRONG> (Thumb, 78 bytes, Stack size 8 bytes, flef.o(x$fpl$fleqf), UNUSED)
<BR><BR>[Calls]<UL><LI><a href="#[84]">&gt;&gt;</a>&nbsp;&nbsp;&nbsp;__fpl_fcmp_InfNaN
</UL>

<P><STRONG><a name="[5d]"></a>__aeabi_cfrcmple</STRONG> (Thumb, 0 bytes, Stack size 8 bytes, frlef.o(x$fpl$frleqf))
<BR><BR>[Stack]<UL><LI>Max Depth = 8<LI>Call Chain = __aeabi_cfrcmple
</UL>
<BR>[Called By]<UL><LI><a href="#[3f]">&gt;&gt;</a>&nbsp;&nbsp;&nbsp;main
</UL>

<P><STRONG><a name="[94]"></a>_frcmple</STRONG> (Thumb, 84 bytes, Stack size 8 bytes, frlef.o(x$fpl$frleqf), UNUSED)
<BR><BR>[Calls]<UL><LI><a href="#[84]">&gt;&gt;</a>&nbsp;&nbsp;&nbsp;__fpl_fcmp_InfNaN
</UL>

<P><STRONG><a name="[35]"></a>_printf_fp_dec</STRONG> (Thumb, 16 bytes, Stack size 8 bytes, printf1.o(x$fpl$printf1))
<BR><BR>[Stack]<UL><LI>Max Depth = 8<LI>Call Chain = _printf_fp_dec
</UL>
<BR>[Called By]<UL><LI><a href="#[33]">&gt;&gt;</a>&nbsp;&nbsp;&nbsp;_printf_f
</UL>
<P>
<H3>
Local Symbols
</H3>
<P><STRONG><a name="[66]"></a>SetSysClock</STRONG> (Thumb, 206 bytes, Stack size 12 bytes, system_stm32f0xx.o(.text))
<BR><BR>[Stack]<UL><LI>Max Depth = 12<LI>Call Chain = SetSysClock
</UL>
<BR>[Called By]<UL><LI><a href="#[29]">&gt;&gt;</a>&nbsp;&nbsp;&nbsp;SystemInit
</UL>

<P><STRONG><a name="[79]"></a>_fp_digits</STRONG> (Thumb, 408 bytes, Stack size 96 bytes, _printf_fp_dec.o(.text))
<BR><BR>[Stack]<UL><LI>Max Depth = 272<LI>Call Chain = _fp_digits &rArr; _btod_etento &rArr; _btod_emul &rArr; btod_internal_mul &rArr; __ARM_common_ll_muluu
</UL>
<BR>[Calls]<UL><LI><a href="#[7c]">&gt;&gt;</a>&nbsp;&nbsp;&nbsp;_btod_ediv
<LI><a href="#[7d]">&gt;&gt;</a>&nbsp;&nbsp;&nbsp;_btod_emul
<LI><a href="#[7b]">&gt;&gt;</a>&nbsp;&nbsp;&nbsp;_btod_d2e
<LI><a href="#[7a]">&gt;&gt;</a>&nbsp;&nbsp;&nbsp;_btod_etento
<LI><a href="#[7e]">&gt;&gt;</a>&nbsp;&nbsp;&nbsp;_ll_udiv10
</UL>
<BR>[Called By]<UL><LI><a href="#[2d]">&gt;&gt;</a>&nbsp;&nbsp;&nbsp;_printf_fp_dec_real
</UL>

<P><STRONG><a name="[2c]"></a>_printf_input_char</STRONG> (Thumb, 10 bytes, Stack size 0 bytes, _printf_char_common.o(.text))
<BR>[Address Reference Count : 1]<UL><LI> _printf_char_common.o(.text)
</UL>
<P><STRONG><a name="[88]"></a>btod_internal_mul</STRONG> (Thumb, 456 bytes, Stack size 56 bytes, btod.o(.text))
<BR><BR>[Stack]<UL><LI>Max Depth = 80<LI>Call Chain = btod_internal_mul &rArr; __ARM_common_ll_muluu
</UL>
<BR>[Calls]<UL><LI><a href="#[89]">&gt;&gt;</a>&nbsp;&nbsp;&nbsp;__ARM_common_ll_muluu
</UL>
<BR>[Called By]<UL><LI><a href="#[8a]">&gt;&gt;</a>&nbsp;&nbsp;&nbsp;_btod_emuld
<LI><a href="#[7d]">&gt;&gt;</a>&nbsp;&nbsp;&nbsp;_btod_emul
</UL>

<P><STRONG><a name="[8b]"></a>btod_internal_div</STRONG> (Thumb, 494 bytes, Stack size 64 bytes, btod.o(.text))
<BR><BR>[Stack]<UL><LI>Max Depth = 64<LI>Call Chain = btod_internal_div
</UL>
<BR>[Called By]<UL><LI><a href="#[8c]">&gt;&gt;</a>&nbsp;&nbsp;&nbsp;_btod_edivd
<LI><a href="#[7c]">&gt;&gt;</a>&nbsp;&nbsp;&nbsp;_btod_ediv
</UL>
<P>
<H3>
Undefined Global Symbols
</H3>
<P><STRONG><a name="[90]"></a>_call_atexit_fns</STRONG> (ARM, 0 bytes, Stack size 0 bytes, UNDEFINED)
<BR><BR>[Called By]<UL><LI><a href="#[40]">&gt;&gt;</a>&nbsp;&nbsp;&nbsp;exit
</UL>
<HR></body></html>
