<html>
<body>
<pre>
<h1>µVision Build Log</h1>
<h2>Project:</h2>
E:\STM-NgoVinh\Cac bai lab hoan chinh\ADCF0\INTx.uvproj
Project File Date:  12/08/2015

<h2>Output:</h2>
Rebuild target 'Target 1'
compiling main.c...
main\main.c(89): warning:  #140-D: too many arguments in function call
  delay(50);
main\main.c(96): warning:  #223-D: function "sprintf" declared implicitly
  sprintf(str,"   %3.2f DO C",temp);
main\main.c(103): warning:  #140-D: too many arguments in function call
  delay(1000000);
main\main.c: 3 warnings, 0 errors
compiling stm32f0xx_exti.c...
compiling stm32f0xx_gpio.c...
compiling stm32f0xx_rcc.c...
compiling stm32f0xx_usart.c...
compiling stm32f0xx_adc.c...
assembling startup_stm32f0xx.s...
compiling system_stm32f0xx.c...
compiling stm32f0xx_it.c...
compiling lcd16x2.c...
linking...
Program Size: Code=10164 RO-data=528 RW-data=44 ZI-data=1644  
FromELF: creating hex file...
".\output\ADCF0.axf" - 0 Error(s), 3 Warning(s).
</pre>
</body>
</html>
