Archive member included because of file (symbol)

c:/program files (x86)/gnu tools arm embedded/4.7 2013q3/bin/../lib/gcc/arm-none-eabi/4.7.4/armv6-m\libgcc.a(_udivsi3.o)
                              ..\obj\stm32f0xx_rcc.o (__aeabi_uidiv)
c:/program files (x86)/gnu tools arm embedded/4.7 2013q3/bin/../lib/gcc/arm-none-eabi/4.7.4/armv6-m\libgcc.a(_dvmd_tls.o)
                              c:/program files (x86)/gnu tools arm embedded/4.7 2013q3/bin/../lib/gcc/arm-none-eabi/4.7.4/armv6-m\libgcc.a(_udivsi3.o) (__aeabi_idiv0)

Discarded input sections

 .text          0x00000000        0x0 ..\obj\stm32f0xx_rcc.o
 .data          0x00000000       0x10 ..\obj\stm32f0xx_rcc.o
 .bss           0x00000000        0x0 ..\obj\stm32f0xx_rcc.o
 .text.RCC_DeInit
                0x00000000       0x88 ..\obj\stm32f0xx_rcc.o
 .text.RCC_HSEConfig
                0x00000000       0x24 ..\obj\stm32f0xx_rcc.o
 .text.RCC_WaitForHSEStartUp
                0x00000000       0x60 ..\obj\stm32f0xx_rcc.o
 .text.RCC_AdjustHSICalibrationValue
                0x00000000       0x3c ..\obj\stm32f0xx_rcc.o
 .text.RCC_HSICmd
                0x00000000       0x38 ..\obj\stm32f0xx_rcc.o
 .text.RCC_AdjustHSI14CalibrationValue
                0x00000000       0x3c ..\obj\stm32f0xx_rcc.o
 .text.RCC_HSI14Cmd
                0x00000000       0x38 ..\obj\stm32f0xx_rcc.o
 .text.RCC_HSI14ADCRequestCmd
                0x00000000       0x38 ..\obj\stm32f0xx_rcc.o
 .text.RCC_LSEConfig
                0x00000000       0x38 ..\obj\stm32f0xx_rcc.o
 .text.RCC_LSEDriveConfig
                0x00000000       0x2c ..\obj\stm32f0xx_rcc.o
 .text.RCC_LSICmd
                0x00000000       0x38 ..\obj\stm32f0xx_rcc.o
 .text.RCC_PLLConfig
                0x00000000       0x34 ..\obj\stm32f0xx_rcc.o
 .text.RCC_PLLCmd
                0x00000000       0x40 ..\obj\stm32f0xx_rcc.o
 .text.RCC_PREDIV1Config
                0x00000000       0x34 ..\obj\stm32f0xx_rcc.o
 .text.RCC_ClockSecuritySystemCmd
                0x00000000       0x40 ..\obj\stm32f0xx_rcc.o
 .text.RCC_MCOConfig
                0x00000000       0x20 ..\obj\stm32f0xx_rcc.o
 .text.RCC_SYSCLKConfig
                0x00000000       0x34 ..\obj\stm32f0xx_rcc.o
 .text.RCC_GetSYSCLKSource
                0x00000000       0x1c ..\obj\stm32f0xx_rcc.o
 .text.RCC_HCLKConfig
                0x00000000       0x34 ..\obj\stm32f0xx_rcc.o
 .text.RCC_PCLKConfig
                0x00000000       0x38 ..\obj\stm32f0xx_rcc.o
 .text.RCC_ADCCLKConfig
                0x00000000       0x50 ..\obj\stm32f0xx_rcc.o
 .text.RCC_CECCLKConfig
                0x00000000       0x2c ..\obj\stm32f0xx_rcc.o
 .text.RCC_I2CCLKConfig
                0x00000000       0x2c ..\obj\stm32f0xx_rcc.o
 .text.RCC_USARTCLKConfig
                0x00000000       0x2c ..\obj\stm32f0xx_rcc.o
 .text.RCC_GetClocksFreq
                0x00000000      0x1cc ..\obj\stm32f0xx_rcc.o
 .text.RCC_RTCCLKConfig
                0x00000000       0x20 ..\obj\stm32f0xx_rcc.o
 .text.RCC_RTCCLKCmd
                0x00000000       0x40 ..\obj\stm32f0xx_rcc.o
 .text.RCC_BackupResetCmd
                0x00000000       0x40 ..\obj\stm32f0xx_rcc.o
 .text.RCC_APB2PeriphClockCmd
                0x00000000       0x3c ..\obj\stm32f0xx_rcc.o
 .text.RCC_APB1PeriphClockCmd
                0x00000000       0x3c ..\obj\stm32f0xx_rcc.o
 .text.RCC_AHBPeriphResetCmd
                0x00000000       0x3c ..\obj\stm32f0xx_rcc.o
 .text.RCC_APB2PeriphResetCmd
                0x00000000       0x3c ..\obj\stm32f0xx_rcc.o
 .text.RCC_APB1PeriphResetCmd
                0x00000000       0x3c ..\obj\stm32f0xx_rcc.o
 .text.RCC_ITConfig
                0x00000000       0x50 ..\obj\stm32f0xx_rcc.o
 .text.RCC_GetFlagStatus
                0x00000000       0x90 ..\obj\stm32f0xx_rcc.o
 .text.RCC_ClearFlag
                0x00000000       0x1c ..\obj\stm32f0xx_rcc.o
 .text.RCC_GetITStatus
                0x00000000       0x44 ..\obj\stm32f0xx_rcc.o
 .text.RCC_ClearITPendingBit
                0x00000000       0x20 ..\obj\stm32f0xx_rcc.o
 .text          0x00000000        0x0 ..\obj\main.o
 .data          0x00000000        0x0 ..\obj\main.o
 .bss           0x00000000        0x0 ..\obj\main.o
 .text.LCD_STR2
                0x00000000       0x2c ..\obj\main.o
 .text          0x00000000       0x14 ..\obj\startup_stm32f0xx.o
 .data          0x00000000        0x0 ..\obj\startup_stm32f0xx.o
 .bss           0x00000000        0x0 ..\obj\startup_stm32f0xx.o
 .text          0x00000000        0x0 ..\obj\stm32f0xx_gpio.o
 .data          0x00000000        0x0 ..\obj\stm32f0xx_gpio.o
 .bss           0x00000000        0x0 ..\obj\stm32f0xx_gpio.o
 .text.GPIO_DeInit
                0x00000000       0xc8 ..\obj\stm32f0xx_gpio.o
 .text.GPIO_StructInit
                0x00000000       0x30 ..\obj\stm32f0xx_gpio.o
 .text.GPIO_PinLockConfig
                0x00000000       0x44 ..\obj\stm32f0xx_gpio.o
 .text.GPIO_ReadInputDataBit
                0x00000000       0x48 ..\obj\stm32f0xx_gpio.o
 .text.GPIO_ReadInputData
                0x00000000       0x18 ..\obj\stm32f0xx_gpio.o
 .text.GPIO_ReadOutputDataBit
                0x00000000       0x48 ..\obj\stm32f0xx_gpio.o
 .text.GPIO_ReadOutputData
                0x00000000       0x18 ..\obj\stm32f0xx_gpio.o
 .text.GPIO_SetBits
                0x00000000       0x1c ..\obj\stm32f0xx_gpio.o
 .text.GPIO_ResetBits
                0x00000000       0x1c ..\obj\stm32f0xx_gpio.o
 .text.GPIO_WriteBit
                0x00000000       0x30 ..\obj\stm32f0xx_gpio.o
 .text.GPIO_Write
                0x00000000       0x1c ..\obj\stm32f0xx_gpio.o
 .text.GPIO_PinAFConfig
                0x00000000       0x9c ..\obj\stm32f0xx_gpio.o
 .text          0x00000000        0x0 ..\obj\system_stm32f0xx.o
 .data          0x00000000       0x14 ..\obj\system_stm32f0xx.o
 .bss           0x00000000        0x0 ..\obj\system_stm32f0xx.o
 .text.SystemCoreClockUpdate
                0x00000000       0xd0 ..\obj\system_stm32f0xx.o
 .text          0x00000000       0x9c c:/program files (x86)/gnu tools arm embedded/4.7 2013q3/bin/../lib/gcc/arm-none-eabi/4.7.4/armv6-m\libgcc.a(_udivsi3.o)
 .data          0x00000000        0x0 c:/program files (x86)/gnu tools arm embedded/4.7 2013q3/bin/../lib/gcc/arm-none-eabi/4.7.4/armv6-m\libgcc.a(_udivsi3.o)
 .bss           0x00000000        0x0 c:/program files (x86)/gnu tools arm embedded/4.7 2013q3/bin/../lib/gcc/arm-none-eabi/4.7.4/armv6-m\libgcc.a(_udivsi3.o)
 .debug_frame   0x00000000       0x20 c:/program files (x86)/gnu tools arm embedded/4.7 2013q3/bin/../lib/gcc/arm-none-eabi/4.7.4/armv6-m\libgcc.a(_udivsi3.o)
 .ARM.attributes
                0x00000000       0x1e c:/program files (x86)/gnu tools arm embedded/4.7 2013q3/bin/../lib/gcc/arm-none-eabi/4.7.4/armv6-m\libgcc.a(_udivsi3.o)
 .text          0x00000000        0x4 c:/program files (x86)/gnu tools arm embedded/4.7 2013q3/bin/../lib/gcc/arm-none-eabi/4.7.4/armv6-m\libgcc.a(_dvmd_tls.o)
 .data          0x00000000        0x0 c:/program files (x86)/gnu tools arm embedded/4.7 2013q3/bin/../lib/gcc/arm-none-eabi/4.7.4/armv6-m\libgcc.a(_dvmd_tls.o)
 .bss           0x00000000        0x0 c:/program files (x86)/gnu tools arm embedded/4.7 2013q3/bin/../lib/gcc/arm-none-eabi/4.7.4/armv6-m\libgcc.a(_dvmd_tls.o)
 .ARM.attributes
                0x00000000       0x1e c:/program files (x86)/gnu tools arm embedded/4.7 2013q3/bin/../lib/gcc/arm-none-eabi/4.7.4/armv6-m\libgcc.a(_dvmd_tls.o)

Memory Configuration

Name             Origin             Length             Attributes
rom              0x08000000         0x00010000         xr
ram              0x20000000         0x00002000         xrw
*default*        0x00000000         0xffffffff

Linker script and memory map

                0x20002000                _eram = 0x20002000

.text           0x08000000      0x74c
 *(.isr_vector)
 .isr_vector    0x08000000       0xc4 ..\obj\startup_stm32f0xx.o
                0x08000000                g_pfnVectors
 *(.text*)
 .text.RCC_AHBPeriphClockCmd
                0x080000c4       0x3c ..\obj\stm32f0xx_rcc.o
                0x080000c4                RCC_AHBPeriphClockCmd
 .text.delay    0x08000100       0x24 ..\obj\main.o
                0x08000100                delay
 .text.lcd_init
                0x08000124       0x84 ..\obj\main.o
                0x08000124                lcd_init
 .text.LCD_DATA
                0x080001a8       0x78 ..\obj\main.o
                0x080001a8                LCD_DATA
 .text.WaitLCDBusy
                0x08000220       0x10 ..\obj\main.o
                0x08000220                WaitLCDBusy
 .text.LCD_NYB  0x08000230       0xb8 ..\obj\main.o
                0x08000230                LCD_NYB
 .text.LCD_STR  0x080002e8       0x2c ..\obj\main.o
                0x080002e8                LCD_STR
 .text.LCD_LINE
                0x08000314       0x38 ..\obj\main.o
                0x08000314                LCD_LINE
 .text.DelayMS  0x0800034c       0x2c ..\obj\main.o
                0x0800034c                DelayMS
 .text.initDiscovery
                0x08000378       0x84 ..\obj\main.o
                0x08000378                initDiscovery
 .text.main     0x080003fc       0x40 ..\obj\main.o
                0x080003fc                main
 .text.Reset_Handler
                0x0800043c       0x44 ..\obj\startup_stm32f0xx.o
                0x0800043c                Reset_Handler
 .text.Default_Handler
                0x08000480        0x2 ..\obj\startup_stm32f0xx.o
                0x08000480                TIM1_CC_IRQHandler
                0x08000480                HardFault_Handler
                0x08000480                ADC1_COMP_IRQHandler
                0x08000480                SysTick_Handler
                0x08000480                PVD_IRQHandler
                0x08000480                PendSV_Handler
                0x08000480                NMI_Handler
                0x08000480                I2C1_IRQHandler
                0x08000480                SPI1_IRQHandler
                0x08000480                TIM6_DAC_IRQHandler
                0x08000480                EXTI2_3_IRQHandler
                0x08000480                I2C2_IRQHandler
                0x08000480                TIM17_IRQHandler
                0x08000480                RTC_IRQHandler
                0x08000480                TIM16_IRQHandler
                0x08000480                TIM3_IRQHandler
                0x08000480                EXTI4_15_IRQHandler
                0x08000480                RCC_IRQHandler
                0x08000480                DMA1_Channel1_IRQHandler
                0x08000480                Default_Handler
                0x08000480                CEC_IRQHandler
                0x08000480                TIM14_IRQHandler
                0x08000480                DMA1_Channel4_5_IRQHandler
                0x08000480                TIM15_IRQHandler
                0x08000480                EXTI0_1_IRQHandler
                0x08000480                SPI2_IRQHandler
                0x08000480                SVC_Handler
                0x08000480                TS_IRQHandler
                0x08000480                WWDG_IRQHandler
                0x08000480                TIM2_IRQHandler
                0x08000480                DMA1_Channel2_3_IRQHandler
                0x08000480                USART2_IRQHandler
                0x08000480                FLASH_IRQHandler
                0x08000480                USART1_IRQHandler
                0x08000480                TIM1_BRK_UP_TRG_COM_IRQHandler
 *fill*         0x08000482        0x2 00
 .text.GPIO_Init
                0x08000484      0x138 ..\obj\stm32f0xx_gpio.o
                0x08000484                GPIO_Init
 .text.SystemInit
                0x080005bc       0x8c ..\obj\system_stm32f0xx.o
                0x080005bc                SystemInit
 .text.SetSysClock
                0x08000648       0xe0 ..\obj\system_stm32f0xx.o
 *(.init)
 *(.fini)
 *crtbegin.o(.ctors)
 *crtbegin?.o(.ctors)
 *(EXCLUDE_FILE(*crtend.o *crtend?.o) .ctors)
 *(SORT(.ctors.*))
 *(.ctors)
 *crtbegin.o(.dtors)
 *crtbegin?.o(.dtors)
 *(EXCLUDE_FILE(*crtend.o *crtend?.o) .dtors)
 *(SORT(.dtors.*))
 *(.dtors)
 *(.rodata*)
 .rodata        0x08000728       0x24 ..\obj\main.o
 *(.eh_fram e*)

.glue_7         0x0800074c        0x0
 .glue_7        0x00000000        0x0 linker stubs

.glue_7t        0x0800074c        0x0
 .glue_7t       0x00000000        0x0 linker stubs

.vfp11_veneer   0x0800074c        0x0
 .vfp11_veneer  0x00000000        0x0 linker stubs

.v4_bx          0x0800074c        0x0
 .v4_bx         0x00000000        0x0 linker stubs

.iplt           0x0800074c        0x0
 .iplt          0x00000000        0x0 ..\obj\stm32f0xx_rcc.o

.rel.dyn        0x0800074c        0x0
 .rel.iplt      0x00000000        0x0 ..\obj\stm32f0xx_rcc.o

.ARM.extab
 *(.ARM.extab* .gnu.linkonce.armextab.*)
                0x0800074c                __exidx_start = .

.ARM.exidx
 *(.ARM.exidx* .gnu.linkonce.armexidx.*)
                0x0800074c                __exidx_end = .
                0x0800074c                __etext = .
                0x0800074c                _sidata = __etext

.data           0x20000000        0x0 load address 0x0800074c
                0x20000000                __data_start__ = .
                0x20000000                _sdata = __data_start__
 *(vtable)
 *(.data*)
                0x20000000                . = ALIGN (0x4)
                0x20000000                PROVIDE (__preinit_array_start, .)
 *(.preinit_array)
                0x20000000                PROVIDE (__preinit_array_end, .)
                0x20000000                . = ALIGN (0x4)
                0x20000000                PROVIDE (__init_array_start, .)
 *(SORT(.init_array.*))
 *(.init_array)
                0x20000000                PROVIDE (__init_array_end, .)
                0x20000000                . = ALIGN (0x4)
                0x20000000                PROVIDE (__fini_array_start, .)
 *(SORT(.fini_array.*))
 *(.fini_array)
                0x20000000                PROVIDE (__fini_array_end, .)
 *(.jcr*)
                0x20000000                . = ALIGN (0x4)
                0x20000000                __data_end__ = .
                0x20000000                _edata = __data_end__

.igot.plt       0x20000000        0x0
 .igot.plt      0x00000000        0x0 ..\obj\stm32f0xx_rcc.o

.bss            0x20000000        0x0
                0x20000000                . = ALIGN (0x4)
                0x20000000                __bss_start__ = .
                0x20000000                _sbss = __bss_start__
 *(.bss*)
 *(COMMON)
                0x20000000                . = ALIGN (0x4)
                0x20000000                __bss_end__ = .
                0x20000000                _ebss = __bss_end__

.heap           0x20000000        0x0
                0x20000000                __end__ = .
                0x20000000                _end = __end__
                0x20000000                end = __end__
 *(.heap*)
                0x20000000                __HeapLimit = .

.co_stack       0x20000000        0x0
                0x20000000                . = ALIGN (0x8)
 *(.co_stack .co_stack.*)
                0x20002000                __StackTop = (ORIGIN (ram) + 0x2000)
                0x20002000                __StackLimit = (__StackTop - SIZEOF (.co_stack))
                0x20002000                PROVIDE (__stack, __StackTop)
                0x00000001                ASSERT ((__StackLimit >= __HeapLimit), region ram  overflowed with stack)
LOAD ..\obj\stm32f0xx_rcc.o
LOAD ..\obj\main.o
LOAD ..\obj\startup_stm32f0xx.o
LOAD ..\obj\stm32f0xx_gpio.o
LOAD ..\obj\system_stm32f0xx.o
START GROUP
LOAD c:/program files (x86)/gnu tools arm embedded/4.7 2013q3/bin/../lib/gcc/arm-none-eabi/4.7.4/armv6-m\libgcc.a
LOAD c:/program files (x86)/gnu tools arm embedded/4.7 2013q3/bin/../lib/gcc/arm-none-eabi/4.7.4/../../../../arm-none-eabi/lib/armv6-m\libg.a
LOAD c:/program files (x86)/gnu tools arm embedded/4.7 2013q3/bin/../lib/gcc/arm-none-eabi/4.7.4/../../../../arm-none-eabi/lib/armv6-m\libc.a
END GROUP
OUTPUT(LCDF0.elf elf32-littlearm)

.debug_info     0x00000000     0x18bf
 .debug_info    0x00000000      0xa63 ..\obj\stm32f0xx_rcc.o
 .debug_info    0x00000a63      0x45e ..\obj\main.o
 .debug_info    0x00000ec1       0xd7 ..\obj\startup_stm32f0xx.o
 .debug_info    0x00000f98      0x618 ..\obj\stm32f0xx_gpio.o
 .debug_info    0x000015b0      0x30f ..\obj\system_stm32f0xx.o

.debug_abbrev   0x00000000      0x62e
 .debug_abbrev  0x00000000      0x1ee ..\obj\stm32f0xx_rcc.o
 .debug_abbrev  0x000001ee      0x168 ..\obj\main.o
 .debug_abbrev  0x00000356       0x12 ..\obj\startup_stm32f0xx.o
 .debug_abbrev  0x00000368      0x190 ..\obj\stm32f0xx_gpio.o
 .debug_abbrev  0x000004f8      0x136 ..\obj\system_stm32f0xx.o

.debug_loc      0x00000000      0xe1c
 .debug_loc     0x00000000      0x864 ..\obj\stm32f0xx_rcc.o
 .debug_loc     0x00000864      0x244 ..\obj\main.o
 .debug_loc     0x00000aa8      0x2d8 ..\obj\stm32f0xx_gpio.o
 .debug_loc     0x00000d80       0x9c ..\obj\system_stm32f0xx.o

.debug_aranges  0x00000000      0x298
 .debug_aranges
                0x00000000      0x150 ..\obj\stm32f0xx_rcc.o
 .debug_aranges
                0x00000150       0x70 ..\obj\main.o
 .debug_aranges
                0x000001c0       0x28 ..\obj\startup_stm32f0xx.o
 .debug_aranges
                0x000001e8       0x80 ..\obj\stm32f0xx_gpio.o
 .debug_aranges
                0x00000268       0x30 ..\obj\system_stm32f0xx.o

.debug_ranges   0x00000000      0x250
 .debug_ranges  0x00000000      0x140 ..\obj\stm32f0xx_rcc.o
 .debug_ranges  0x00000140       0x60 ..\obj\main.o
 .debug_ranges  0x000001a0       0x20 ..\obj\startup_stm32f0xx.o
 .debug_ranges  0x000001c0       0x70 ..\obj\stm32f0xx_gpio.o
 .debug_ranges  0x00000230       0x20 ..\obj\system_stm32f0xx.o

.debug_line     0x00000000      0xd17
 .debug_line    0x00000000      0x514 ..\obj\stm32f0xx_rcc.o
 .debug_line    0x00000514      0x2be ..\obj\main.o
 .debug_line    0x000007d2       0xc3 ..\obj\startup_stm32f0xx.o
 .debug_line    0x00000895      0x2ef ..\obj\stm32f0xx_gpio.o
 .debug_line    0x00000b84      0x193 ..\obj\system_stm32f0xx.o

.debug_str      0x00000000      0xb2c
 .debug_str     0x00000000      0x662 ..\obj\stm32f0xx_rcc.o
                                0x6e1 (size before relaxing)
 .debug_str     0x00000662      0x269 ..\obj\main.o
                                0x36a (size before relaxing)
 .debug_str     0x000008cb      0x1a4 ..\obj\stm32f0xx_gpio.o
                                0x448 (size before relaxing)
 .debug_str     0x00000a6f       0xbd ..\obj\system_stm32f0xx.o
                                0x252 (size before relaxing)

.comment        0x00000000       0x70
 .comment       0x00000000       0x70 ..\obj\stm32f0xx_rcc.o
                                 0x71 (size before relaxing)
 .comment       0x00000000       0x71 ..\obj\main.o
 .comment       0x00000000       0x71 ..\obj\stm32f0xx_gpio.o
 .comment       0x00000000       0x71 ..\obj\system_stm32f0xx.o

.ARM.attributes
                0x00000000       0x2f
 .ARM.attributes
                0x00000000       0x31 ..\obj\stm32f0xx_rcc.o
 .ARM.attributes
                0x00000031       0x31 ..\obj\main.o
 .ARM.attributes
                0x00000062       0x21 ..\obj\startup_stm32f0xx.o
 .ARM.attributes
                0x00000083       0x31 ..\obj\stm32f0xx_gpio.o
 .ARM.attributes
                0x000000b4       0x31 ..\obj\system_stm32f0xx.o

.debug_frame    0x00000000      0x864
 .debug_frame   0x00000000      0x4e4 ..\obj\stm32f0xx_rcc.o
 .debug_frame   0x000004e4      0x164 ..\obj\main.o
 .debug_frame   0x00000648      0x1b0 ..\obj\stm32f0xx_gpio.o
 .debug_frame   0x000007f8       0x6c ..\obj\system_stm32f0xx.o
