Archive member included to satisfy reference by file (symbol)

c:/program files (x86)/gnu tools arm embedded/8 2018-q4-major/bin/../lib/gcc/arm-none-eabi/8.2.1/../../../../arm-none-eabi/lib/thumb/v7e-m+fp/hard\libg.a(lib_a-strlen.o)
                              ..\obj\main.o (strlen)

Allocating common symbols
Common symbol       size              file

pos                 0x4               ..\obj\main.o
st                  0x64              ..\obj\main.o

Discarded input sections

 .text          0x00000000        0x0 ..\obj\stm32f4xx_syscfg.o
 .data          0x00000000        0x0 ..\obj\stm32f4xx_syscfg.o
 .bss           0x00000000        0x0 ..\obj\stm32f4xx_syscfg.o
 .text.SYSCFG_DeInit
                0x00000000       0x1c ..\obj\stm32f4xx_syscfg.o
 .text.SYSCFG_MemoryRemapConfig
                0x00000000       0x20 ..\obj\stm32f4xx_syscfg.o
 .text.SYSCFG_ETH_MediaInterfaceConfig
                0x00000000       0x20 ..\obj\stm32f4xx_syscfg.o
 .text.SYSCFG_CompensationCellCmd
                0x00000000       0x20 ..\obj\stm32f4xx_syscfg.o
 .text.SYSCFG_GetCompensationCellStatus
                0x00000000       0x34 ..\obj\stm32f4xx_syscfg.o
 .text          0x00000000        0x0 ..\obj\stm32f4xx_usart.o
 .data          0x00000000        0x0 ..\obj\stm32f4xx_usart.o
 .bss           0x00000000        0x0 ..\obj\stm32f4xx_usart.o
 .text.USART_DeInit
                0x00000000       0xd4 ..\obj\stm32f4xx_usart.o
 .text.USART_StructInit
                0x00000000       0x3a ..\obj\stm32f4xx_usart.o
 .text.USART_ClockInit
                0x00000000       0x56 ..\obj\stm32f4xx_usart.o
 .text.USART_ClockStructInit
                0x00000000       0x2c ..\obj\stm32f4xx_usart.o
 .text.USART_SetPrescaler
                0x00000000       0x3a ..\obj\stm32f4xx_usart.o
 .text.USART_OverSampling8Cmd
                0x00000000       0x44 ..\obj\stm32f4xx_usart.o
 .text.USART_OneBitMethodCmd
                0x00000000       0x40 ..\obj\stm32f4xx_usart.o
 .text.USART_SendData
                0x00000000       0x24 ..\obj\stm32f4xx_usart.o
 .text.USART_ReceiveData
                0x00000000       0x20 ..\obj\stm32f4xx_usart.o
 .text.USART_SetAddress
                0x00000000       0x3a ..\obj\stm32f4xx_usart.o
 .text.USART_ReceiverWakeUpCmd
                0x00000000       0x40 ..\obj\stm32f4xx_usart.o
 .text.USART_WakeUpConfig
                0x00000000       0x38 ..\obj\stm32f4xx_usart.o
 .text.USART_LINBreakDetectLengthConfig
                0x00000000       0x38 ..\obj\stm32f4xx_usart.o
 .text.USART_LINCmd
                0x00000000       0x40 ..\obj\stm32f4xx_usart.o
 .text.USART_SendBreak
                0x00000000       0x24 ..\obj\stm32f4xx_usart.o
 .text.USART_HalfDuplexCmd
                0x00000000       0x40 ..\obj\stm32f4xx_usart.o
 .text.USART_SetGuardTime
                0x00000000       0x3c ..\obj\stm32f4xx_usart.o
 .text.USART_SmartCardCmd
                0x00000000       0x40 ..\obj\stm32f4xx_usart.o
 .text.USART_SmartCardNACKCmd
                0x00000000       0x40 ..\obj\stm32f4xx_usart.o
 .text.USART_IrDAConfig
                0x00000000       0x38 ..\obj\stm32f4xx_usart.o
 .text.USART_IrDACmd
                0x00000000       0x40 ..\obj\stm32f4xx_usart.o
 .text.USART_DMACmd
                0x00000000       0x48 ..\obj\stm32f4xx_usart.o
 .text.USART_ITConfig
                0x00000000       0x90 ..\obj\stm32f4xx_usart.o
 .text.USART_GetFlagStatus
                0x00000000       0x38 ..\obj\stm32f4xx_usart.o
 .text.USART_ClearFlag
                0x00000000       0x22 ..\obj\stm32f4xx_usart.o
 .text.USART_GetITStatus
                0x00000000       0xb6 ..\obj\stm32f4xx_usart.o
 .text.USART_ClearITPendingBit
                0x00000000       0x3a ..\obj\stm32f4xx_usart.o
 .text          0x00000000        0x0 ..\obj\stm32f4xx_pwr.o
 .data          0x00000000        0x0 ..\obj\stm32f4xx_pwr.o
 .bss           0x00000000        0x0 ..\obj\stm32f4xx_pwr.o
 .text.PWR_DeInit
                0x00000000       0x1c ..\obj\stm32f4xx_pwr.o
 .text.PWR_BackupAccessCmd
                0x00000000       0x20 ..\obj\stm32f4xx_pwr.o
 .text.PWR_PVDLevelConfig
                0x00000000       0x38 ..\obj\stm32f4xx_pwr.o
 .text.PWR_PVDCmd
                0x00000000       0x20 ..\obj\stm32f4xx_pwr.o
 .text.PWR_WakeUpPinCmd
                0x00000000       0x20 ..\obj\stm32f4xx_pwr.o
 .text.PWR_BackupRegulatorCmd
                0x00000000       0x20 ..\obj\stm32f4xx_pwr.o
 .text.PWR_MainRegulatorModeConfig
                0x00000000       0x38 ..\obj\stm32f4xx_pwr.o
 .text.PWR_FlashPowerDownCmd
                0x00000000       0x20 ..\obj\stm32f4xx_pwr.o
 .text.PWR_EnterSTOPMode
                0x00000000       0x64 ..\obj\stm32f4xx_pwr.o
 .text.PWR_EnterSTANDBYMode
                0x00000000       0x3c ..\obj\stm32f4xx_pwr.o
 .text.PWR_GetFlagStatus
                0x00000000       0x34 ..\obj\stm32f4xx_pwr.o
 .text.PWR_ClearFlag
                0x00000000       0x28 ..\obj\stm32f4xx_pwr.o
 .debug_info    0x00000000      0x56b ..\obj\stm32f4xx_pwr.o
 .debug_abbrev  0x00000000      0x1ba ..\obj\stm32f4xx_pwr.o
 .debug_aranges
                0x00000000       0x78 ..\obj\stm32f4xx_pwr.o
 .debug_ranges  0x00000000       0x68 ..\obj\stm32f4xx_pwr.o
 .debug_line    0x00000000      0x3d6 ..\obj\stm32f4xx_pwr.o
 .debug_str     0x00000000      0x43a ..\obj\stm32f4xx_pwr.o
 .comment       0x00000000       0x76 ..\obj\stm32f4xx_pwr.o
 .debug_frame   0x00000000      0x1dc ..\obj\stm32f4xx_pwr.o
 .ARM.attributes
                0x00000000       0x34 ..\obj\stm32f4xx_pwr.o
 .text          0x00000000        0x0 ..\obj\startup_stm32f4xx.o
 .data          0x00000000        0x0 ..\obj\startup_stm32f4xx.o
 .bss           0x00000000        0x0 ..\obj\startup_stm32f4xx.o
 .text          0x00000000        0x0 ..\obj\main.o
 .text.USART_Send_Char
                0x00000000       0x34 ..\obj\main.o
 .text.Send_String
                0x00000000       0x38 ..\obj\main.o
 .text.quayXe   0x00000000       0xc4 ..\obj\main.o
 .text          0x00000000        0x0 ..\obj\stm32f4xx_rcc.o
 .bss           0x00000000        0x0 ..\obj\stm32f4xx_rcc.o
 .text.RCC_DeInit
                0x00000000       0x50 ..\obj\stm32f4xx_rcc.o
 .text.RCC_HSEConfig
                0x00000000       0x28 ..\obj\stm32f4xx_rcc.o
 .text.RCC_WaitForHSEStartUp
                0x00000000       0x50 ..\obj\stm32f4xx_rcc.o
 .text.RCC_AdjustHSICalibrationValue
                0x00000000       0x3c ..\obj\stm32f4xx_rcc.o
 .text.RCC_HSICmd
                0x00000000       0x20 ..\obj\stm32f4xx_rcc.o
 .text.RCC_LSEConfig
                0x00000000       0x44 ..\obj\stm32f4xx_rcc.o
 .text.RCC_LSICmd
                0x00000000       0x20 ..\obj\stm32f4xx_rcc.o
 .text.RCC_PLLConfig
                0x00000000       0x40 ..\obj\stm32f4xx_rcc.o
 .text.RCC_PLLCmd
                0x00000000       0x20 ..\obj\stm32f4xx_rcc.o
 .text.RCC_PLLI2SConfig
                0x00000000       0x2c ..\obj\stm32f4xx_rcc.o
 .text.RCC_PLLI2SCmd
                0x00000000       0x20 ..\obj\stm32f4xx_rcc.o
 .text.RCC_ClockSecuritySystemCmd
                0x00000000       0x20 ..\obj\stm32f4xx_rcc.o
 .text.RCC_MCO1Config
                0x00000000       0x40 ..\obj\stm32f4xx_rcc.o
 .text.RCC_MCO2Config
                0x00000000       0x40 ..\obj\stm32f4xx_rcc.o
 .text.RCC_SYSCLKConfig
                0x00000000       0x38 ..\obj\stm32f4xx_rcc.o
 .text.RCC_GetSYSCLKSource
                0x00000000       0x20 ..\obj\stm32f4xx_rcc.o
 .text.RCC_HCLKConfig
                0x00000000       0x38 ..\obj\stm32f4xx_rcc.o
 .text.RCC_PCLK1Config
                0x00000000       0x38 ..\obj\stm32f4xx_rcc.o
 .text.RCC_PCLK2Config
                0x00000000       0x3c ..\obj\stm32f4xx_rcc.o
 .text.RCC_RTCCLKConfig
                0x00000000       0x5c ..\obj\stm32f4xx_rcc.o
 .text.RCC_RTCCLKCmd
                0x00000000       0x20 ..\obj\stm32f4xx_rcc.o
 .text.RCC_BackupResetCmd
                0x00000000       0x20 ..\obj\stm32f4xx_rcc.o
 .text.RCC_I2SCLKConfig
                0x00000000       0x20 ..\obj\stm32f4xx_rcc.o
 .text.RCC_AHB3PeriphClockCmd
                0x00000000       0x40 ..\obj\stm32f4xx_rcc.o
 .text.RCC_AHB1PeriphResetCmd
                0x00000000       0x40 ..\obj\stm32f4xx_rcc.o
 .text.RCC_AHB2PeriphResetCmd
                0x00000000       0x40 ..\obj\stm32f4xx_rcc.o
 .text.RCC_AHB3PeriphResetCmd
                0x00000000       0x40 ..\obj\stm32f4xx_rcc.o
 .text.RCC_APB1PeriphResetCmd
                0x00000000       0x40 ..\obj\stm32f4xx_rcc.o
 .text.RCC_APB2PeriphResetCmd
                0x00000000       0x40 ..\obj\stm32f4xx_rcc.o
 .text.RCC_AHB1PeriphClockLPModeCmd
                0x00000000       0x40 ..\obj\stm32f4xx_rcc.o
 .text.RCC_AHB2PeriphClockLPModeCmd
                0x00000000       0x40 ..\obj\stm32f4xx_rcc.o
 .text.RCC_AHB3PeriphClockLPModeCmd
                0x00000000       0x40 ..\obj\stm32f4xx_rcc.o
 .text.RCC_APB1PeriphClockLPModeCmd
                0x00000000       0x40 ..\obj\stm32f4xx_rcc.o
 .text.RCC_APB2PeriphClockLPModeCmd
                0x00000000       0x40 ..\obj\stm32f4xx_rcc.o
 .text.RCC_ITConfig
                0x00000000       0x4c ..\obj\stm32f4xx_rcc.o
 .text.RCC_GetFlagStatus
                0x00000000       0x74 ..\obj\stm32f4xx_rcc.o
 .text.RCC_ClearFlag
                0x00000000       0x20 ..\obj\stm32f4xx_rcc.o
 .text.RCC_GetITStatus
                0x00000000       0x38 ..\obj\stm32f4xx_rcc.o
 .text.RCC_ClearITPendingBit
                0x00000000       0x20 ..\obj\stm32f4xx_rcc.o
 .text          0x00000000        0x0 ..\obj\stm32f4xx_gpio.o
 .data          0x00000000        0x0 ..\obj\stm32f4xx_gpio.o
 .bss           0x00000000        0x0 ..\obj\stm32f4xx_gpio.o
 .text.GPIO_DeInit
                0x00000000      0x120 ..\obj\stm32f4xx_gpio.o
 .text.GPIO_StructInit
                0x00000000       0x34 ..\obj\stm32f4xx_gpio.o
 .text.GPIO_PinLockConfig
                0x00000000       0x44 ..\obj\stm32f4xx_gpio.o
 .text.GPIO_ReadInputDataBit
                0x00000000       0x34 ..\obj\stm32f4xx_gpio.o
 .text.GPIO_ReadInputData
                0x00000000       0x1a ..\obj\stm32f4xx_gpio.o
 .text.GPIO_ReadOutputDataBit
                0x00000000       0x34 ..\obj\stm32f4xx_gpio.o
 .text.GPIO_ReadOutputData
                0x00000000       0x1a ..\obj\stm32f4xx_gpio.o
 .text.GPIO_SetBits
                0x00000000       0x1e ..\obj\stm32f4xx_gpio.o
 .text.GPIO_ResetBits
                0x00000000       0x1e ..\obj\stm32f4xx_gpio.o
 .text.GPIO_WriteBit
                0x00000000       0x30 ..\obj\stm32f4xx_gpio.o
 .text.GPIO_Write
                0x00000000       0x1e ..\obj\stm32f4xx_gpio.o
 .text.GPIO_ToggleBits
                0x00000000       0x24 ..\obj\stm32f4xx_gpio.o
 .text          0x00000000        0x0 ..\obj\system_stm32f4xx.o
 .data          0x00000000       0x14 ..\obj\system_stm32f4xx.o
 .bss           0x00000000        0x0 ..\obj\system_stm32f4xx.o
 .text.SystemInit
                0x00000000       0x6c ..\obj\system_stm32f4xx.o
 .text.SystemCoreClockUpdate
                0x00000000       0xfc ..\obj\system_stm32f4xx.o
 .text.SetSysClock
                0x00000000       0xf8 ..\obj\system_stm32f4xx.o
 .debug_info    0x00000000      0x624 ..\obj\system_stm32f4xx.o
 .debug_abbrev  0x00000000      0x178 ..\obj\system_stm32f4xx.o
 .debug_aranges
                0x00000000       0x30 ..\obj\system_stm32f4xx.o
 .debug_ranges  0x00000000       0x20 ..\obj\system_stm32f4xx.o
 .debug_line    0x00000000      0x34d ..\obj\system_stm32f4xx.o
 .debug_str     0x00000000      0x443 ..\obj\system_stm32f4xx.o
 .comment       0x00000000       0x76 ..\obj\system_stm32f4xx.o
 .debug_frame   0x00000000       0x7c ..\obj\system_stm32f4xx.o
 .ARM.attributes
                0x00000000       0x34 ..\obj\system_stm32f4xx.o
 .text          0x00000000        0x0 ..\obj\syscalls.o
 .data          0x00000000        0x0 ..\obj\syscalls.o
 .bss           0x00000000        0x4 ..\obj\syscalls.o
 .text._sbrk    0x00000000       0x40 ..\obj\syscalls.o
 .text.link     0x00000000       0x1a ..\obj\syscalls.o
 .text._close   0x00000000       0x18 ..\obj\syscalls.o
 .text._fstat   0x00000000       0x20 ..\obj\syscalls.o
 .text._isatty  0x00000000       0x16 ..\obj\syscalls.o
 .text._lseek   0x00000000       0x1a ..\obj\syscalls.o
 .text._read    0x00000000       0x1a ..\obj\syscalls.o
 .text._write   0x00000000       0x1a ..\obj\syscalls.o
 .text.abort    0x00000000        0x6 ..\obj\syscalls.o
 .debug_info    0x00000000      0xd60 ..\obj\syscalls.o
 .debug_abbrev  0x00000000      0x23f ..\obj\syscalls.o
 .debug_aranges
                0x00000000       0x60 ..\obj\syscalls.o
 .debug_ranges  0x00000000       0x50 ..\obj\syscalls.o
 .debug_line    0x00000000      0x337 ..\obj\syscalls.o
 .debug_str     0x00000000      0x788 ..\obj\syscalls.o
 .comment       0x00000000       0x76 ..\obj\syscalls.o
 .debug_frame   0x00000000      0x168 ..\obj\syscalls.o
 .ARM.attributes
                0x00000000       0x34 ..\obj\syscalls.o
 .text          0x00000000        0x0 ..\obj\stm32f4xx_exti.o
 .data          0x00000000        0x0 ..\obj\stm32f4xx_exti.o
 .bss           0x00000000        0x0 ..\obj\stm32f4xx_exti.o
 .text.EXTI_DeInit
                0x00000000       0x34 ..\obj\stm32f4xx_exti.o
 .text.EXTI_StructInit
                0x00000000       0x2c ..\obj\stm32f4xx_exti.o
 .text.EXTI_GenerateSWInterrupt
                0x00000000       0x24 ..\obj\stm32f4xx_exti.o
 .text.EXTI_GetFlagStatus
                0x00000000       0x34 ..\obj\stm32f4xx_exti.o
 .text.EXTI_ClearFlag
                0x00000000       0x20 ..\obj\stm32f4xx_exti.o
 .text          0x00000000        0x0 ..\obj\misc.o
 .data          0x00000000        0x0 ..\obj\misc.o
 .bss           0x00000000        0x0 ..\obj\misc.o
 .text.NVIC_PriorityGroupConfig
                0x00000000       0x28 ..\obj\misc.o
 .text.NVIC_SetVectorTable
                0x00000000       0x2c ..\obj\misc.o
 .text.NVIC_SystemLPConfig
                0x00000000       0x44 ..\obj\misc.o
 .text.SysTick_CLKSourceConfig
                0x00000000       0x38 ..\obj\misc.o
 .text          0x00000000        0x0 ..\obj\configPinOut.o
 .data          0x00000000        0x0 ..\obj\configPinOut.o
 .bss           0x00000000        0x0 ..\obj\configPinOut.o
 .text.trai     0x00000000       0x44 ..\obj\configPinOut.o
 .text.trailui  0x00000000       0x44 ..\obj\configPinOut.o
 .text.phai     0x00000000       0x44 ..\obj\configPinOut.o
 .text.phailui  0x00000000       0x44 ..\obj\configPinOut.o
 .text          0x00000000        0x0 ..\obj\stm32f4xx_tim.o
 .data          0x00000000        0x0 ..\obj\stm32f4xx_tim.o
 .bss           0x00000000        0x0 ..\obj\stm32f4xx_tim.o
 .text.TIM_DeInit
                0x00000000      0x1c0 ..\obj\stm32f4xx_tim.o
 .text.TIM_TimeBaseStructInit
                0x00000000       0x34 ..\obj\stm32f4xx_tim.o
 .text.TIM_PrescalerConfig
                0x00000000       0x28 ..\obj\stm32f4xx_tim.o
 .text.TIM_CounterModeConfig
                0x00000000       0x38 ..\obj\stm32f4xx_tim.o
 .text.TIM_SetCounter
                0x00000000       0x1c ..\obj\stm32f4xx_tim.o
 .text.TIM_SetAutoreload
                0x00000000       0x1c ..\obj\stm32f4xx_tim.o
 .text.TIM_GetCounter
                0x00000000       0x18 ..\obj\stm32f4xx_tim.o
 .text.TIM_GetPrescaler
                0x00000000       0x1a ..\obj\stm32f4xx_tim.o
 .text.TIM_UpdateDisableConfig
                0x00000000       0x40 ..\obj\stm32f4xx_tim.o
 .text.TIM_UpdateRequestConfig
                0x00000000       0x40 ..\obj\stm32f4xx_tim.o
 .text.TIM_ARRPreloadConfig
                0x00000000       0x40 ..\obj\stm32f4xx_tim.o
 .text.TIM_SelectOnePulseMode
                0x00000000       0x38 ..\obj\stm32f4xx_tim.o
 .text.TIM_SetClockDivision
                0x00000000       0x38 ..\obj\stm32f4xx_tim.o
 .text.TIM_OC1Init
                0x00000000       0xf4 ..\obj\stm32f4xx_tim.o
 .text.TIM_OC2Init
                0x00000000      0x110 ..\obj\stm32f4xx_tim.o
 .text.TIM_OC3Init
                0x00000000      0x10c ..\obj\stm32f4xx_tim.o
 .text.TIM_OC4Init
                0x00000000       0xd0 ..\obj\stm32f4xx_tim.o
 .text.TIM_OCStructInit
                0x00000000       0x44 ..\obj\stm32f4xx_tim.o
 .text.TIM_SelectOCxM
                0x00000000       0xb4 ..\obj\stm32f4xx_tim.o
 .text.TIM_SetCompare1
                0x00000000       0x1c ..\obj\stm32f4xx_tim.o
 .text.TIM_SetCompare2
                0x00000000       0x1c ..\obj\stm32f4xx_tim.o
 .text.TIM_SetCompare3
                0x00000000       0x1c ..\obj\stm32f4xx_tim.o
 .text.TIM_SetCompare4
                0x00000000       0x1c ..\obj\stm32f4xx_tim.o
 .text.TIM_ForcedOC1Config
                0x00000000       0x38 ..\obj\stm32f4xx_tim.o
 .text.TIM_ForcedOC2Config
                0x00000000       0x3c ..\obj\stm32f4xx_tim.o
 .text.TIM_ForcedOC3Config
                0x00000000       0x38 ..\obj\stm32f4xx_tim.o
 .text.TIM_ForcedOC4Config
                0x00000000       0x3c ..\obj\stm32f4xx_tim.o
 .text.TIM_OC1PreloadConfig
                0x00000000       0x38 ..\obj\stm32f4xx_tim.o
 .text.TIM_OC2PreloadConfig
                0x00000000       0x3c ..\obj\stm32f4xx_tim.o
 .text.TIM_OC3PreloadConfig
                0x00000000       0x38 ..\obj\stm32f4xx_tim.o
 .text.TIM_OC4PreloadConfig
                0x00000000       0x3c ..\obj\stm32f4xx_tim.o
 .text.TIM_OC1FastConfig
                0x00000000       0x38 ..\obj\stm32f4xx_tim.o
 .text.TIM_OC2FastConfig
                0x00000000       0x3c ..\obj\stm32f4xx_tim.o
 .text.TIM_OC3FastConfig
                0x00000000       0x38 ..\obj\stm32f4xx_tim.o
 .text.TIM_OC4FastConfig
                0x00000000       0x3c ..\obj\stm32f4xx_tim.o
 .text.TIM_ClearOC1Ref
                0x00000000       0x38 ..\obj\stm32f4xx_tim.o
 .text.TIM_ClearOC2Ref
                0x00000000       0x3c ..\obj\stm32f4xx_tim.o
 .text.TIM_ClearOC3Ref
                0x00000000       0x38 ..\obj\stm32f4xx_tim.o
 .text.TIM_ClearOC4Ref
                0x00000000       0x3c ..\obj\stm32f4xx_tim.o
 .text.TIM_OC1PolarityConfig
                0x00000000       0x38 ..\obj\stm32f4xx_tim.o
 .text.TIM_OC1NPolarityConfig
                0x00000000       0x38 ..\obj\stm32f4xx_tim.o
 .text.TIM_OC2PolarityConfig
                0x00000000       0x3c ..\obj\stm32f4xx_tim.o
 .text.TIM_OC2NPolarityConfig
                0x00000000       0x3c ..\obj\stm32f4xx_tim.o
 .text.TIM_OC3PolarityConfig
                0x00000000       0x3c ..\obj\stm32f4xx_tim.o
 .text.TIM_OC3NPolarityConfig
                0x00000000       0x3c ..\obj\stm32f4xx_tim.o
 .text.TIM_OC4PolarityConfig
                0x00000000       0x3c ..\obj\stm32f4xx_tim.o
 .text.TIM_CCxCmd
                0x00000000       0x56 ..\obj\stm32f4xx_tim.o
 .text.TIM_CCxNCmd
                0x00000000       0x56 ..\obj\stm32f4xx_tim.o
 .text.TIM_ICInit
                0x00000000       0xa8 ..\obj\stm32f4xx_tim.o
 .text.TIM_ICStructInit
                0x00000000       0x32 ..\obj\stm32f4xx_tim.o
 .text.TIM_PWMIConfig
                0x00000000       0xb8 ..\obj\stm32f4xx_tim.o
 .text.TIM_GetCapture1
                0x00000000       0x18 ..\obj\stm32f4xx_tim.o
 .text.TIM_GetCapture2
                0x00000000       0x18 ..\obj\stm32f4xx_tim.o
 .text.TIM_GetCapture3
                0x00000000       0x18 ..\obj\stm32f4xx_tim.o
 .text.TIM_GetCapture4
                0x00000000       0x18 ..\obj\stm32f4xx_tim.o
 .text.TIM_SetIC1Prescaler
                0x00000000       0x38 ..\obj\stm32f4xx_tim.o
 .text.TIM_SetIC2Prescaler
                0x00000000       0x3c ..\obj\stm32f4xx_tim.o
 .text.TIM_SetIC3Prescaler
                0x00000000       0x38 ..\obj\stm32f4xx_tim.o
 .text.TIM_SetIC4Prescaler
                0x00000000       0x3c ..\obj\stm32f4xx_tim.o
 .text.TIM_BDTRConfig
                0x00000000       0x50 ..\obj\stm32f4xx_tim.o
 .text.TIM_BDTRStructInit
                0x00000000       0x3e ..\obj\stm32f4xx_tim.o
 .text.TIM_CtrlPWMOutputs
                0x00000000       0x4c ..\obj\stm32f4xx_tim.o
 .text.TIM_SelectCOM
                0x00000000       0x40 ..\obj\stm32f4xx_tim.o
 .text.TIM_CCPreloadControl
                0x00000000       0x40 ..\obj\stm32f4xx_tim.o
 .text.TIM_ITConfig
                0x00000000       0x48 ..\obj\stm32f4xx_tim.o
 .text.TIM_GenerateEvent
                0x00000000       0x1e ..\obj\stm32f4xx_tim.o
 .text.TIM_GetFlagStatus
                0x00000000       0x38 ..\obj\stm32f4xx_tim.o
 .text.TIM_ClearFlag
                0x00000000       0x22 ..\obj\stm32f4xx_tim.o
 .text.TIM_GetITStatus
                0x00000000       0x54 ..\obj\stm32f4xx_tim.o
 .text.TIM_ClearITPendingBit
                0x00000000       0x22 ..\obj\stm32f4xx_tim.o
 .text.TIM_DMAConfig
                0x00000000       0x2a ..\obj\stm32f4xx_tim.o
 .text.TIM_DMACmd
                0x00000000       0x48 ..\obj\stm32f4xx_tim.o
 .text.TIM_SelectCCDMA
                0x00000000       0x40 ..\obj\stm32f4xx_tim.o
 .text.TIM_InternalClockConfig
                0x00000000       0x24 ..\obj\stm32f4xx_tim.o
 .text.TIM_ITRxExternalClockConfig
                0x00000000       0x2e ..\obj\stm32f4xx_tim.o
 .text.TIM_TIxExternalClockConfig
                0x00000000       0x5c ..\obj\stm32f4xx_tim.o
 .text.TIM_ETRClockMode1Config
                0x00000000       0x5e ..\obj\stm32f4xx_tim.o
 .text.TIM_ETRClockMode2Config
                0x00000000       0x3e ..\obj\stm32f4xx_tim.o
 .text.TIM_SelectInputTrigger
                0x00000000       0x38 ..\obj\stm32f4xx_tim.o
 .text.TIM_SelectOutputTrigger
                0x00000000       0x38 ..\obj\stm32f4xx_tim.o
 .text.TIM_SelectSlaveMode
                0x00000000       0x38 ..\obj\stm32f4xx_tim.o
 .text.TIM_SelectMasterSlaveMode
                0x00000000       0x38 ..\obj\stm32f4xx_tim.o
 .text.TIM_ETRConfig
                0x00000000       0x54 ..\obj\stm32f4xx_tim.o
 .text.TIM_EncoderInterfaceConfig
                0x00000000       0x98 ..\obj\stm32f4xx_tim.o
 .text.TIM_SelectHallSensor
                0x00000000       0x40 ..\obj\stm32f4xx_tim.o
 .text.TIM_RemapConfig
                0x00000000       0x20 ..\obj\stm32f4xx_tim.o
 .text.TI1_Config
                0x00000000       0x86 ..\obj\stm32f4xx_tim.o
 .text.TI2_Config
                0x00000000       0x9a ..\obj\stm32f4xx_tim.o
 .text.TI3_Config
                0x00000000       0x90 ..\obj\stm32f4xx_tim.o
 .text.TI4_Config
                0x00000000       0x9e ..\obj\stm32f4xx_tim.o
 .text          0x00000000       0xdc c:/program files (x86)/gnu tools arm embedded/8 2018-q4-major/bin/../lib/gcc/arm-none-eabi/8.2.1/../../../../arm-none-eabi/lib/thumb/v7e-m+fp/hard\libg.a(lib_a-strlen.o)
 .data          0x00000000        0x0 c:/program files (x86)/gnu tools arm embedded/8 2018-q4-major/bin/../lib/gcc/arm-none-eabi/8.2.1/../../../../arm-none-eabi/lib/thumb/v7e-m+fp/hard\libg.a(lib_a-strlen.o)
 .bss           0x00000000        0x0 c:/program files (x86)/gnu tools arm embedded/8 2018-q4-major/bin/../lib/gcc/arm-none-eabi/8.2.1/../../../../arm-none-eabi/lib/thumb/v7e-m+fp/hard\libg.a(lib_a-strlen.o)
 .ARM.attributes
                0x00000000       0x1c c:/program files (x86)/gnu tools arm embedded/8 2018-q4-major/bin/../lib/gcc/arm-none-eabi/8.2.1/../../../../arm-none-eabi/lib/thumb/v7e-m+fp/hard\libg.a(lib_a-strlen.o)

Memory Configuration

Name             Origin             Length             Attributes
rom              0x08000000         0x00100000         xr
ram              0x20000000         0x00020000         xrw
ram1             0x10000000         0x00010000         xrw
*default*        0x00000000         0xffffffff

Linker script and memory map

                0x20020000                _eram = 0x20020000

.text           0x08000000     0x1580
 *(.isr_vector)
 .isr_vector    0x08000000      0x188 ..\obj\startup_stm32f4xx.o
                0x08000000                g_pfnVectors
 *(.text*)
 .text.SYSCFG_EXTILineConfig
                0x08000188       0x84 ..\obj\stm32f4xx_syscfg.o
                0x08000188                SYSCFG_EXTILineConfig
 .text.USART_Init
                0x0800020c      0x174 ..\obj\stm32f4xx_usart.o
                0x0800020c                USART_Init
 .text.USART_Cmd
                0x08000380       0x40 ..\obj\stm32f4xx_usart.o
                0x08000380                USART_Cmd
 .text.Default_Reset_Handler
                0x080003c0       0x6c ..\obj\startup_stm32f4xx.o
                0x080003c0                Default_Reset_Handler
                0x080003c0                Reset_Handler
 .text.Default_Handler
                0x0800042c        0x6 ..\obj\startup_stm32f4xx.o
                0x0800042c                RTC_Alarm_IRQHandler
                0x0800042c                HASH_RNG_IRQHandler
                0x0800042c                EXTI2_IRQHandler
                0x0800042c                TIM8_CC_IRQHandler
                0x0800042c                DebugMon_Handler
                0x0800042c                TIM1_CC_IRQHandler
                0x0800042c                DMA2_Stream5_IRQHandler
                0x0800042c                HardFault_Handler
                0x0800042c                DMA1_Stream5_IRQHandler
                0x0800042c                SysTick_Handler
                0x0800042c                PVD_IRQHandler
                0x0800042c                SDIO_IRQHandler
                0x0800042c                TAMP_STAMP_IRQHandler
                0x0800042c                PendSV_Handler
                0x0800042c                NMI_Handler
                0x0800042c                CAN2_RX1_IRQHandler
                0x0800042c                EXTI3_IRQHandler
                0x0800042c                TIM8_TRG_COM_TIM14_IRQHandler
                0x0800042c                TIM1_UP_TIM10_IRQHandler
                0x0800042c                TIM8_UP_TIM13_IRQHandler
                0x0800042c                I2C3_ER_IRQHandler
                0x0800042c                EXTI0_IRQHandler
                0x0800042c                I2C2_EV_IRQHandler
                0x0800042c                DMA1_Stream2_IRQHandler
                0x0800042c                CAN1_RX0_IRQHandler
                0x0800042c                FPU_IRQHandler
                0x0800042c                OTG_HS_WKUP_IRQHandler
                0x0800042c                UsageFault_Handler
                0x0800042c                CAN2_SCE_IRQHandler
                0x0800042c                DMA2_Stream2_IRQHandler
                0x0800042c                SPI1_IRQHandler
                0x0800042c                TIM6_DAC_IRQHandler
                0x0800042c                TIM1_BRK_TIM9_IRQHandler
                0x0800042c                DCMI_IRQHandler
                0x0800042c                CAN2_RX0_IRQHandler
                0x0800042c                DMA2_Stream3_IRQHandler
                0x0800042c                USART6_IRQHandler
                0x0800042c                USART3_IRQHandler
                0x0800042c                CRYP_IRQHandler
                0x0800042c                CAN1_RX1_IRQHandler
                0x0800042c                UART5_IRQHandler
                0x0800042c                DMA2_Stream0_IRQHandler
                0x0800042c                TIM4_IRQHandler
                0x0800042c                I2C1_EV_IRQHandler
                0x0800042c                DMA1_Stream6_IRQHandler
                0x0800042c                DMA1_Stream1_IRQHandler
                0x0800042c                UART4_IRQHandler
                0x0800042c                TIM3_IRQHandler
                0x0800042c                RCC_IRQHandler
                0x0800042c                TIM8_BRK_TIM12_IRQHandler
                0x0800042c                EXTI15_10_IRQHandler
                0x0800042c                ADC_IRQHandler
                0x0800042c                DMA1_Stream7_IRQHandler
                0x0800042c                TIM7_IRQHandler
                0x0800042c                CAN2_TX_IRQHandler
                0x0800042c                TIM5_IRQHandler
                0x0800042c                DMA2_Stream7_IRQHandler
                0x0800042c                I2C3_EV_IRQHandler
                0x0800042c                EXTI9_5_IRQHandler
                0x0800042c                RTC_WKUP_IRQHandler
                0x0800042c                ETH_WKUP_IRQHandler
                0x0800042c                SPI2_IRQHandler
                0x0800042c                OTG_HS_EP1_IN_IRQHandler
                0x0800042c                MemManage_Handler
                0x0800042c                DMA1_Stream0_IRQHandler
                0x0800042c                CAN1_TX_IRQHandler
                0x0800042c                SVC_Handler
                0x0800042c                FSMC_IRQHandler
                0x0800042c                ETH_IRQHandler
                0x0800042c                OTG_HS_EP1_OUT_IRQHandler
                0x0800042c                WWDG_IRQHandler
                0x0800042c                TIM2_IRQHandler
                0x0800042c                OTG_FS_WKUP_IRQHandler
                0x0800042c                TIM1_TRG_COM_TIM11_IRQHandler
                0x0800042c                OTG_HS_IRQHandler
                0x0800042c                EXTI1_IRQHandler
                0x0800042c                USART2_IRQHandler
                0x0800042c                I2C2_ER_IRQHandler
                0x0800042c                DMA2_Stream1_IRQHandler
                0x0800042c                CAN1_SCE_IRQHandler
                0x0800042c                FLASH_IRQHandler
                0x0800042c                DMA2_Stream4_IRQHandler
                0x0800042c                BusFault_Handler
                0x0800042c                USART1_IRQHandler
                0x0800042c                OTG_FS_IRQHandler
                0x0800042c                SPI3_IRQHandler
                0x0800042c                DMA1_Stream4_IRQHandler
                0x0800042c                I2C1_ER_IRQHandler
                0x0800042c                DMA2_Stream6_IRQHandler
                0x0800042c                DMA1_Stream3_IRQHandler
 *fill*         0x08000432        0x2 
 .text.GPIO_Setup
                0x08000434       0x3c ..\obj\main.o
                0x08000434                GPIO_Setup
 .text.TIM2_Setup
                0x08000470       0x54 ..\obj\main.o
                0x08000470                TIM2_Setup
 .text.delay1   0x080004c4       0x38 ..\obj\main.o
                0x080004c4                delay1
 .text.map      0x080004fc       0x38 ..\obj\main.o
                0x080004fc                map
 .text.servo_write
                0x08000534       0x38 ..\obj\main.o
                0x08000534                servo_write
 .text.EXTI_PA4_Config
                0x0800056c       0x74 ..\obj\main.o
                0x0800056c                EXTI_PA4_Config
 .text.usart_setup
                0x080005e0       0x80 ..\obj\main.o
                0x080005e0                usart_setup
 .text.TIM3_Config
                0x08000660       0x38 ..\obj\main.o
                0x08000660                TIM3_Config
 .text.delay    0x08000698       0x22 ..\obj\main.o
                0x08000698                delay
 .text.delay_1MS
                0x080006ba       0x34 ..\obj\main.o
                0x080006ba                delay_1MS
 *fill*         0x080006ee        0x2 
 .text.Turn_motor
                0x080006f0       0x64 ..\obj\main.o
                0x080006f0                Turn_motor
 .text.Turn_motor_speed
                0x08000754       0x3e ..\obj\main.o
                0x08000754                Turn_motor_speed
 *fill*         0x08000792        0x2 
 .text.Motor_Enable
                0x08000794       0x2c ..\obj\main.o
                0x08000794                Motor_Enable
 .text.Motor_Disable
                0x080007c0       0x2c ..\obj\main.o
                0x080007c0                Motor_Disable
 .text.readSensor
                0x080007ec       0x3c ..\obj\main.o
                0x080007ec                readSensor
 .text.setValue
                0x08000828       0x5c ..\obj\main.o
                0x08000828                setValue
 .text.servo_right
                0x08000884       0x40 ..\obj\main.o
                0x08000884                servo_right
 .text.servo_left
                0x080008c4       0x40 ..\obj\main.o
                0x080008c4                servo_left
 .text.servo_thang
                0x08000904       0x24 ..\obj\main.o
                0x08000904                servo_thang
 .text.haiQuayXe
                0x08000928       0xf0 ..\obj\main.o
                0x08000928                haiQuayXe
 .text.dieu_khien
                0x08000a18       0x34 ..\obj\main.o
                0x08000a18                dieu_khien
 .text.EXTI4_IRQHandler
                0x08000a4c       0x6c ..\obj\main.o
                0x08000a4c                EXTI4_IRQHandler
 .text.main     0x08000ab8       0x90 ..\obj\main.o
                0x08000ab8                main
 .text.RCC_GetClocksFreq
                0x08000b48      0x154 ..\obj\stm32f4xx_rcc.o
                0x08000b48                RCC_GetClocksFreq
 .text.RCC_AHB1PeriphClockCmd
                0x08000c9c       0x40 ..\obj\stm32f4xx_rcc.o
                0x08000c9c                RCC_AHB1PeriphClockCmd
 .text.RCC_AHB2PeriphClockCmd
                0x08000cdc       0x40 ..\obj\stm32f4xx_rcc.o
                0x08000cdc                RCC_AHB2PeriphClockCmd
 .text.RCC_APB1PeriphClockCmd
                0x08000d1c       0x40 ..\obj\stm32f4xx_rcc.o
                0x08000d1c                RCC_APB1PeriphClockCmd
 .text.RCC_APB2PeriphClockCmd
                0x08000d5c       0x40 ..\obj\stm32f4xx_rcc.o
                0x08000d5c                RCC_APB2PeriphClockCmd
 .text.GPIO_Init
                0x08000d9c      0x11c ..\obj\stm32f4xx_gpio.o
                0x08000d9c                GPIO_Init
 .text.GPIO_PinAFConfig
                0x08000eb8       0x92 ..\obj\stm32f4xx_gpio.o
                0x08000eb8                GPIO_PinAFConfig
 *fill*         0x08000f4a        0x2 
 .text.EXTI_Init
                0x08000f4c       0xe4 ..\obj\stm32f4xx_exti.o
                0x08000f4c                EXTI_Init
 .text.EXTI_GetITStatus
                0x08001030       0x48 ..\obj\stm32f4xx_exti.o
                0x08001030                EXTI_GetITStatus
 .text.EXTI_ClearITPendingBit
                0x08001078       0x20 ..\obj\stm32f4xx_exti.o
                0x08001078                EXTI_ClearITPendingBit
 .text.NVIC_Init
                0x08001098       0xc4 ..\obj\misc.o
                0x08001098                NVIC_Init
 .text.ENBLE_Motor
                0x0800115c       0x8c ..\obj\configPinOut.o
                0x0800115c                ENBLE_Motor
 .text.config_Pin_Car
                0x080011e8       0xf4 ..\obj\configPinOut.o
                0x080011e8                config_Pin_Car
 .text.lui      0x080012dc       0x44 ..\obj\configPinOut.o
                0x080012dc                lui
 .text.tien     0x08001320       0x44 ..\obj\configPinOut.o
                0x08001320                tien
 .text.traiv2   0x08001364       0x44 ..\obj\configPinOut.o
                0x08001364                traiv2
 .text.phaiv2   0x080013a8       0x44 ..\obj\configPinOut.o
                0x080013a8                phaiv2
 .text.dung     0x080013ec       0x44 ..\obj\configPinOut.o
                0x080013ec                dung
 .text.setup_PA3
                0x08001430       0x38 ..\obj\configPinOut.o
                0x08001430                setup_PA3
 .text.TIM_TimeBaseInit
                0x08001468       0xd8 ..\obj\stm32f4xx_tim.o
                0x08001468                TIM_TimeBaseInit
 .text.TIM_Cmd  0x08001540       0x40 ..\obj\stm32f4xx_tim.o
                0x08001540                TIM_Cmd
 *(.init)
 *(.fini)
 *crtbegin.o(.ctors)
 *crtbegin?.o(.ctors)
 *(EXCLUDE_FILE(*crtend.o *crtend?.o) .ctors)
 *(SORT_BY_NAME(.ctors.*))
 *(.ctors)
 *crtbegin.o(.dtors)
 *crtbegin?.o(.dtors)
 *(EXCLUDE_FILE(*crtend.o *crtend?.o) .dtors)
 *(SORT_BY_NAME(.dtors.*))
 *(.dtors)
 *(.rodata*)
 *(.eh_fram e*)

.glue_7         0x08001580        0x0
 .glue_7        0x08001580        0x0 linker stubs

.glue_7t        0x08001580        0x0
 .glue_7t       0x08001580        0x0 linker stubs

.vfp11_veneer   0x08001580        0x0
 .vfp11_veneer  0x08001580        0x0 linker stubs

.v4_bx          0x08001580        0x0
 .v4_bx         0x08001580        0x0 linker stubs

.iplt           0x08001580        0x0
 .iplt          0x08001580        0x0 ..\obj\stm32f4xx_syscfg.o

.rel.dyn        0x08001580        0x0
 .rel.iplt      0x08001580        0x0 ..\obj\stm32f4xx_syscfg.o

.ARM.extab
 *(.ARM.extab* .gnu.linkonce.armextab.*)
                0x08001580                __exidx_start = .

.ARM.exidx
 *(.ARM.exidx* .gnu.linkonce.armexidx.*)
                0x08001580                __exidx_end = .
                0x08001580                __etext = .
                0x08001580                _sidata = __etext

.data           0x20000000       0x18 load address 0x08001580
                0x20000000                __data_start__ = .
                0x20000000                _sdata = __data_start__
 *(vtable)
 *(.data*)
 .data          0x20000000        0x5 ..\obj\main.o
                0x20000000                turn
                0x20000001                flagTurn
                0x20000002                turnSquare
                0x20000003                left
                0x20000004                right
 *fill*         0x20000005        0x3 
 .data          0x20000008       0x10 ..\obj\stm32f4xx_rcc.o
                0x20000018                . = ALIGN (0x4)
                [!provide]                PROVIDE (__preinit_array_start = .)
 *(.preinit_array)
                [!provide]                PROVIDE (__preinit_array_end = .)
                0x20000018                . = ALIGN (0x4)
                [!provide]                PROVIDE (__init_array_start = .)
 *(SORT_BY_NAME(.init_array.*))
 *(.init_array)
                [!provide]                PROVIDE (__init_array_end = .)
                0x20000018                . = ALIGN (0x4)
                [!provide]                PROVIDE (__fini_array_start = .)
 *(SORT_BY_NAME(.fini_array.*))
 *(.fini_array)
                [!provide]                PROVIDE (__fini_array_end = .)
 *(.jcr*)
                0x20000018                . = ALIGN (0x4)
                0x20000018                __data_end__ = .
                0x20000018                _edata = __data_end__

.igot.plt       0x20000018        0x0 load address 0x08001598
 .igot.plt      0x20000018        0x0 ..\obj\stm32f4xx_syscfg.o

.bss            0x20000018       0x78 load address 0x08001598
                0x20000018                . = ALIGN (0x4)
                0x20000018                __bss_start__ = .
                0x20000018                _sbss = __bss_start__
 *(.bss*)
 .bss           0x20000018       0x10 ..\obj\main.o
                0x20000018                Flag_Raising_Falling
                0x2000001c                Num_CLK
                0x20000020                num
                0x20000024                go
                0x20000025                now
                0x20000026                leftStone
                0x20000027                rightStone
 *(COMMON)
 COMMON         0x20000028       0x68 ..\obj\main.o
                0x20000028                pos
                0x2000002c                st
                0x20000090                . = ALIGN (0x4)
                0x20000090                __bss_end__ = .
                0x20000090                _ebss = __bss_end__

.heap           0x20000090        0x0
                0x20000090                __end__ = .
                0x20000090                _end = __end__
                0x20000090                end = __end__
 *(.heap*)
                0x20000090                __HeapLimit = .

.co_stack       0x20000090      0x800 load address 0x08001610
                0x20000090                . = ALIGN (0x8)
 *(.co_stack .co_stack.*)
 .co_stack      0x20000090      0x800 ..\obj\startup_stm32f4xx.o
                0x20000090                pulStack
                0x20020000                __StackTop = (ORIGIN (ram) + LENGTH (ram))
                0x2001f800                __StackLimit = (__StackTop - SIZEOF (.co_stack))
                [!provide]                PROVIDE (__stack = __StackTop)
                0x00000001                ASSERT ((__StackLimit >= __HeapLimit), region ram  overflowed with stack)
LOAD ..\obj\stm32f4xx_syscfg.o
LOAD ..\obj\stm32f4xx_usart.o
LOAD ..\obj\stm32f4xx_pwr.o
LOAD ..\obj\startup_stm32f4xx.o
LOAD ..\obj\main.o
LOAD ..\obj\stm32f4xx_rcc.o
LOAD ..\obj\stm32f4xx_gpio.o
LOAD ..\obj\system_stm32f4xx.o
LOAD ..\obj\syscalls.o
LOAD ..\obj\stm32f4xx_exti.o
LOAD ..\obj\misc.o
LOAD ..\obj\configPinOut.o
LOAD ..\obj\stm32f4xx_tim.o
START GROUP
LOAD c:/program files (x86)/gnu tools arm embedded/8 2018-q4-major/bin/../lib/gcc/arm-none-eabi/8.2.1/thumb/v7e-m+fp/hard\libgcc.a
LOAD c:/program files (x86)/gnu tools arm embedded/8 2018-q4-major/bin/../lib/gcc/arm-none-eabi/8.2.1/../../../../arm-none-eabi/lib/thumb/v7e-m+fp/hard\libg.a
LOAD c:/program files (x86)/gnu tools arm embedded/8 2018-q4-major/bin/../lib/gcc/arm-none-eabi/8.2.1/../../../../arm-none-eabi/lib/thumb/v7e-m+fp/hard\libc.a
END GROUP
OUTPUT(Code_Car_stm32.elf elf32-littlearm)

.debug_info     0x00000000     0x5ff5
 .debug_info    0x00000000      0x29e ..\obj\stm32f4xx_syscfg.o
 .debug_info    0x0000029e      0xa68 ..\obj\stm32f4xx_usart.o
 .debug_info    0x00000d06      0x11f ..\obj\startup_stm32f4xx.o
 .debug_info    0x00000e25     0x10f8 ..\obj\main.o
 .debug_info    0x00001f1d      0xd26 ..\obj\stm32f4xx_rcc.o
 .debug_info    0x00002c43      0x67c ..\obj\stm32f4xx_gpio.o
 .debug_info    0x000032bf      0x393 ..\obj\stm32f4xx_exti.o
 .debug_info    0x00003652      0x592 ..\obj\misc.o
 .debug_info    0x00003be4      0x5eb ..\obj\configPinOut.o
 .debug_info    0x000041cf     0x1e26 ..\obj\stm32f4xx_tim.o

.debug_abbrev   0x00000000     0x11ca
 .debug_abbrev  0x00000000      0x164 ..\obj\stm32f4xx_syscfg.o
 .debug_abbrev  0x00000164      0x1a8 ..\obj\stm32f4xx_usart.o
 .debug_abbrev  0x0000030c       0xcd ..\obj\startup_stm32f4xx.o
 .debug_abbrev  0x000003d9      0x329 ..\obj\main.o
 .debug_abbrev  0x00000702      0x226 ..\obj\stm32f4xx_rcc.o
 .debug_abbrev  0x00000928      0x1e6 ..\obj\stm32f4xx_gpio.o
 .debug_abbrev  0x00000b0e      0x1ea ..\obj\stm32f4xx_exti.o
 .debug_abbrev  0x00000cf8      0x196 ..\obj\misc.o
 .debug_abbrev  0x00000e8e      0x17a ..\obj\configPinOut.o
 .debug_abbrev  0x00001008      0x1c2 ..\obj\stm32f4xx_tim.o

.debug_aranges  0x00000000      0x860
 .debug_aranges
                0x00000000       0x48 ..\obj\stm32f4xx_syscfg.o
 .debug_aranges
                0x00000048      0x100 ..\obj\stm32f4xx_usart.o
 .debug_aranges
                0x00000148       0x28 ..\obj\startup_stm32f4xx.o
 .debug_aranges
                0x00000170       0xe8 ..\obj\main.o
 .debug_aranges
                0x00000258      0x178 ..\obj\stm32f4xx_rcc.o
 .debug_aranges
                0x000003d0       0x88 ..\obj\stm32f4xx_gpio.o
 .debug_aranges
                0x00000458       0x58 ..\obj\stm32f4xx_exti.o
 .debug_aranges
                0x000004b0       0x40 ..\obj\misc.o
 .debug_aranges
                0x000004f0       0x78 ..\obj\configPinOut.o
 .debug_aranges
                0x00000568      0x2f8 ..\obj\stm32f4xx_tim.o

.debug_ranges   0x00000000      0x7d8
 .debug_ranges  0x00000000       0x38 ..\obj\stm32f4xx_syscfg.o
 .debug_ranges  0x00000038       0xf0 ..\obj\stm32f4xx_usart.o
 .debug_ranges  0x00000128       0x18 ..\obj\startup_stm32f4xx.o
 .debug_ranges  0x00000140       0xf0 ..\obj\main.o
 .debug_ranges  0x00000230      0x168 ..\obj\stm32f4xx_rcc.o
 .debug_ranges  0x00000398       0x78 ..\obj\stm32f4xx_gpio.o
 .debug_ranges  0x00000410       0x48 ..\obj\stm32f4xx_exti.o
 .debug_ranges  0x00000458       0x30 ..\obj\misc.o
 .debug_ranges  0x00000488       0x68 ..\obj\configPinOut.o
 .debug_ranges  0x000004f0      0x2e8 ..\obj\stm32f4xx_tim.o

.debug_line     0x00000000     0x40a4
 .debug_line    0x00000000      0x2f0 ..\obj\stm32f4xx_syscfg.o
 .debug_line    0x000002f0      0x7c7 ..\obj\stm32f4xx_usart.o
 .debug_line    0x00000ab7       0xd7 ..\obj\startup_stm32f4xx.o
 .debug_line    0x00000b8e      0x79b ..\obj\main.o
 .debug_line    0x00001329      0x9f5 ..\obj\stm32f4xx_rcc.o
 .debug_line    0x00001d1e      0x588 ..\obj\stm32f4xx_gpio.o
 .debug_line    0x000022a6      0x427 ..\obj\stm32f4xx_exti.o
 .debug_line    0x000026cd      0x383 ..\obj\misc.o
 .debug_line    0x00002a50      0x4a3 ..\obj\configPinOut.o
 .debug_line    0x00002ef3     0x11b1 ..\obj\stm32f4xx_tim.o

.debug_str      0x00000000     0x2a2e
 .debug_str     0x00000000      0x33f ..\obj\stm32f4xx_syscfg.o
                                0x39d (size before relaxing)
 .debug_str     0x0000033f      0x4fb ..\obj\stm32f4xx_usart.o
                                0x738 (size before relaxing)
 .debug_str     0x0000083a       0xdc ..\obj\startup_stm32f4xx.o
                                0x1ff (size before relaxing)
 .debug_str     0x00000916      0xbd7 ..\obj\main.o
                                0xed8 (size before relaxing)
 .debug_str     0x000014ed      0x54c ..\obj\stm32f4xx_rcc.o
                                0x8f9 (size before relaxing)
 .debug_str     0x00001a39      0x1b7 ..\obj\stm32f4xx_gpio.o
                                0x54c (size before relaxing)
 .debug_str     0x00001bf0      0x127 ..\obj\stm32f4xx_exti.o
                                0x402 (size before relaxing)
 .debug_str     0x00001d17      0x1cf ..\obj\misc.o
                                0x477 (size before relaxing)
 .debug_str     0x00001ee6       0xa8 ..\obj\configPinOut.o
                                0x530 (size before relaxing)
 .debug_str     0x00001f8e      0xaa0 ..\obj\stm32f4xx_tim.o
                                0xe79 (size before relaxing)

.comment        0x00000000       0x75
 .comment       0x00000000       0x75 ..\obj\stm32f4xx_syscfg.o
                                 0x76 (size before relaxing)
 .comment       0x00000075       0x76 ..\obj\stm32f4xx_usart.o
 .comment       0x00000075       0x76 ..\obj\startup_stm32f4xx.o
 .comment       0x00000075       0x76 ..\obj\main.o
 .comment       0x00000075       0x76 ..\obj\stm32f4xx_rcc.o
 .comment       0x00000075       0x76 ..\obj\stm32f4xx_gpio.o
 .comment       0x00000075       0x76 ..\obj\stm32f4xx_exti.o
 .comment       0x00000075       0x76 ..\obj\misc.o
 .comment       0x00000075       0x76 ..\obj\configPinOut.o
 .comment       0x00000075       0x76 ..\obj\stm32f4xx_tim.o

.ARM.attributes
                0x00000000       0x32
 .ARM.attributes
                0x00000000       0x34 ..\obj\stm32f4xx_syscfg.o
 .ARM.attributes
                0x00000034       0x34 ..\obj\stm32f4xx_usart.o
 .ARM.attributes
                0x00000068       0x34 ..\obj\startup_stm32f4xx.o
 .ARM.attributes
                0x0000009c       0x34 ..\obj\main.o
 .ARM.attributes
                0x000000d0       0x34 ..\obj\stm32f4xx_rcc.o
 .ARM.attributes
                0x00000104       0x34 ..\obj\stm32f4xx_gpio.o
 .ARM.attributes
                0x00000138       0x34 ..\obj\stm32f4xx_exti.o
 .ARM.attributes
                0x0000016c       0x34 ..\obj\misc.o
 .ARM.attributes
                0x000001a0       0x34 ..\obj\configPinOut.o
 .ARM.attributes
                0x000001d4       0x34 ..\obj\stm32f4xx_tim.o

.debug_frame    0x00000000     0x2460
 .debug_frame   0x00000000       0xf4 ..\obj\stm32f4xx_syscfg.o
 .debug_frame   0x000000f4      0x490 ..\obj\stm32f4xx_usart.o
 .debug_frame   0x00000584       0x4c ..\obj\startup_stm32f4xx.o
 .debug_frame   0x000005d0      0x390 ..\obj\main.o
 .debug_frame   0x00000960      0x6d4 ..\obj\stm32f4xx_rcc.o
 .debug_frame   0x00001034      0x23c ..\obj\stm32f4xx_gpio.o
 .debug_frame   0x00001270      0x148 ..\obj\stm32f4xx_exti.o
 .debug_frame   0x000013b8       0xd8 ..\obj\misc.o
 .debug_frame   0x00001490      0x17c ..\obj\configPinOut.o
 .debug_frame   0x0000160c      0xe54 ..\obj\stm32f4xx_tim.o
