<html>
<body>
<pre>
<h1>µVision Build Log</h1>
<h2>Project:</h2>
E:\file\tai lieu ca nhan\ARM\F0\INTx\INTx.uvproj
Project File Date:  03/02/2014

<h2>Output:</h2>
Build target 'Target 1'
compiling main.c...
compiling stm32f0xx_exti.c...
compiling stm32f0xx_gpio.c...
compiling stm32f0xx_rcc.c...
compiling stm32f0xx_usart.c...
compiling system_stm32f0xx.c...
linking...
Program Size: Code=1180 RO-data=224 RW-data=20 ZI-data=1636  
FromELF: creating hex file...
".\output\INTx.axf" - 0 Error(s), 0 Warning(s).
file "stm32f0xx_exti.h": No such file or directory
  #include "stm32f0xx_exti.h"
Libraries\STM32F0xx_StdPeriph_Driver\src\stm32f0xx_exti.c: 0 warnings, 1 error
compiling stm32f0xx_gpio.c...
Libraries\STM32F0xx_StdPeriph_Driver\src\stm32f0xx_gpio.c(76): error:  #5: cannot open source input file "stm32f0xx_gpio.h": No such file or directory
  #include "stm32f0xx_gpio.h"
Libraries\STM32F0xx_StdPeriph_Driver\src\stm32f0xx_gpio.c: 0 warnings, 1 error
compiling stm32f0xx_rcc.c...
Libraries\STM32F0xx_StdPeriph_Driver\src\stm32f0xx_rcc.c(58): error:  #5: cannot open source input file "stm32f0xx_rcc.h": No such file or directory
  #include "stm32f0xx_rcc.h"
Libraries\STM32F0xx_StdPeriph_Driver\src\stm32f0xx_rcc.c: 0 warnings, 1 error
compiling stm32f0xx_usart.c...
Libraries\STM32F0xx_StdPeriph_Driver\src\stm32f0xx_usart.c(81): error:  #5: cannot open source input file "stm32f0xx_usart.h": No such file or directory
  #include "stm32f0xx_usart.h"
Libraries\STM32F0xx_StdPeriph_Driver\src\stm32f0xx_usart.c: 0 warnings, 1 error
compiling system_stm32f0xx.c...
.\main\stm32f0xx_conf.h(34): error:  #5: cannot open source input file "stm32f0xx_adc.h": No such file or directory
  #include "stm32f0xx_adc.h"
system_stm32f0xx.c: 0 warnings, 1 error
".\output\INTx.axf" - 6 Error(s), 0 Warning(s).
Target not created
, 0 Warning(s).
Target not created
reated

ated
warnings, 1 error
".\output\INTx.axf" - 6 Error(s), 0 Warning(s).
Target not created
