Archive member included because of file (symbol)

c:/program files/gnu tools arm embedded/4.7 2013q3/bin/../lib/gcc/arm-none-eabi/4.7.4/armv6-m\libgcc.a(_udivsi3.o)
                              ..\obj\stm32f0xx_rcc.o (__aeabi_uidiv)
c:/program files/gnu tools arm embedded/4.7 2013q3/bin/../lib/gcc/arm-none-eabi/4.7.4/armv6-m\libgcc.a(_divsi3.o)
                              ..\obj\main.o (__aeabi_idiv)
c:/program files/gnu tools arm embedded/4.7 2013q3/bin/../lib/gcc/arm-none-eabi/4.7.4/armv6-m\libgcc.a(_dvmd_tls.o)
                              c:/program files/gnu tools arm embedded/4.7 2013q3/bin/../lib/gcc/arm-none-eabi/4.7.4/armv6-m\libgcc.a(_udivsi3.o) (__aeabi_idiv0)

Discarded input sections

 .text          0x00000000        0x0 ..\obj\stm32f0xx_rcc.o
 .data          0x00000000       0x10 ..\obj\stm32f0xx_rcc.o
 .bss           0x00000000        0x0 ..\obj\stm32f0xx_rcc.o
 .text.RCC_DeInit
                0x00000000       0x88 ..\obj\stm32f0xx_rcc.o
 .text.RCC_HSEConfig
                0x00000000       0x24 ..\obj\stm32f0xx_rcc.o
 .text.RCC_WaitForHSEStartUp
                0x00000000       0x60 ..\obj\stm32f0xx_rcc.o
 .text.RCC_AdjustHSICalibrationValue
                0x00000000       0x3c ..\obj\stm32f0xx_rcc.o
 .text.RCC_HSICmd
                0x00000000       0x38 ..\obj\stm32f0xx_rcc.o
 .text.RCC_AdjustHSI14CalibrationValue
                0x00000000       0x3c ..\obj\stm32f0xx_rcc.o
 .text.RCC_HSI14Cmd
                0x00000000       0x38 ..\obj\stm32f0xx_rcc.o
 .text.RCC_HSI14ADCRequestCmd
                0x00000000       0x38 ..\obj\stm32f0xx_rcc.o
 .text.RCC_LSEConfig
                0x00000000       0x38 ..\obj\stm32f0xx_rcc.o
 .text.RCC_LSEDriveConfig
                0x00000000       0x2c ..\obj\stm32f0xx_rcc.o
 .text.RCC_LSICmd
                0x00000000       0x38 ..\obj\stm32f0xx_rcc.o
 .text.RCC_PLLConfig
                0x00000000       0x34 ..\obj\stm32f0xx_rcc.o
 .text.RCC_PLLCmd
                0x00000000       0x40 ..\obj\stm32f0xx_rcc.o
 .text.RCC_PREDIV1Config
                0x00000000       0x34 ..\obj\stm32f0xx_rcc.o
 .text.RCC_ClockSecuritySystemCmd
                0x00000000       0x40 ..\obj\stm32f0xx_rcc.o
 .text.RCC_MCOConfig
                0x00000000       0x20 ..\obj\stm32f0xx_rcc.o
 .text.RCC_SYSCLKConfig
                0x00000000       0x34 ..\obj\stm32f0xx_rcc.o
 .text.RCC_GetSYSCLKSource
                0x00000000       0x1c ..\obj\stm32f0xx_rcc.o
 .text.RCC_HCLKConfig
                0x00000000       0x34 ..\obj\stm32f0xx_rcc.o
 .text.RCC_PCLKConfig
                0x00000000       0x38 ..\obj\stm32f0xx_rcc.o
 .text.RCC_ADCCLKConfig
                0x00000000       0x50 ..\obj\stm32f0xx_rcc.o
 .text.RCC_CECCLKConfig
                0x00000000       0x2c ..\obj\stm32f0xx_rcc.o
 .text.RCC_I2CCLKConfig
                0x00000000       0x2c ..\obj\stm32f0xx_rcc.o
 .text.RCC_USARTCLKConfig
                0x00000000       0x2c ..\obj\stm32f0xx_rcc.o
 .text.RCC_GetClocksFreq
                0x00000000      0x1cc ..\obj\stm32f0xx_rcc.o
 .text.RCC_RTCCLKConfig
                0x00000000       0x20 ..\obj\stm32f0xx_rcc.o
 .text.RCC_RTCCLKCmd
                0x00000000       0x40 ..\obj\stm32f0xx_rcc.o
 .text.RCC_BackupResetCmd
                0x00000000       0x40 ..\obj\stm32f0xx_rcc.o
 .text.RCC_APB1PeriphClockCmd
                0x00000000       0x3c ..\obj\stm32f0xx_rcc.o
 .text.RCC_AHBPeriphResetCmd
                0x00000000       0x3c ..\obj\stm32f0xx_rcc.o
 .text.RCC_APB2PeriphResetCmd
                0x00000000       0x3c ..\obj\stm32f0xx_rcc.o
 .text.RCC_APB1PeriphResetCmd
                0x00000000       0x3c ..\obj\stm32f0xx_rcc.o
 .text.RCC_ITConfig
                0x00000000       0x50 ..\obj\stm32f0xx_rcc.o
 .text.RCC_GetFlagStatus
                0x00000000       0x90 ..\obj\stm32f0xx_rcc.o
 .text.RCC_ClearFlag
                0x00000000       0x1c ..\obj\stm32f0xx_rcc.o
 .text.RCC_GetITStatus
                0x00000000       0x44 ..\obj\stm32f0xx_rcc.o
 .text.RCC_ClearITPendingBit
                0x00000000       0x20 ..\obj\stm32f0xx_rcc.o
 .text          0x00000000        0x0 ..\obj\main.o
 .data          0x00000000        0x0 ..\obj\main.o
 .text.EXTI_Example
                0x00000000        0x8 ..\obj\main.o
 .text          0x00000000       0x14 ..\obj\startup_stm32f0xx.o
 .data          0x00000000        0x0 ..\obj\startup_stm32f0xx.o
 .bss           0x00000000        0x0 ..\obj\startup_stm32f0xx.o
 .text          0x00000000        0x0 ..\obj\stm32f0xx_gpio.o
 .data          0x00000000        0x0 ..\obj\stm32f0xx_gpio.o
 .bss           0x00000000        0x0 ..\obj\stm32f0xx_gpio.o
 .text.GPIO_DeInit
                0x00000000       0xc8 ..\obj\stm32f0xx_gpio.o
 .text.GPIO_StructInit
                0x00000000       0x30 ..\obj\stm32f0xx_gpio.o
 .text.GPIO_PinLockConfig
                0x00000000       0x44 ..\obj\stm32f0xx_gpio.o
 .text.GPIO_ReadInputDataBit
                0x00000000       0x48 ..\obj\stm32f0xx_gpio.o
 .text.GPIO_ReadInputData
                0x00000000       0x18 ..\obj\stm32f0xx_gpio.o
 .text.GPIO_ReadOutputDataBit
                0x00000000       0x48 ..\obj\stm32f0xx_gpio.o
 .text.GPIO_ReadOutputData
                0x00000000       0x18 ..\obj\stm32f0xx_gpio.o
 .text.GPIO_SetBits
                0x00000000       0x1c ..\obj\stm32f0xx_gpio.o
 .text.GPIO_ResetBits
                0x00000000       0x1c ..\obj\stm32f0xx_gpio.o
 .text.GPIO_WriteBit
                0x00000000       0x30 ..\obj\stm32f0xx_gpio.o
 .text.GPIO_Write
                0x00000000       0x1c ..\obj\stm32f0xx_gpio.o
 .text.GPIO_PinAFConfig
                0x00000000       0x9c ..\obj\stm32f0xx_gpio.o
 .text          0x00000000        0x0 ..\obj\system_stm32f0xx.o
 .data          0x00000000       0x14 ..\obj\system_stm32f0xx.o
 .bss           0x00000000        0x0 ..\obj\system_stm32f0xx.o
 .text.SystemCoreClockUpdate
                0x00000000       0xd0 ..\obj\system_stm32f0xx.o
 .text          0x00000000        0x0 ..\obj\stm32f0xx_exti.o
 .data          0x00000000        0x0 ..\obj\stm32f0xx_exti.o
 .bss           0x00000000        0x0 ..\obj\stm32f0xx_exti.o
 .text.EXTI_DeInit
                0x00000000       0x34 ..\obj\stm32f0xx_exti.o
 .text.EXTI_StructInit
                0x00000000       0x28 ..\obj\stm32f0xx_exti.o
 .text.EXTI_GetFlagStatus
                0x00000000       0x40 ..\obj\stm32f0xx_exti.o
 .text.EXTI_ClearFlag
                0x00000000       0x18 ..\obj\stm32f0xx_exti.o
 .text          0x00000000        0x0 ..\obj\stm32f0xx_syscfg.o
 .data          0x00000000        0x0 ..\obj\stm32f0xx_syscfg.o
 .bss           0x00000000        0x0 ..\obj\stm32f0xx_syscfg.o
 .text.SYSCFG_DeInit
                0x00000000       0x40 ..\obj\stm32f0xx_syscfg.o
 .text.SYSCFG_MemoryRemapConfig
                0x00000000       0x34 ..\obj\stm32f0xx_syscfg.o
 .text.SYSCFG_DMAChannelRemapConfig
                0x00000000       0x3c ..\obj\stm32f0xx_syscfg.o
 .text.SYSCFG_I2CFastModePlusConfig
                0x00000000       0x3c ..\obj\stm32f0xx_syscfg.o
 .text.SYSCFG_BreakConfig
                0x00000000       0x20 ..\obj\stm32f0xx_syscfg.o
 .text.SYSCFG_GetFlagStatus
                0x00000000       0x40 ..\obj\stm32f0xx_syscfg.o
 .text.SYSCFG_ClearFlag
                0x00000000       0x20 ..\obj\stm32f0xx_syscfg.o
 .text          0x00000000        0x0 ..\obj\stm32f0xx_misc.o
 .data          0x00000000        0x0 ..\obj\stm32f0xx_misc.o
 .bss           0x00000000        0x0 ..\obj\stm32f0xx_misc.o
 .text.NVIC_SystemLPConfig
                0x00000000       0x44 ..\obj\stm32f0xx_misc.o
 .text.SysTick_CLKSourceConfig
                0x00000000       0x34 ..\obj\stm32f0xx_misc.o
 .text          0x00000000       0x9c c:/program files/gnu tools arm embedded/4.7 2013q3/bin/../lib/gcc/arm-none-eabi/4.7.4/armv6-m\libgcc.a(_udivsi3.o)
 .data          0x00000000        0x0 c:/program files/gnu tools arm embedded/4.7 2013q3/bin/../lib/gcc/arm-none-eabi/4.7.4/armv6-m\libgcc.a(_udivsi3.o)
 .bss           0x00000000        0x0 c:/program files/gnu tools arm embedded/4.7 2013q3/bin/../lib/gcc/arm-none-eabi/4.7.4/armv6-m\libgcc.a(_udivsi3.o)
 .debug_frame   0x00000000       0x20 c:/program files/gnu tools arm embedded/4.7 2013q3/bin/../lib/gcc/arm-none-eabi/4.7.4/armv6-m\libgcc.a(_udivsi3.o)
 .ARM.attributes
                0x00000000       0x1e c:/program files/gnu tools arm embedded/4.7 2013q3/bin/../lib/gcc/arm-none-eabi/4.7.4/armv6-m\libgcc.a(_udivsi3.o)
 .data          0x00000000        0x0 c:/program files/gnu tools arm embedded/4.7 2013q3/bin/../lib/gcc/arm-none-eabi/4.7.4/armv6-m\libgcc.a(_divsi3.o)
 .bss           0x00000000        0x0 c:/program files/gnu tools arm embedded/4.7 2013q3/bin/../lib/gcc/arm-none-eabi/4.7.4/armv6-m\libgcc.a(_divsi3.o)
 .data          0x00000000        0x0 c:/program files/gnu tools arm embedded/4.7 2013q3/bin/../lib/gcc/arm-none-eabi/4.7.4/armv6-m\libgcc.a(_dvmd_tls.o)
 .bss           0x00000000        0x0 c:/program files/gnu tools arm embedded/4.7 2013q3/bin/../lib/gcc/arm-none-eabi/4.7.4/armv6-m\libgcc.a(_dvmd_tls.o)

Memory Configuration

Name             Origin             Length             Attributes
rom              0x08000000         0x00010000         xr
ram              0x20000000         0x00002000         xrw
*default*        0x00000000         0xffffffff

Linker script and memory map

                0x20002000                _eram = 0x20002000

.text           0x08000000      0xa54
 *(.isr_vector)
 .isr_vector    0x08000000       0xc4 ..\obj\startup_stm32f0xx.o
                0x08000000                g_pfnVectors
 *(.text*)
 .text.RCC_AHBPeriphClockCmd
                0x080000c4       0x3c ..\obj\stm32f0xx_rcc.o
                0x080000c4                RCC_AHBPeriphClockCmd
 .text.RCC_APB2PeriphClockCmd
                0x08000100       0x3c ..\obj\stm32f0xx_rcc.o
                0x08000100                RCC_APB2PeriphClockCmd
 .text.LED7Init
                0x0800013c       0x8c ..\obj\main.o
                0x0800013c                LED7Init
 .text.EXTIA0_Config
                0x080001c8       0x94 ..\obj\main.o
                0x080001c8                EXTIA0_Config
 .text.EXTIA1_Config
                0x0800025c       0x94 ..\obj\main.o
                0x0800025c                EXTIA1_Config
 .text.delay    0x080002f0       0x24 ..\obj\main.o
                0x080002f0                delay
 .text.EXTI0_1_IRQHandler
                0x08000314       0x7c ..\obj\main.o
                0x08000314                EXTI0_1_IRQHandler
 .text.display7
                0x08000390       0x48 ..\obj\main.o
                0x08000390                display7
 .text.main     0x080003d8       0x2c ..\obj\main.o
                0x080003d8                main
 .text.Reset_Handler
                0x08000404       0x44 ..\obj\startup_stm32f0xx.o
                0x08000404                Reset_Handler
 .text.Default_Handler
                0x08000448        0x2 ..\obj\startup_stm32f0xx.o
                0x08000448                TIM1_CC_IRQHandler
                0x08000448                HardFault_Handler
                0x08000448                ADC1_COMP_IRQHandler
                0x08000448                SysTick_Handler
                0x08000448                PVD_IRQHandler
                0x08000448                PendSV_Handler
                0x08000448                NMI_Handler
                0x08000448                I2C1_IRQHandler
                0x08000448                SPI1_IRQHandler
                0x08000448                TIM6_DAC_IRQHandler
                0x08000448                EXTI2_3_IRQHandler
                0x08000448                I2C2_IRQHandler
                0x08000448                TIM17_IRQHandler
                0x08000448                RTC_IRQHandler
                0x08000448                TIM16_IRQHandler
                0x08000448                TIM3_IRQHandler
                0x08000448                EXTI4_15_IRQHandler
                0x08000448                RCC_IRQHandler
                0x08000448                DMA1_Channel1_IRQHandler
                0x08000448                Default_Handler
                0x08000448                CEC_IRQHandler
                0x08000448                TIM14_IRQHandler
                0x08000448                DMA1_Channel4_5_IRQHandler
                0x08000448                TIM15_IRQHandler
                0x08000448                SPI2_IRQHandler
                0x08000448                SVC_Handler
                0x08000448                TS_IRQHandler
                0x08000448                WWDG_IRQHandler
                0x08000448                TIM2_IRQHandler
                0x08000448                DMA1_Channel2_3_IRQHandler
                0x08000448                USART2_IRQHandler
                0x08000448                FLASH_IRQHandler
                0x08000448                USART1_IRQHandler
                0x08000448                TIM1_BRK_UP_TRG_COM_IRQHandler
 *fill*         0x0800044a        0x2 00
 .text.GPIO_Init
                0x0800044c      0x138 ..\obj\stm32f0xx_gpio.o
                0x0800044c                GPIO_Init
 .text.SystemInit
                0x08000584       0x8c ..\obj\system_stm32f0xx.o
                0x08000584                SystemInit
 .text.SetSysClock
                0x08000610       0xe0 ..\obj\system_stm32f0xx.o
 .text.EXTI_Init
                0x080006f0       0xd8 ..\obj\stm32f0xx_exti.o
                0x080006f0                EXTI_Init
 .text.EXTI_GenerateSWInterrupt
                0x080007c8       0x20 ..\obj\stm32f0xx_exti.o
                0x080007c8                EXTI_GenerateSWInterrupt
 .text.EXTI_GetITStatus
                0x080007e8       0x54 ..\obj\stm32f0xx_exti.o
                0x080007e8                EXTI_GetITStatus
 .text.EXTI_ClearITPendingBit
                0x0800083c       0x18 ..\obj\stm32f0xx_exti.o
                0x0800083c                EXTI_ClearITPendingBit
 .text.SYSCFG_EXTILineConfig
                0x08000854       0x90 ..\obj\stm32f0xx_syscfg.o
                0x08000854                SYSCFG_EXTILineConfig
 .text.NVIC_Init
                0x080008e4       0xac ..\obj\stm32f0xx_misc.o
                0x080008e4                NVIC_Init
 .text          0x08000990       0xc0 c:/program files/gnu tools arm embedded/4.7 2013q3/bin/../lib/gcc/arm-none-eabi/4.7.4/armv6-m\libgcc.a(_divsi3.o)
                0x08000990                __divsi3
                0x08000990                __aeabi_idiv
                0x08000a3c                __aeabi_idivmod
 .text          0x08000a50        0x4 c:/program files/gnu tools arm embedded/4.7 2013q3/bin/../lib/gcc/arm-none-eabi/4.7.4/armv6-m\libgcc.a(_dvmd_tls.o)
                0x08000a50                __aeabi_idiv0
                0x08000a50                __aeabi_ldiv0
 *(.init)
 *(.fini)
 *crtbegin.o(.ctors)
 *crtbegin?.o(.ctors)
 *(EXCLUDE_FILE(*crtend.o *crtend?.o) .ctors)
 *(SORT(.ctors.*))
 *(.ctors)
 *crtbegin.o(.dtors)
 *crtbegin?.o(.dtors)
 *(EXCLUDE_FILE(*crtend.o *crtend?.o) .dtors)
 *(SORT(.dtors.*))
 *(.dtors)
 *(.rodata*)
 *(.eh_fram e*)

.glue_7         0x08000a54        0x0
 .glue_7        0x00000000        0x0 linker stubs

.glue_7t        0x08000a54        0x0
 .glue_7t       0x00000000        0x0 linker stubs

.vfp11_veneer   0x08000a54        0x0
 .vfp11_veneer  0x00000000        0x0 linker stubs

.v4_bx          0x08000a54        0x0
 .v4_bx         0x00000000        0x0 linker stubs

.iplt           0x08000a54        0x0
 .iplt          0x00000000        0x0 ..\obj\stm32f0xx_rcc.o

.rel.dyn        0x08000a54        0x0
 .rel.iplt      0x00000000        0x0 ..\obj\stm32f0xx_rcc.o

.ARM.extab
 *(.ARM.extab* .gnu.linkonce.armextab.*)
                0x08000a54                __exidx_start = .

.ARM.exidx
 *(.ARM.exidx* .gnu.linkonce.armexidx.*)
                0x08000a54                __exidx_end = .
                0x08000a54                __etext = .
                0x08000a54                _sidata = __etext

.data           0x20000000        0x0 load address 0x08000a54
                0x20000000                __data_start__ = .
                0x20000000                _sdata = __data_start__
 *(vtable)
 *(.data*)
                0x20000000                . = ALIGN (0x4)
                0x20000000                PROVIDE (__preinit_array_start, .)
 *(.preinit_array)
                0x20000000                PROVIDE (__preinit_array_end, .)
                0x20000000                . = ALIGN (0x4)
                0x20000000                PROVIDE (__init_array_start, .)
 *(SORT(.init_array.*))
 *(.init_array)
                0x20000000                PROVIDE (__init_array_end, .)
                0x20000000                . = ALIGN (0x4)
                0x20000000                PROVIDE (__fini_array_start, .)
 *(SORT(.fini_array.*))
 *(.fini_array)
                0x20000000                PROVIDE (__fini_array_end, .)
 *(.jcr*)
                0x20000000                . = ALIGN (0x4)
                0x20000000                __data_end__ = .
                0x20000000                _edata = __data_end__

.igot.plt       0x20000000        0x0
 .igot.plt      0x00000000        0x0 ..\obj\stm32f0xx_rcc.o

.bss            0x20000000        0x4
                0x20000000                . = ALIGN (0x4)
                0x20000000                __bss_start__ = .
                0x20000000                _sbss = __bss_start__
 *(.bss*)
 .bss           0x20000000        0x4 ..\obj\main.o
 *(COMMON)
                0x20000004                . = ALIGN (0x4)
                0x20000004                __bss_end__ = .
                0x20000004                _ebss = __bss_end__

.heap           0x20000004        0x0
                0x20000004                __end__ = .
                0x20000004                _end = __end__
                0x20000004                end = __end__
 *(.heap*)
                0x20000004                __HeapLimit = .

.co_stack       0x20000004        0x4
                0x20000008                . = ALIGN (0x8)
 *fill*         0x20000004        0x4 00
 *(.co_stack .co_stack.*)
                0x20002000                __StackTop = (ORIGIN (ram) + 0x2000)
                0x20001ffc                __StackLimit = (__StackTop - SIZEOF (.co_stack))
                0x20002000                PROVIDE (__stack, __StackTop)
                0x00000001                ASSERT ((__StackLimit >= __HeapLimit), region ram  overflowed with stack)
LOAD ..\obj\stm32f0xx_rcc.o
LOAD ..\obj\main.o
LOAD ..\obj\startup_stm32f0xx.o
LOAD ..\obj\stm32f0xx_gpio.o
LOAD ..\obj\system_stm32f0xx.o
LOAD ..\obj\stm32f0xx_exti.o
LOAD ..\obj\stm32f0xx_syscfg.o
LOAD ..\obj\stm32f0xx_misc.o
START GROUP
LOAD c:/program files/gnu tools arm embedded/4.7 2013q3/bin/../lib/gcc/arm-none-eabi/4.7.4/armv6-m\libgcc.a
LOAD c:/program files/gnu tools arm embedded/4.7 2013q3/bin/../lib/gcc/arm-none-eabi/4.7.4/../../../../arm-none-eabi/lib/armv6-m\libg.a
LOAD c:/program files/gnu tools arm embedded/4.7 2013q3/bin/../lib/gcc/arm-none-eabi/4.7.4/../../../../arm-none-eabi/lib/armv6-m\libc.a
END GROUP
OUTPUT(dem.elf elf32-littlearm)

.debug_info     0x00000000     0x23fb
 .debug_info    0x00000000      0xa63 ..\obj\stm32f0xx_rcc.o
 .debug_info    0x00000a63      0x635 ..\obj\main.o
 .debug_info    0x00001098       0x95 ..\obj\startup_stm32f0xx.o
 .debug_info    0x0000112d      0x618 ..\obj\stm32f0xx_gpio.o
 .debug_info    0x00001745      0x30f ..\obj\system_stm32f0xx.o
 .debug_info    0x00001a54      0x34c ..\obj\stm32f0xx_exti.o
 .debug_info    0x00001da0      0x2c0 ..\obj\stm32f0xx_syscfg.o
 .debug_info    0x00002060      0x39b ..\obj\stm32f0xx_misc.o

.debug_abbrev   0x00000000      0xa4a
 .debug_abbrev  0x00000000      0x1ee ..\obj\stm32f0xx_rcc.o
 .debug_abbrev  0x000001ee      0x19c ..\obj\main.o
 .debug_abbrev  0x0000038a       0x12 ..\obj\startup_stm32f0xx.o
 .debug_abbrev  0x0000039c      0x190 ..\obj\stm32f0xx_gpio.o
 .debug_abbrev  0x0000052c      0x136 ..\obj\system_stm32f0xx.o
 .debug_abbrev  0x00000662      0x187 ..\obj\stm32f0xx_exti.o
 .debug_abbrev  0x000007e9      0x13a ..\obj\stm32f0xx_syscfg.o
 .debug_abbrev  0x00000923      0x127 ..\obj\stm32f0xx_misc.o

.debug_loc      0x00000000     0x1184
 .debug_loc     0x00000000      0x864 ..\obj\stm32f0xx_rcc.o
 .debug_loc     0x00000864      0x19c ..\obj\main.o
 .debug_loc     0x00000a00      0x2d8 ..\obj\stm32f0xx_gpio.o
 .debug_loc     0x00000cd8       0x9c ..\obj\system_stm32f0xx.o
 .debug_loc     0x00000d74      0x1b4 ..\obj\stm32f0xx_exti.o
 .debug_loc     0x00000f28      0x1b4 ..\obj\stm32f0xx_syscfg.o
 .debug_loc     0x000010dc       0xa8 ..\obj\stm32f0xx_misc.o

.debug_aranges  0x00000000      0x360
 .debug_aranges
                0x00000000      0x150 ..\obj\stm32f0xx_rcc.o
 .debug_aranges
                0x00000150       0x58 ..\obj\main.o
 .debug_aranges
                0x000001a8       0x28 ..\obj\startup_stm32f0xx.o
 .debug_aranges
                0x000001d0       0x80 ..\obj\stm32f0xx_gpio.o
 .debug_aranges
                0x00000250       0x30 ..\obj\system_stm32f0xx.o
 .debug_aranges
                0x00000280       0x58 ..\obj\stm32f0xx_exti.o
 .debug_aranges
                0x000002d8       0x58 ..\obj\stm32f0xx_syscfg.o
 .debug_aranges
                0x00000330       0x30 ..\obj\stm32f0xx_misc.o

.debug_ranges   0x00000000      0x2e8
 .debug_ranges  0x00000000      0x140 ..\obj\stm32f0xx_rcc.o
 .debug_ranges  0x00000140       0x48 ..\obj\main.o
 .debug_ranges  0x00000188       0x20 ..\obj\startup_stm32f0xx.o
 .debug_ranges  0x000001a8       0x70 ..\obj\stm32f0xx_gpio.o
 .debug_ranges  0x00000218       0x20 ..\obj\system_stm32f0xx.o
 .debug_ranges  0x00000238       0x48 ..\obj\stm32f0xx_exti.o
 .debug_ranges  0x00000280       0x48 ..\obj\stm32f0xx_syscfg.o
 .debug_ranges  0x000002c8       0x20 ..\obj\stm32f0xx_misc.o

.debug_line     0x00000000     0x1139
 .debug_line    0x00000000      0x4ae ..\obj\stm32f0xx_rcc.o
 .debug_line    0x000004ae      0x258 ..\obj\main.o
 .debug_line    0x00000706       0xa3 ..\obj\startup_stm32f0xx.o
 .debug_line    0x000007a9      0x289 ..\obj\stm32f0xx_gpio.o
 .debug_line    0x00000a32      0x16d ..\obj\system_stm32f0xx.o
 .debug_line    0x00000b9f      0x20d ..\obj\stm32f0xx_exti.o
 .debug_line    0x00000dac      0x1bf ..\obj\stm32f0xx_syscfg.o
 .debug_line    0x00000f6b      0x1ce ..\obj\stm32f0xx_misc.o

.debug_str      0x00000000     0x1136
 .debug_str     0x00000000      0x642 ..\obj\stm32f0xx_rcc.o
                                0x6c1 (size before relaxing)
 .debug_str     0x00000642      0x538 ..\obj\main.o
                                0x652 (size before relaxing)
 .debug_str     0x00000b7a      0x17e ..\obj\stm32f0xx_gpio.o
                                0x428 (size before relaxing)
 .debug_str     0x00000cf8       0x9d ..\obj\system_stm32f0xx.o
                                0x232 (size before relaxing)
 .debug_str     0x00000d95       0xfe ..\obj\stm32f0xx_exti.o
                                0x2ed (size before relaxing)
 .debug_str     0x00000e93      0x189 ..\obj\stm32f0xx_syscfg.o
                                0x2c2 (size before relaxing)
 .debug_str     0x0000101c      0x11a ..\obj\stm32f0xx_misc.o
                                0x29d (size before relaxing)

.comment        0x00000000       0x70
 .comment       0x00000000       0x70 ..\obj\stm32f0xx_rcc.o
                                 0x71 (size before relaxing)
 .comment       0x00000000       0x71 ..\obj\main.o
 .comment       0x00000000       0x71 ..\obj\stm32f0xx_gpio.o
 .comment       0x00000000       0x71 ..\obj\system_stm32f0xx.o
 .comment       0x00000000       0x71 ..\obj\stm32f0xx_exti.o
 .comment       0x00000000       0x71 ..\obj\stm32f0xx_syscfg.o
 .comment       0x00000000       0x71 ..\obj\stm32f0xx_misc.o

.ARM.attributes
                0x00000000       0x2f
 .ARM.attributes
                0x00000000       0x31 ..\obj\stm32f0xx_rcc.o
 .ARM.attributes
                0x00000031       0x31 ..\obj\main.o
 .ARM.attributes
                0x00000062       0x21 ..\obj\startup_stm32f0xx.o
 .ARM.attributes
                0x00000083       0x31 ..\obj\stm32f0xx_gpio.o
 .ARM.attributes
                0x000000b4       0x31 ..\obj\system_stm32f0xx.o
 .ARM.attributes
                0x000000e5       0x31 ..\obj\stm32f0xx_exti.o
 .ARM.attributes
                0x00000116       0x31 ..\obj\stm32f0xx_syscfg.o
 .ARM.attributes
                0x00000147       0x31 ..\obj\stm32f0xx_misc.o
 .ARM.attributes
                0x00000178       0x1e c:/program files/gnu tools arm embedded/4.7 2013q3/bin/../lib/gcc/arm-none-eabi/4.7.4/armv6-m\libgcc.a(_divsi3.o)
 .ARM.attributes
                0x00000196       0x1e c:/program files/gnu tools arm embedded/4.7 2013q3/bin/../lib/gcc/arm-none-eabi/4.7.4/armv6-m\libgcc.a(_dvmd_tls.o)

.debug_frame    0x00000000      0xab0
 .debug_frame   0x00000000      0x4e4 ..\obj\stm32f0xx_rcc.o
 .debug_frame   0x000004e4      0x104 ..\obj\main.o
 .debug_frame   0x000005e8      0x1b0 ..\obj\stm32f0xx_gpio.o
 .debug_frame   0x00000798       0x6c ..\obj\system_stm32f0xx.o
 .debug_frame   0x00000804      0x10c ..\obj\stm32f0xx_exti.o
 .debug_frame   0x00000910      0x110 ..\obj\stm32f0xx_syscfg.o
 .debug_frame   0x00000a20       0x70 ..\obj\stm32f0xx_misc.o
 .debug_frame   0x00000a90       0x20 c:/program files/gnu tools arm embedded/4.7 2013q3/bin/../lib/gcc/arm-none-eabi/4.7.4/armv6-m\libgcc.a(_divsi3.o)
