
Discarded input sections

 .text          0x00000000        0x0 ..\obj\stm32l1xx_gpio.o
 .data          0x00000000        0x0 ..\obj\stm32l1xx_gpio.o
 .bss           0x00000000        0x0 ..\obj\stm32l1xx_gpio.o
 .text.GPIO_DeInit
                0x00000000      0x150 ..\obj\stm32l1xx_gpio.o
 .text.GPIO_StructInit
                0x00000000       0x3c ..\obj\stm32l1xx_gpio.o
 .text.GPIO_PinLockConfig
                0x00000000       0x44 ..\obj\stm32l1xx_gpio.o
 .text.GPIO_ReadInputData
                0x00000000       0x1c ..\obj\stm32l1xx_gpio.o
 .text.GPIO_ReadOutputDataBit
                0x00000000       0x40 ..\obj\stm32l1xx_gpio.o
 .text.GPIO_ReadOutputData
                0x00000000       0x1c ..\obj\stm32l1xx_gpio.o
 .text.GPIO_SetBits
                0x00000000       0x1c ..\obj\stm32l1xx_gpio.o
 .text.GPIO_ResetBits
                0x00000000       0x1c ..\obj\stm32l1xx_gpio.o
 .text.GPIO_WriteBit
                0x00000000       0x30 ..\obj\stm32l1xx_gpio.o
 .text.GPIO_Write
                0x00000000       0x1c ..\obj\stm32l1xx_gpio.o
 .text.GPIO_ToggleBits
                0x00000000       0x28 ..\obj\stm32l1xx_gpio.o
 .text.GPIO_PinAFConfig
                0x00000000       0xa8 ..\obj\stm32l1xx_gpio.o
 .text          0x00000000        0x0 ..\obj\startup_stm32l1xx_md.o
 .data          0x00000000        0x0 ..\obj\startup_stm32l1xx_md.o
 .bss           0x00000000        0x0 ..\obj\startup_stm32l1xx_md.o
 .text          0x00000000        0x0 ..\obj\stm32l1xx_rcc.o
 .data          0x00000000       0x1c ..\obj\stm32l1xx_rcc.o
 .bss           0x00000000        0x0 ..\obj\stm32l1xx_rcc.o
 .text.RCC_DeInit
                0x00000000       0x9c ..\obj\stm32l1xx_rcc.o
 .text.RCC_HSEConfig
                0x00000000       0x30 ..\obj\stm32l1xx_rcc.o
 .text.RCC_WaitForHSEStartUp
                0x00000000       0x64 ..\obj\stm32l1xx_rcc.o
 .text.RCC_AdjustMSICalibrationValue
                0x00000000       0x20 ..\obj\stm32l1xx_rcc.o
 .text.RCC_MSIRangeConfig
                0x00000000       0x40 ..\obj\stm32l1xx_rcc.o
 .text.RCC_MSICmd
                0x00000000       0x20 ..\obj\stm32l1xx_rcc.o
 .text.RCC_AdjustHSICalibrationValue
                0x00000000       0x48 ..\obj\stm32l1xx_rcc.o
 .text.RCC_HSICmd
                0x00000000       0x20 ..\obj\stm32l1xx_rcc.o
 .text.RCC_LSEConfig
                0x00000000       0x30 ..\obj\stm32l1xx_rcc.o
 .text.RCC_LSICmd
                0x00000000       0x20 ..\obj\stm32l1xx_rcc.o
 .text.RCC_PLLConfig
                0x00000000       0x34 ..\obj\stm32l1xx_rcc.o
 .text.RCC_PLLCmd
                0x00000000       0x20 ..\obj\stm32l1xx_rcc.o
 .text.RCC_ClockSecuritySystemCmd
                0x00000000       0x20 ..\obj\stm32l1xx_rcc.o
 .text.RCC_LSEClockSecuritySystemCmd
                0x00000000       0x20 ..\obj\stm32l1xx_rcc.o
 .text.RCC_MCOConfig
                0x00000000       0x2c ..\obj\stm32l1xx_rcc.o
 .text.RCC_SYSCLKConfig
                0x00000000       0x40 ..\obj\stm32l1xx_rcc.o
 .text.RCC_GetSYSCLKSource
                0x00000000       0x20 ..\obj\stm32l1xx_rcc.o
 .text.RCC_HCLKConfig
                0x00000000       0x40 ..\obj\stm32l1xx_rcc.o
 .text.RCC_PCLK1Config
                0x00000000       0x40 ..\obj\stm32l1xx_rcc.o
 .text.RCC_PCLK2Config
                0x00000000       0x44 ..\obj\stm32l1xx_rcc.o
 .text.RCC_GetClocksFreq
                0x00000000      0x22c ..\obj\stm32l1xx_rcc.o
 .text.RCC_RTCCLKConfig
                0x00000000       0x84 ..\obj\stm32l1xx_rcc.o
 .text.RCC_RTCCLKCmd
                0x00000000       0x20 ..\obj\stm32l1xx_rcc.o
 .text.RCC_RTCResetCmd
                0x00000000       0x20 ..\obj\stm32l1xx_rcc.o
 .text.RCC_APB2PeriphClockCmd
                0x00000000       0x54 ..\obj\stm32l1xx_rcc.o
 .text.RCC_APB1PeriphClockCmd
                0x00000000       0x54 ..\obj\stm32l1xx_rcc.o
 .text.RCC_AHBPeriphResetCmd
                0x00000000       0x54 ..\obj\stm32l1xx_rcc.o
 .text.RCC_APB2PeriphResetCmd
                0x00000000       0x54 ..\obj\stm32l1xx_rcc.o
 .text.RCC_APB1PeriphResetCmd
                0x00000000       0x54 ..\obj\stm32l1xx_rcc.o
 .text.RCC_AHBPeriphClockLPModeCmd
                0x00000000       0x54 ..\obj\stm32l1xx_rcc.o
 .text.RCC_APB2PeriphClockLPModeCmd
                0x00000000       0x54 ..\obj\stm32l1xx_rcc.o
 .text.RCC_APB1PeriphClockLPModeCmd
                0x00000000       0x54 ..\obj\stm32l1xx_rcc.o
 .text.RCC_ITConfig
                0x00000000       0x60 ..\obj\stm32l1xx_rcc.o
 .text.RCC_GetFlagStatus
                0x00000000       0x7c ..\obj\stm32l1xx_rcc.o
 .text.RCC_ClearFlag
                0x00000000       0x24 ..\obj\stm32l1xx_rcc.o
 .text.RCC_GetITStatus
                0x00000000       0x40 ..\obj\stm32l1xx_rcc.o
 .text.RCC_ClearITPendingBit
                0x00000000       0x20 ..\obj\stm32l1xx_rcc.o
 .text          0x00000000        0x0 ..\obj\system_stm32l1xx.o
 .data          0x00000000       0x20 ..\obj\system_stm32l1xx.o
 .bss           0x00000000        0x0 ..\obj\system_stm32l1xx.o
 .text.SystemCoreClockUpdate
                0x00000000      0x1dc ..\obj\system_stm32l1xx.o
 .text          0x00000000        0x0 ..\obj\main.o
 .data          0x00000000        0x0 ..\obj\main.o
 .bss           0x00000000        0x0 ..\obj\main.o
 .text          0x00000000        0x0 ..\obj\stm32l1xx_syscfg.o
 .data          0x00000000        0x0 ..\obj\stm32l1xx_syscfg.o
 .bss           0x00000000        0x0 ..\obj\stm32l1xx_syscfg.o
 .text.SYSCFG_DeInit
                0x00000000       0x20 ..\obj\stm32l1xx_syscfg.o
 .text.SYSCFG_RIDeInit
                0x00000000       0x6c ..\obj\stm32l1xx_syscfg.o
 .text.SYSCFG_MemoryRemapConfig
                0x00000000       0x20 ..\obj\stm32l1xx_syscfg.o
 .text.SYSCFG_GetBootMode
                0x00000000       0x1c ..\obj\stm32l1xx_syscfg.o
 .text.SYSCFG_USBPuCmd
                0x00000000       0x4c ..\obj\stm32l1xx_syscfg.o
 .text.SYSCFG_EXTILineConfig
                0x00000000       0xb0 ..\obj\stm32l1xx_syscfg.o
 .text.SYSCFG_RITIMSelect
                0x00000000       0x40 ..\obj\stm32l1xx_syscfg.o
 .text.SYSCFG_RITIMInputCaptureConfig
                0x00000000       0xb0 ..\obj\stm32l1xx_syscfg.o
 .text.SYSCFG_RIResistorConfig
                0x00000000       0x54 ..\obj\stm32l1xx_syscfg.o
 .text.SYSCFG_RIChannelSpeedConfig
                0x00000000       0x50 ..\obj\stm32l1xx_syscfg.o
 .text.SYSCFG_RIIOSwitchConfig
                0x00000000       0xac ..\obj\stm32l1xx_syscfg.o
 .text.SYSCFG_RISwitchControlModeCmd
                0x00000000       0x4c ..\obj\stm32l1xx_syscfg.o
 .text.SYSCFG_RIHysteresisConfig
                0x00000000      0x208 ..\obj\stm32l1xx_syscfg.o
 .debug_info    0x00000000      0x463 ..\obj\stm32l1xx_syscfg.o
 .debug_abbrev  0x00000000      0x178 ..\obj\stm32l1xx_syscfg.o
 .debug_loc     0x00000000      0x2b4 ..\obj\stm32l1xx_syscfg.o
 .debug_aranges
                0x00000000       0x80 ..\obj\stm32l1xx_syscfg.o
 .debug_ranges  0x00000000       0x70 ..\obj\stm32l1xx_syscfg.o
 .debug_line    0x00000000      0x2a3 ..\obj\stm32l1xx_syscfg.o
 .debug_str     0x00000000      0x3bb ..\obj\stm32l1xx_syscfg.o
 .comment       0x00000000       0x71 ..\obj\stm32l1xx_syscfg.o
 .ARM.attributes
                0x00000000       0x33 ..\obj\stm32l1xx_syscfg.o
 .debug_frame   0x00000000      0x178 ..\obj\stm32l1xx_syscfg.o
 .text          0x00000000        0x0 ..\obj\misc.o
 .data          0x00000000        0x0 ..\obj\misc.o
 .bss           0x00000000        0x0 ..\obj\misc.o
 .text.NVIC_PriorityGroupConfig
                0x00000000       0x28 ..\obj\misc.o
 .text.NVIC_Init
                0x00000000       0xe4 ..\obj\misc.o
 .text.NVIC_SetVectorTable
                0x00000000       0x2c ..\obj\misc.o
 .text.NVIC_SystemLPConfig
                0x00000000       0x54 ..\obj\misc.o
 .text.SysTick_CLKSourceConfig
                0x00000000       0x4c ..\obj\misc.o
 .debug_info    0x00000000      0x592 ..\obj\misc.o
 .debug_abbrev  0x00000000      0x129 ..\obj\misc.o
 .debug_loc     0x00000000      0x118 ..\obj\misc.o
 .debug_aranges
                0x00000000       0x40 ..\obj\misc.o
 .debug_ranges  0x00000000       0x30 ..\obj\misc.o
 .debug_line    0x00000000      0x20e ..\obj\misc.o
 .debug_str     0x00000000      0x37b ..\obj\misc.o
 .comment       0x00000000       0x71 ..\obj\misc.o
 .ARM.attributes
                0x00000000       0x33 ..\obj\misc.o
 .debug_frame   0x00000000       0x9c ..\obj\misc.o

Memory Configuration

Name             Origin             Length             Attributes
rom              0x08000000         0x00008000         xr
ram              0x20000000         0x00001000         xrw
*default*        0x00000000         0xffffffff

Linker script and memory map

                0x20001000                _eram = 0x20001000

.text           0x08000000      0x828
 *(.isr_vector)
 .isr_vector    0x08000000       0xf4 ..\obj\startup_stm32l1xx_md.o
                0x08000000                g_pfnVectors
 *(.text*)
 .text.GPIO_Init
                0x080000f4      0x150 ..\obj\stm32l1xx_gpio.o
                0x080000f4                GPIO_Init
 .text.GPIO_ReadInputDataBit
                0x08000244       0x40 ..\obj\stm32l1xx_gpio.o
                0x08000244                GPIO_ReadInputDataBit
 .text.Default_Reset_Handler
                0x08000284       0x10 ..\obj\startup_stm32l1xx_md.o
                0x08000284                RTC_Alarm_IRQHandler
                0x08000284                EXTI2_IRQHandler
                0x08000284                TIM10_IRQHandler
                0x08000284                USB_HP_IRQHandler
                0x08000284                TIM6_IRQHandler
                0x08000284                PVD_IRQHandler
                0x08000284                EXTI3_IRQHandler
                0x08000284                EXTI0_IRQHandler
                0x08000284                I2C2_EV_IRQHandler
                0x08000284                SPI1_IRQHandler
                0x08000284                USB_FS_WKUP_IRQHandler
                0x08000284                DMA1_Channel4_IRQHandler
                0x08000284                ADC1_IRQHandler
                0x08000284                USART3_IRQHandler
                0x08000284                DMA1_Channel7_IRQHandler
                0x08000284                Reset_Handler
                0x08000284                LCD_IRQHandler
                0x08000284                TIM4_IRQHandler
                0x08000284                I2C1_EV_IRQHandler
                0x08000284                DMA1_Channel6_IRQHandler
                0x08000284                TIM3_IRQHandler
                0x08000284                RCC_IRQHandler
                0x08000284                DMA1_Channel1_IRQHandler
                0x08000284                EXTI15_10_IRQHandler
                0x08000284                Default_Reset_Handler
                0x08000284                TIM7_IRQHandler
                0x08000284                EXTI9_5_IRQHandler
                0x08000284                TIM9_IRQHandler
                0x08000284                TAMPER_STAMP_IRQHandler
                0x08000284                RTC_WKUP_IRQHandler
                0x08000284                SPI2_IRQHandler
                0x08000284                DMA1_Channel5_IRQHandler
                0x08000284                USB_LP_IRQHandler
                0x08000284                EXTI4_IRQHandler
                0x08000284                DMA1_Channel3_IRQHandler
                0x08000284                COMP_IRQHandler
                0x08000284                WWDG_IRQHandler
                0x08000284                TIM2_IRQHandler
                0x08000284                DAC_IRQHandler
                0x08000284                EXTI1_IRQHandler
                0x08000284                TIM11_IRQHandler
                0x08000284                USART2_IRQHandler
                0x08000284                I2C2_ER_IRQHandler
                0x08000284                DMA1_Channel2_IRQHandler
                0x08000284                FLASH_IRQHandler
                0x08000284                USART1_IRQHandler
                0x08000284                I2C1_ER_IRQHandler
 .text.Default_Handler
                0x08000294        0x8 ..\obj\startup_stm32l1xx_md.o
                0x08000294                DebugMon_Handler
                0x08000294                HardFault_Handler
                0x08000294                SysTick_Handler
                0x08000294                PendSV_Handler
                0x08000294                NMI_Handler
                0x08000294                UsageFault_Handler
                0x08000294                MemManage_Handler
                0x08000294                SVC_Handler
                0x08000294                BusFault_Handler
 .text.RCC_AHBPeriphClockCmd
                0x0800029c       0x54 ..\obj\stm32l1xx_rcc.o
                0x0800029c                RCC_AHBPeriphClockCmd
 .text.SystemInit
                0x080002f0       0xa8 ..\obj\system_stm32l1xx.o
                0x080002f0                SystemInit
 .text.SetSysClock
                0x08000398      0x1e0 ..\obj\system_stm32l1xx.o
 .text.InitLED  0x08000578       0x88 ..\obj\main.o
                0x08000578                InitLED
 .text.delay    0x08000600       0x2c ..\obj\main.o
                0x08000600                delay
 .text.DelayMS  0x0800062c       0x30 ..\obj\main.o
                0x0800062c                DelayMS
 .text.main     0x0800065c      0x1cc ..\obj\main.o
                0x0800065c                main
 *(.init)
 *(.fini)
 *crtbegin.o(.ctors)
 *crtbegin?.o(.ctors)
 *(EXCLUDE_FILE(*crtend.o *crtend?.o) .ctors)
 *(SORT(.ctors.*))
 *(.ctors)
 *crtbegin.o(.dtors)
 *crtbegin?.o(.dtors)
 *(EXCLUDE_FILE(*crtend.o *crtend?.o) .dtors)
 *(SORT(.dtors.*))
 *(.dtors)
 *(.rodata*)
 *(.eh_fram e*)

.glue_7         0x08000828        0x0
 .glue_7        0x00000000        0x0 linker stubs

.glue_7t        0x08000828        0x0
 .glue_7t       0x00000000        0x0 linker stubs

.vfp11_veneer   0x08000828        0x0
 .vfp11_veneer  0x00000000        0x0 linker stubs

.v4_bx          0x08000828        0x0
 .v4_bx         0x00000000        0x0 linker stubs

.iplt           0x08000828        0x0
 .iplt          0x00000000        0x0 ..\obj\stm32l1xx_gpio.o

.rel.dyn        0x08000828        0x0
 .rel.iplt      0x00000000        0x0 ..\obj\stm32l1xx_gpio.o

.ARM.extab
 *(.ARM.extab* .gnu.linkonce.armextab.*)
                0x08000828                __exidx_start = .

.ARM.exidx
 *(.ARM.exidx* .gnu.linkonce.armexidx.*)
                0x08000828                __exidx_end = .
                0x08000828                __etext = .
                0x08000828                _sidata = __etext

.data           0x20000000        0x0 load address 0x08000828
                0x20000000                __data_start__ = .
                0x20000000                _sdata = __data_start__
 *(vtable)
 *(.data*)
                0x20000000                . = ALIGN (0x4)
                0x20000000                PROVIDE (__preinit_array_start, .)
 *(.preinit_array)
                0x20000000                PROVIDE (__preinit_array_end, .)
                0x20000000                . = ALIGN (0x4)
                0x20000000                PROVIDE (__init_array_start, .)
 *(SORT(.init_array.*))
 *(.init_array)
                0x20000000                PROVIDE (__init_array_end, .)
                0x20000000                . = ALIGN (0x4)
                0x20000000                PROVIDE (__fini_array_start, .)
 *(SORT(.fini_array.*))
 *(.fini_array)
                0x20000000                PROVIDE (__fini_array_end, .)
 *(.jcr*)
                0x20000000                . = ALIGN (0x4)
                0x20000000                __data_end__ = .
                0x20000000                _edata = __data_end__

.igot.plt       0x20000000        0x0
 .igot.plt      0x00000000        0x0 ..\obj\stm32l1xx_gpio.o

.bss            0x20000000        0x0
                0x20000000                . = ALIGN (0x4)
                0x20000000                __bss_start__ = .
                0x20000000                _sbss = __bss_start__
 *(.bss*)
 *(COMMON)
                0x20000000                . = ALIGN (0x4)
                0x20000000                __bss_end__ = .
                0x20000000                _ebss = __bss_end__

.heap           0x20000000        0x0
                0x20000000                __end__ = .
                0x20000000                _end = __end__
                0x20000000                end = __end__
 *(.heap*)
                0x20000000                __HeapLimit = .

.co_stack       0x20000000      0x400
                0x20000000                . = ALIGN (0x8)
 *(.co_stack .co_stack.*)
 .co_stack      0x20000000      0x400 ..\obj\startup_stm32l1xx_md.o
                0x20000000                pulStack
                0x20001000                __StackTop = (ORIGIN (ram) + 0x1000)
                0x20000c00                __StackLimit = (__StackTop - SIZEOF (.co_stack))
                0x20001000                PROVIDE (__stack, __StackTop)
                0x00000001                ASSERT ((__StackLimit >= __HeapLimit), region ram  overflowed with stack)
LOAD ..\obj\stm32l1xx_gpio.o
LOAD ..\obj\startup_stm32l1xx_md.o
LOAD ..\obj\stm32l1xx_rcc.o
LOAD ..\obj\system_stm32l1xx.o
LOAD ..\obj\main.o
LOAD ..\obj\stm32l1xx_syscfg.o
LOAD ..\obj\misc.o
START GROUP
LOAD c:/program files/gnu tools arm embedded/4.7 2013q3/bin/../lib/gcc/arm-none-eabi/4.7.4/armv7-m\libgcc.a
LOAD c:/program files/gnu tools arm embedded/4.7 2013q3/bin/../lib/gcc/arm-none-eabi/4.7.4/../../../../arm-none-eabi/lib/armv7-m\libg.a
LOAD c:/program files/gnu tools arm embedded/4.7 2013q3/bin/../lib/gcc/arm-none-eabi/4.7.4/../../../../arm-none-eabi/lib/armv7-m\libc.a
END GROUP
OUTPUT(stm32l1-gpio.elf elf32-littlearm)

.debug_info     0x00000000     0x1b68
 .debug_info    0x00000000      0x68b ..\obj\stm32l1xx_gpio.o
 .debug_info    0x0000068b       0xd2 ..\obj\startup_stm32l1xx_md.o
 .debug_info    0x0000075d      0xacb ..\obj\stm32l1xx_rcc.o
 .debug_info    0x00001228      0x596 ..\obj\system_stm32l1xx.o
 .debug_info    0x000017be      0x3aa ..\obj\main.o

.debug_abbrev   0x00000000      0x6d4
 .debug_abbrev  0x00000000      0x1a5 ..\obj\stm32l1xx_gpio.o
 .debug_abbrev  0x000001a5       0x96 ..\obj\startup_stm32l1xx_md.o
 .debug_abbrev  0x0000023b      0x1e5 ..\obj\stm32l1xx_rcc.o
 .debug_abbrev  0x00000420      0x147 ..\obj\system_stm32l1xx.o
 .debug_abbrev  0x00000567      0x16d ..\obj\main.o

.debug_loc      0x00000000      0xd10
 .debug_loc     0x00000000      0x310 ..\obj\stm32l1xx_gpio.o
 .debug_loc     0x00000310       0x58 ..\obj\startup_stm32l1xx_md.o
 .debug_loc     0x00000368      0x82c ..\obj\stm32l1xx_rcc.o
 .debug_loc     0x00000b94       0x9c ..\obj\system_stm32l1xx.o
 .debug_loc     0x00000c30       0xe0 ..\obj\main.o

.debug_aranges  0x00000000      0x260
 .debug_aranges
                0x00000000       0x88 ..\obj\stm32l1xx_gpio.o
 .debug_aranges
                0x00000088       0x28 ..\obj\startup_stm32l1xx_md.o
 .debug_aranges
                0x000000b0      0x148 ..\obj\stm32l1xx_rcc.o
 .debug_aranges
                0x000001f8       0x30 ..\obj\system_stm32l1xx.o
 .debug_aranges
                0x00000228       0x38 ..\obj\main.o

.debug_ranges   0x00000000      0x210
 .debug_ranges  0x00000000       0x78 ..\obj\stm32l1xx_gpio.o
 .debug_ranges  0x00000078       0x18 ..\obj\startup_stm32l1xx_md.o
 .debug_ranges  0x00000090      0x138 ..\obj\stm32l1xx_rcc.o
 .debug_ranges  0x000001c8       0x20 ..\obj\system_stm32l1xx.o
 .debug_ranges  0x000001e8       0x28 ..\obj\main.o

.debug_line     0x00000000      0xd01
 .debug_line    0x00000000      0x306 ..\obj\stm32l1xx_gpio.o
 .debug_line    0x00000306       0x9b ..\obj\startup_stm32l1xx_md.o
 .debug_line    0x000003a1      0x4e4 ..\obj\stm32l1xx_rcc.o
 .debug_line    0x00000885      0x1c5 ..\obj\system_stm32l1xx.o
 .debug_line    0x00000a4a      0x2b7 ..\obj\main.o

.debug_str      0x00000000      0xbbc
 .debug_str     0x00000000      0x431 ..\obj\stm32l1xx_gpio.o
                                0x46d (size before relaxing)
 .debug_str     0x00000431       0x9c ..\obj\startup_stm32l1xx_md.o
                                0x100 (size before relaxing)
 .debug_str     0x000004cd      0x54a ..\obj\stm32l1xx_rcc.o
                                0x6b1 (size before relaxing)
 .debug_str     0x00000a17      0x12d ..\obj\system_stm32l1xx.o
                                0x2fb (size before relaxing)
 .debug_str     0x00000b44       0x78 ..\obj\main.o
                                0x331 (size before relaxing)

.comment        0x00000000       0x70
 .comment       0x00000000       0x70 ..\obj\stm32l1xx_gpio.o
                                 0x71 (size before relaxing)
 .comment       0x00000000       0x71 ..\obj\startup_stm32l1xx_md.o
 .comment       0x00000000       0x71 ..\obj\stm32l1xx_rcc.o
 .comment       0x00000000       0x71 ..\obj\system_stm32l1xx.o
 .comment       0x00000000       0x71 ..\obj\main.o

.ARM.attributes
                0x00000000       0x33
 .ARM.attributes
                0x00000000       0x33 ..\obj\stm32l1xx_gpio.o
 .ARM.attributes
                0x00000033       0x33 ..\obj\startup_stm32l1xx_md.o
 .ARM.attributes
                0x00000066       0x33 ..\obj\stm32l1xx_rcc.o
 .ARM.attributes
                0x00000099       0x33 ..\obj\system_stm32l1xx.o
 .ARM.attributes
                0x000000cc       0x33 ..\obj\main.o

.debug_frame    0x00000000      0x700
 .debug_frame   0x00000000      0x19c ..\obj\stm32l1xx_gpio.o
 .debug_frame   0x0000019c       0x44 ..\obj\startup_stm32l1xx_md.o
 .debug_frame   0x000001e0      0x430 ..\obj\stm32l1xx_rcc.o
 .debug_frame   0x00000610       0x64 ..\obj\system_stm32l1xx.o
 .debug_frame   0x00000674       0x8c ..\obj\main.o
